Component: ARM Compiler 5.06 update 6 (build 750) Tool: armlink [4d35ed]

==============================================================================

Section Cross References

    system_mm32f032xx_s.o(i.AutoCalPllFactor) refers to uidiv.o(.text) for __aeabi_uidivmod
    system_mm32f032xx_s.o(i.SetSysClock) refers to system_mm32f032xx_s.o(i.SetSysClockTo48_HSI) for SetSysClockTo48_HSI
    system_mm32f032xx_s.o(i.SetSysClockTo48_HSI) refers to uidiv.o(.text) for __aeabi_uidivmod
    system_mm32f032xx_s.o(i.SetSysClockTo48_HSI) refers to system_mm32f032xx_s.o(i.AutoCalPllFactor) for AutoCalPllFactor
    system_mm32f032xx_s.o(i.SetSysClockTo48_HSI) refers to system_mm32f032xx_s.o(.data) for SystemCoreClock
    system_mm32f032xx_s.o(i.SystemInit) refers to system_mm32f032xx_s.o(i.SetSysClock) for SetSysClock
    startup_mm32f032xx_s_keil.o(RESET) refers to startup_mm32f032xx_s_keil.o(STACK) for __initial_sp
    startup_mm32f032xx_s_keil.o(RESET) refers to startup_mm32f032xx_s_keil.o(.text) for Reset_Handler
    startup_mm32f032xx_s_keil.o(RESET) refers to port.o(.emb_text) for PendSV_Handler
    startup_mm32f032xx_s_keil.o(RESET) refers to port.o(i.SysTick_Handler) for SysTick_Handler
    startup_mm32f032xx_s_keil.o(RESET) refers to porting_misc.o(i.EXTI4_15_IRQHandler) for EXTI4_15_IRQHandler
    startup_mm32f032xx_s_keil.o(RESET) refers to spi.o(i.DMA1_Channel2_3_IRQHandler) for DMA1_Channel2_3_IRQHandler
    startup_mm32f032xx_s_keil.o(RESET) refers to spi.o(i.DMA1_Channel4_5_IRQHandler) for DMA1_Channel4_5_IRQHandler
    startup_mm32f032xx_s_keil.o(RESET) refers to uart_1.o(i.UART1_IRQHandler) for UART1_IRQHandler
    startup_mm32f032xx_s_keil.o(.text) refers to startup_mm32f032xx_s_keil.o(STACK) for __initial_sp
    startup_mm32f032xx_s_keil.o(.text) refers to system_mm32f032xx_s.o(i.SystemInit) for SystemInit
    startup_mm32f032xx_s_keil.o(.text) refers to entry.o(.ARM.Collect$$$$00000000) for __main
    main.o(i.AppTaskCreate) refers to tasks.o(i.xTaskCreate) for xTaskCreate
    main.o(i.AppTaskCreate) refers to printf8.o(i.__0printf$8) for __2printf
    main.o(i.AppTaskCreate) refers to main.o(i.rf_Stack_task) for rf_Stack_task
    main.o(i.RF_Open) refers to systick_1.o(i.SysTick_DelayMs) for SysTick_DelayMs
    main.o(i.RF_Open) refers to porting_misc.o(i.MCU_GpioResetInit) for MCU_GpioResetInit
    main.o(i.RF_Open) refers to porting_misc.o(i.MCU_GpioReset) for MCU_GpioReset
    main.o(i.RF_Open) refers to porting_misc.o(i.RF_SpiIoMapping) for RF_SpiIoMapping
    main.o(i.RF_Open) refers to rf_phy.o(i.RF_Init) for RF_Init
    main.o(i.main) refers to systick_1.o(i.delay_init) for delay_init
    main.o(i.main) refers to bsp_led.o(i.BSP_LED_Init) for BSP_LED_Init
    main.o(i.main) refers to main.o(i.NVIC_SetPriority) for NVIC_SetPriority
    main.o(i.main) refers to uart_1.o(i.UARTx_Configure) for UARTx_Configure
    main.o(i.main) refers to main.o(i.RF_Open) for RF_Open
    main.o(i.main) refers to systick_1.o(i.SysTick_DelayMs) for SysTick_DelayMs
    main.o(i.main) refers to printf8.o(i.__0printf$8) for __2printf
    main.o(i.main) refers to rf_phy.o(i.ChipId_Get) for ChipId_Get
    main.o(i.main) refers to ble_cmd.o(i.setBLE_BleDeviceAddr) for setBLE_BleDeviceAddr
    main.o(i.main) refers to user.o(i.BleApp_Init) for BleApp_Init
    main.o(i.main) refers to main.o(i.AppTaskCreate) for AppTaskCreate
    main.o(i.main) refers to tasks.o(i.vTaskStartScheduler) for vTaskStartScheduler
    main.o(i.rf_Stack_task) refers to kernel.o(i.Ble_Kernel_Root) for Ble_Kernel_Root
    main.o(i.rf_Stack_task) refers to user.o(i.BleApp_Main) for BleApp_Main
    main.o(i.vAppTask1) refers to hal_gpio.o(i.GPIO_ReadOutputDataBit) for GPIO_ReadOutputDataBit
    main.o(i.vAppTask1) refers to hal_gpio.o(i.GPIO_WriteBit) for GPIO_WriteBit
    main.o(i.vAppTask1) refers to tasks.o(i.vTaskDelay) for vTaskDelay
    user.o(i.BleApp_Init) refers to ble_event.o(i.setBLE_RegisterBleEvent) for setBLE_RegisterBleEvent
    user.o(i.BleApp_Init) refers to user.o(i.BleEvent_Callback) for BleEvent_Callback
    user.o(i.BleApp_Main) refers to user.o(i.Ble_Slave_StartADV) for Ble_Slave_StartADV
    user.o(i.BleApp_Main) refers to host.o(i.ATT_HDL_Notify) for ATT_HDL_Notify
    user.o(i.BleApp_Main) refers to user.o(.data) for ble_state
    user.o(i.BleApp_Main) refers to user.o(.bss) for txDataBuffer
    user.o(i.BleApp_Main) refers to profile_tab.o(.bss) for att_HDL_UDF01S_UDATN01
    user.o(i.BleApp_Main) refers to profile_tab.o(.data) for att_HDL_UDF01S_UDATN01_MEASUREMENT_CLIENT_CHARACTERISTIC_CONFIGURATION
    user.o(i.BleApp_Main) refers to profile_tab.o(.constdata) for ATT_HDL_UDF01S_UDATN01_INIT
    user.o(i.BleEvent_Callback) refers to kernel.o(i.__ARM_common_switch8) for __ARM_common_switch8
    user.o(i.BleEvent_Callback) refers to printf8.o(i.__0printf$8) for __2printf
    user.o(i.BleEvent_Callback) refers to ble_cmd.o(i.setBLE_Pairing_PassKey) for setBLE_Pairing_PassKey
[...]
    HCI_fsm                                  0x0800c074   Data         100  hci.o(.constdata)
    TAB_SUPPORTED_COMMANDS_MASK              0x0800c0d8   Data          64  hci.o(.constdata)
    TAB_LMP_FEATURES_MASK                    0x0800c118   Data           8  hci.o(.constdata)
    L2CAP_fsm                                0x0800c120   Data           4  l2cap.o(.constdata)
    Prcss_BLE_CODE_SMP                       0x0800c124   Data          48  mmi.o(.constdata)
    Prcss_BLE_OPCODE_ATT                     0x0800c154   Data         124  mmi.o(.constdata)
    Prcss_L2CAP_CID                          0x0800c1d0   Data          28  mmi.o(.constdata)
    UUID_BLUETOOTH_BASE                      0x0800c1ec   Data          16  rffunction.o(.constdata)
    Region$$Table$$Base                      0x0800c248   Number         0  anon$$obj.o(Region$$Table)
    Region$$Table$$Limit                     0x0800c268   Number         0  anon$$obj.o(Region$$Table)
    SystemCoreClock                          0x20000000   Data           4  system_mm32f032xx_s.o(.data)
    AHBPrescTable                            0x20000004   Data          16  system_mm32f032xx_s.o(.data)
    connId                                   0x20000014   Data           1  user.o(.data)
    ble_state                                0x20000015   Data           1  user.o(.data)
    txDataLength                             0x20000016   Data           1  user.o(.data)
    tx_data_transmit_enable                  0x20000017   Data           1  user.o(.data)
    SPI_DMATxFlag                            0x20000018   Data           1  spi.o(.data)
    SPI_DMARxFlag                            0x20000019   Data           1  spi.o(.data)
    SysTick_DelayTicks                       0x2000001c   Data           4  systick_1.o(.data)
    transport_flag                           0x20000024   Data           1  uart_1.o(.data)
    UART_RX_STA                              0x20000026   Data           2  uart_1.o(.data)
    DMA_data                                 0x20000028   Data           2  uart_1.o(.data)
    DMA_data_first                           0x2000002a   Data           2  uart_1.o(.data)
    tbPresc                                  0x2000002c   Data          16  hal_rcc.o(.data)
    pxCurrentTCB                             0x2000003c   Data           4  tasks.o(.data)
    att_HDL_GAP_DEVICE_NAME                  0x200000b0   Data           8  profile_tab.o(.data)
    att_HDL_GAP_RECONNECTION_ADDRESS         0x200000b8   Data           6  profile_tab.o(.data)
    att_HDL_GATT_SERVICE_CHANGED             0x200000be   Data           4  profile_tab.o(.data)
    att_HDL_GATT_CLIENT_CHARACTERISTIC_CONFIGURATION 0x200000c2   Data           2  profile_tab.o(.data)
    att_HDL_UDF01S_UDATN01_MEASUREMENT_CLIENT_CHARACTERISTIC_CONFIGURATION 0x200000c4   Data           2  profile_tab.o(.data)
    ATTRIBUTE_SERVER_PARAM                   0x200000c8   Data         188  profile_tab.o(.data)
    ATTRIBUTE_SERVER                         0x20000184   Data         188  profile_tab.o(.data)
    ATTRIBUTE_SERVER_PERMISSION              0x20000240   Data         188  profile_tab.o(.data)
    size_ATTRIBUTE_SERVER                    0x200002fc   Data           1  profile_tab.o(.data)
    bleEventCallBack                         0x20000300   Data           4  ble_event.o(.data)
    bleAddr_param                            0x20000304   Data           7  host.o(.data)
    ble_device_param                         0x2000030b   Data           8  host.o(.data)
    MBlk_depth_Remaining                     0x20000314   Data           1  kernel.o(.data)
    MBlk_depth_Rsv                           0x20000315   Data           1  kernel.o(.data)
    MBlk_Free                                0x20000318   Data           4  kernel.o(.data)
    RX_CRC_valid_flag                        0x20000320   Data           1  ll.o(.data)
    FT_WakeupFlag                            0x20000321   Data           1  ll.o(.data)
    LL_ConnDataTmpGate                       0x20000322   Data           1  ll.o(.data)
    LL_ConnID_Remaining                      0x20000323   Data           1  ll.o(.data)
    TBlk_Free_LL                             0x20000324   Data           1  ll.o(.data)
    TBlk_InUse_LL                            0x20000325   Data           1  ll.o(.data)
    LL_SMP_DataCh                            0x20000326   Data           1  ll.o(.data)
    status_LL_Tmr                            0x20000327   Data           1  ll.o(.data)
    anchor_LL_Tmr                            0x20000328   Data           1  ll.o(.data)
    LL_Msg_AdvScnConn                        0x20000329   Data           1  ll.o(.data)
    LL_Msg_AdvScnConnUpd                     0x2000032a   Data           1  ll.o(.data)
    LL_Msg_AdvScnConnUpdSts                  0x2000032b   Data           1  ll.o(.data)
    RF_Msg_RF0INT                            0x2000032c   Data           1  ll.o(.data)
    LL_DurRxPktAccu                          0x2000032e   Data           2  ll.o(.data)
    LL_ConnBuffPt                            0x20000330   Data           4  ll.o(.data)
    LL_Adv_Data_Buf                          0x20000334   Data           4  ll.o(.data)
    LL_Ref_Default_PHY                       0x20000338   Data           4  ll.o(.data)
    tblk_LL_pi                               0x2000033c   Data           4  ll.o(.data)
    tblk_LL_pi2                              0x20000340   Data           4  ll.o(.data)
    LL_conn_pi                               0x20000344   Data           4  ll.o(.data)
    mblk_LL_conn_Para                        0x20000348   Data           4  ll.o(.data)
    LL_Slv_Win_Width                         0x2000034c   Data           4  ll.o(.data)
    LL_Slv_Win_Width_Base                    0x20000350   Data           4  ll.o(.data)
    seedR16                                  0x20000354   Data           4  ll.o(.data)
    LL_Ref_Acs_Addr_ADVSCN                   0x20000358   Data           4  ll.o(.data)
    LL_Ref_crc_ini_ADVSCN                    0x2000035c   Data           4  ll.o(.data)
    Ch_ADV_Ch_Hop_Table                      0x20000360   Data           4  ll.o(.data)
    Ch_ADV_Ch_Hop_TableBuf                   0x20000364   Data           4  ll.o(.data)
    LL_Ref_ChMap                             0x20000368   Data           5  ll.o(.data)
    BD_Rand_Addr                             0x2000036d   Data           6  ll.o(.data)
    BD_Rand_AddrBuf                          0x20000373   Data           6  ll.o(.data)
    LL_ConnDataQ                             0x2000037c   Data           8  ll.o(.data)
    LL_ConnCtrlQ                             0x20000384   Data           8  ll.o(.data)
    LL_ConnDataInQ                           0x2000038c   Data           8  ll.o(.data)
    LL_ConnDataInTmp                         0x20000394   Data           8  ll.o(.data)
    LL_ConnBuffPrcs                          0x2000039c   Data           8  ll.o(.data)
    LL_ConnBuffPrcsR                         0x200003a4   Data           8  ll.o(.data)
    Tmr37                                    0x200003b0   Data           8  ll.o(.data)
    LL_Length_Prefer                         0x200003b8   Data           8  ll.o(.data)
    MsgQueueEC                               0x200003c0   Data           8  ll.o(.data)
    RfVolt_new                               0x200003c8   Data           1  rf_phy.o(.data)
    Content_ioInt                            0x200003c9   Data           1  rf_phy.o(.data)
    Content_ioInt_exceptTmr                  0x200003ca   Data           1  rf_phy.o(.data)
    rssiOffsetValue                          0x200003cb   Data           1  rf_phy.o(.data)
    g16MHzClkOut                             0x200003cc   Data           1  rf_phy.o(.data)
    rf_initial_flag                          0x200003cd   Data           1  rf_phy.o(.data)
    gSleep                                   0x200003ce   Data           1  rf_phy.o(.data)
    LL_Tmr_Ticks_RSV_Wakeup                  0x200003cf   Data           1  rf_phy.o(.data)
    rssi_read_data                           0x200003d1   Data           3  rf_phy.o(.data)
    Timeline24                               0x200003d4   Data           4  rf_phy.o(.data)
    Tmr16Interval                            0x200003d8   Data           4  rf_phy.o(.data)
    addr_TxFIFO                              0x200003dc   Data           4  rf_phy.o(.data)
    txpower_0dbm_reg                         0x200003e0   Data           4  rf_phy.o(.data)
    txpower_4dbm_reg                         0x200003e4   Data           4  rf_phy.o(.data)
    txpower_8dbm_reg                         0x200003e8   Data           4  rf_phy.o(.data)
    txpower_10dbm_reg                        0x200003ec   Data           4  rf_phy.o(.data)
    Phy_pll_bank                             0x200003f0   Data           5  rf_phy.o(.data)
    Event_Mask2                              0x20000400   Data           1  hci.o(.data)
    LE_Event_Mask                            0x20000401   Data           3  hci.o(.data)
    mhcCallBack                              0x20000404   Data           4  hci.o(.data)
    Event_Mask                               0x20000408   Data           5  hci.o(.data)
    ATT_INDICATION_Packet_Sent               0x2000040d   Data           1  mmi.o(.data)
    ATT_WRITE_REQUEST_Packet_Sent            0x2000040e   Data           1  mmi.o(.data)
    r_AES_INI                                0x2000040f   Data          16  rffunction.o(.data)
    RSP_PAIRING_REQUEST                      0x2000041f   Data          11  rffunction.o(.data)
    LTK_FIXED                                0x2000042a   Data          16  rffunction.o(.data)
    EDIV_FIXED                               0x2000043a   Data           2  rffunction.o(.data)
    RAND_FIXED                               0x2000043c   Data           8  rffunction.o(.data)
    IRK_FIXED                                0x20000444   Data          16  rffunction.o(.data)
    CSRK_FIXED                               0x20000454   Data          16  rffunction.o(.data)
    SEL_STK_GEN_MTHD                         0x20000464   Data          25  rffunction.o(.data)
    aTT_MTU                                  0x2000047d   Data           1  rffunction.o(.data)
    smp_Authorization                        0x2000047e   Data           1  rffunction.o(.data)
    smp_Encryption                           0x2000047f   Data           1  rffunction.o(.data)
    smp_Security_Mode                        0x20000480   Data           1  rffunction.o(.data)
    smp_PReq_IO_Capab                        0x20000481   Data           1  rffunction.o(.data)
    smp_PReq_OOB_data                        0x20000482   Data           1  rffunction.o(.data)
    smp_PReq_Init_Key_Distr                  0x20000483   Data           1  rffunction.o(.data)
    smp_PReq_Resp_Key_Distr                  0x20000484   Data           1  rffunction.o(.data)
    smp_Local_Addr                           0x20000485   Data           8  rffunction.o(.data)
    smp_Phase                                0x2000048d   Data           1  rffunction.o(.data)
    smp_TempDef                              0x2000048e   Data           1  rffunction.o(.data)
    smp_Rand                                 0x2000048f   Data           8  rffunction.o(.data)
    smp_EDIV                                 0x20000497   Data           2  rffunction.o(.data)
    smp_Local_Addr_advTemp                   0x20000499   Data           8  rffunction.o(.data)
    __stdout                                 0x200004a4   Data           4  stdout.o(.data)
    txDataBuffer                             0x200004a8   Data         247  user.o(.bss)
    gSendBuff                                0x2000059f   Data         100  uart_1.o(.bss)
    rf_Buff                                  0x20000603   Data         100  uart_1.o(.bss)
    UART_RX_BUF                              0x20000667   Data         200  uart_1.o(.bss)
    xQueueRegistry                           0x20000730   Data          64  queue.o(.bss)
    att_HDL_UDF01S_UDATN01                   0x200021c4   Data         244  profile_tab.o(.bss)
    att_HDL_UDF01S_UDATRW01                  0x200022b8   Data         244  profile_tab.o(.bss)
    MsgBlk                                   0x200023ac   Data        2340  kernel.o(.bss)
    MsgQueue                                 0x20002cd0   Data          40  kernel.o(.bss)
    LL_Adv_Para                              0x20002cf8   Data          92  ll.o(.bss)
    LL_Adv_Para_UpdBuf                       0x20002d54   Data          92  ll.o(.bss)
    LL_Scan_Para                             0x20002db0   Data          12  ll.o(.bss)
    LL_Scan_Para_UpdBuf                      0x20002dbc   Data          12  ll.o(.bss)
    LL_Conn_Para                             0x20002dc8   Data         136  ll.o(.bss)
    LL_Init_Para                             0x20002e50   Data          28  ll.o(.bss)
    LL_WhiteList_Para                        0x20002e6c   Data          28  ll.o(.bss)
    LL_Para_Interval                         0x20002e88   Data          36  ll.o(.bss)
    LL_Para_IntervalR                        0x20002eac   Data         259  ll.o(.bss)
    TmrBlk_LL                                0x20002fb0   Data          32  ll.o(.bss)
    ram_Tab                                  0x20002fd0   Data          48  ll.o(.bss)
    RFIP_reg_MEM                             0x20003000   Data          13  rf_phy.o(.bss)
    CH_PLL_bank_Table                        0x2000300d   Data          40  rf_phy.o(.bss)
    L2CAP_Buf                                0x20003035   Data         253  l2cap.o(.bss)
    SPIBuffer                                0x20003134   Data         251  rffunction.o(.bss)
    q_att_HDL_PreWr                          0x2000322f   Data          48  rffunction.o(.bss)
    CmdTimer                                 0x20003260   Data          36  rffunction.o(.bss)
    k_AES_passkey                            0x20003284   Data          16  rffunction.o(.bss)
    smp_Para_Bond                            0x20003294   Data          37  rffunction.o(.bss)
    rsp_pairing_request_table                0x200032b9   Data          11  rffunction.o(.bss)
    smp_Temp16                               0x200032c4   Data          16  rffunction.o(.bss)
    smp_IRKm                                 0x200032d4   Data          16  rffunction.o(.bss)
    smp_CSRKm                                0x200032e4   Data          16  rffunction.o(.bss)
    r_AES                                    0x200032f4   Data          16  rffunction.o(.bss)
    LTK                                      0x20003304   Data          16  rffunction.o(.bss)
    LTK_SEED                                 0x20003314   Data          10  rffunction.o(.bss)
    SECBuffer                                0x2000331e   Data          42  rffunction.o(.bss)
    __initial_sp                             0x20003748   Data           0  startup_mm32f032xx_s_keil.o(STACK)



==============================================================================

Memory Map of the image

  Image Entry point : 0x080000c1

  Load Region LR_IROM1 (Base: 0x08000000, Size: 0x0000c710, Max: 0x00010000, ABSOLUTE, COMPRESSED[0x0000c494])

    Execution Region ER_IROM1 (Exec base: 0x08000000, Load base: 0x08000000, Size: 0x0000c268, Max: 0x00010000, ABSOLUTE)

    Exec Addr    Load Addr    Size         Type   Attr      Idx    E Section Name        Object

    0x08000000   0x08000000   0x000000c0   Data   RO           72    RESET               startup_mm32f032xx_s_keil.o
    0x080000c0   0x080000c0   0x00000000   Code   RO         7603  * .ARM.Collect$$$$00000000  mc_p.l(entry.o)
    0x080000c0   0x080000c0   0x00000004   Code   RO         7881    .ARM.Collect$$$$00000001  mc_p.l(entry2.o)
    0x080000c4   0x080000c4   0x00000004   Code   RO         7884    .ARM.Collect$$$$00000004  mc_p.l(entry5.o)
    0x080000c8   0x080000c8   0x00000000   Code   RO         7886    .ARM.Collect$$$$00000008  mc_p.l(entry7b.o)
    0x080000c8   0x080000c8   0x00000000   Code   RO         7888    .ARM.Collect$$$$0000000A  mc_p.l(entry8b.o)
    0x080000c8   0x080000c8   0x00000008   Code   RO         7889    .ARM.Collect$$$$0000000B  mc_p.l(entry9a.o)
    0x080000d0   0x080000d0   0x00000000   Code   RO         7891    .ARM.Collect$$$$0000000D  mc_p.l(entry10a.o)
    0x080000d0   0x080000d0   0x00000000   Code   RO         7893    .ARM.Collect$$$$0000000F  mc_p.l(entry11a.o)
    0x080000d0   0x080000d0   0x00000004   Code   RO         7882    .ARM.Collect$$$$00002712  mc_p.l(entry2.o)
    0x080000d4   0x080000d4   0x00000078   Code   RO         4434    .emb_text           port.o
    0x0800014c   0x0800014c   0x00000006   Code   RO         4682    .emb_text           porting_lltimer.o
    0x08000152   0x08000152   0x00000002   PAD
    0x08000154   0x08000154   0x00000058   Code   RO           73    .text               startup_mm32f032xx_s_keil.o
    0x080001ac   0x080001ac   0x0000002c   Code   RO         7606    .text               mc_p.l(uidiv.o)
    0x080001d8   0x080001d8   0x00000028   Code   RO         7608    .text               mc_p.l(idiv.o)
    0x08000200   0x08000200   0x00000024   Code   RO         7610    .text               mc_p.l(memcpya.o)
    0x08000224   0x08000224   0x00000024   Code   RO         7614    .text               mc_p.l(memseta.o)
    0x08000248   0x08000248   0x00000060   Code   RO         7896    .text               mc_p.l(uldiv.o)
    0x080002a8   0x080002a8   0x00000024   Code   RO         7909    .text               mc_p.l(init.o)
    0x080002cc   0x080002cc   0x00000020   Code   RO         7911    .text               mc_p.l(llshl.o)
    0x080002ec   0x080002ec   0x00000022   Code   RO         7913    .text               mc_p.l(llushr.o)
    0x0800030e   0x0800030e   0x00000056   Code   RO         7928    .text               mc_p.l(__dczerorl2.o)
    0x08000364   0x08000364   0x00000080   Code   RO         5162    i.ATT_HDL_Notify    Rafael_BLE_MM32F032xx_s.lib(host.o)
    0x080003e4   0x080003e4   0x00000002   Code   RO         4734    i.ATT_HDL_Rd_NULL   profile_tab.o
    0x080003e6   0x080003e6   0x00000002   Code   RO         4735    i.ATT_HDL_Rd_UDF01S_UDATN01  profile_tab.o
    0x080003e8   0x080003e8   0x00000002   Code   RO         4736    i.ATT_HDL_Rd_UDF01S_UDATR01  profile_tab.o
    0x080003ea   0x080003ea   0x00000002   Code   RO         4737    i.ATT_HDL_Rd_UDF01S_UDATRW01  profile_tab.o
    0x080003ec   0x080003ec   0x00000002   Code   RO         4738    i.ATT_HDL_Wr_NULL   profile_tab.o
    0x080003ee   0x080003ee   0x00000012   Code   RO         4739    i.ATT_HDL_Wr_UDF01S_UDATRW01  profile_tab.o
    0x08000400   0x08000400   0x0000003c   Code   RO           79    i.AppTaskCreate     main.o
    0x0800043c   0x0800043c   0x0000006a   Code   RO            3    i.AutoCalPllFactor  system_mm32f032xx_s.o
    0x080004a6   0x080004a6   0x00000002   PAD
    0x080004a8   0x080004a8   0x00000064   Code   RO          385    i.BSP_LED_Init      bsp_led.o
    0x0800050c   0x0800050c   0x00000060   Code   RO         4610    i.BSP_SPI_BLE_Init  porting_spi.o
    0x0800056c   0x0800056c   0x00000010   Code   RO          307    i.BleApp_Init       user.o
    0x0800057c   0x0800057c   0x00000084   Code   RO          308    i.BleApp_Main       user.o
    0x08000600   0x08000600   0x000001bc   Code   RO          309    i.BleEvent_Callback  user.o
    0x080007bc   0x080007bc   0x0000000c   Code   RO         6789    i.BleMHC_PostEvent  Rafael_BLE_MM32F032xx_s.lib(hci.o)
    0x080007c8   0x080007c8   0x0000000c   Code   RO         6373    i.BleTxFIFOAddr_Get  Rafael_BLE_MM32F032xx_s.lib(rf_phy.o)
    0x080007d4   0x080007d4   0x0000003c   Code   RO         5572    i.Ble_EC_Chk_Isr    Rafael_BLE_MM32F032xx_s.lib(ll.o)
    0x08000810   0x08000810   0x000000b4   Code   RO         5278    i.Ble_Kernel_Root   Rafael_BLE_MM32F032xx_s.lib(kernel.o)
    0x080008c4   0x080008c4   0x00000044   Code   RO         6374    i.Ble_SW_Init       Rafael_BLE_MM32F032xx_s.lib(rf_phy.o)
    0x08000908   0x08000908   0x00000020   Code   RO          312    i.Ble_Slave_AdvInit  user.o
    0x08000928   0x08000928   0x00000024   Code   RO          313    i.Ble_Slave_StartADV  user.o
    0x0800094c   0x0800094c   0x00000034   Code   RO         5282    i.CheckMsgBlk_L2_wSizeUsed_Isr  Rafael_BLE_MM32F032xx_s.lib(kernel.o)
    0x08000980   0x08000980   0x00000020   Code   RO         5283    i.CheckMsgQueue     Rafael_BLE_MM32F032xx_s.lib(kernel.o)
    0x080009a0   0x080009a0   0x00000014   Code   RO         7011    i.CheckValid_L2CAP_Buf  Rafael_BLE_MM32F032xx_s.lib(l2cap.o)
    0x080009b4   0x080009b4   0x0000000c   Code   RO         6375    i.ChipId_Get        Rafael_BLE_MM32F032xx_s.lib(rf_phy.o)
    0x080009c0   0x080009c0   0x0000003c   Code   RO          408    i.DMA1_Channel2_3_IRQHandler  spi.o
    0x080009fc   0x080009fc   0x0000003c   Code   RO          409    i.DMA1_Channel4_5_IRQHandler  spi.o
    0x08000a38   0x08000a38   0x0000000c   Code   RO          999    i.DMA_ClearFlag     hal_dma.o
    0x08000a44   0x08000a44   0x0000000c   Code   RO         1000    i.DMA_ClearITPendingBit  hal_dma.o
    0x08000a50   0x08000a50   0x0000000c   Code   RO         1001    i.DMA_Cmd           hal_dma.o
    0x08000a5c   0x08000a5c   0x00000064   Code   RO          553    i.DMA_Config        uart_1.o
    0x08000ac0   0x08000ac0   0x00000038   Code   RO         1002    i.DMA_DeInit        hal_dma.o
    0x08000af8   0x08000af8   0x0000000e   Code   RO          554    i.DMA_Enable        uart_1.o
    0x08000b06   0x08000b06   0x00000008   Code   RO         1003    i.DMA_GetCurrDataCounter  hal_dma.o
    0x08000b0e   0x08000b0e   0x00000002   PAD
    0x08000b10   0x08000b10   0x00000018   Code   RO         1005    i.DMA_GetITStatus   hal_dma.o
    0x08000b28   0x08000b28   0x00000014   Code   RO         1006    i.DMA_ITConfig      hal_dma.o
    0x08000b3c   0x08000b3c   0x0000004c   Code   RO         1007    i.DMA_Init          hal_dma.o
    0x08000b88   0x08000b88   0x0000001c   Code   RO         1008    i.DMA_StructInit    hal_dma.o
    0x08000ba4   0x08000ba4   0x000000e8   Code   RO         5573    i.ECHC_LE_Ctrl_Pkt  Rafael_BLE_MM32F032xx_s.lib(ll.o)
    0x08000c8c   0x08000c8c   0x00000030   Code   RO         4524    i.EXTI4_15_IRQHandler  porting_misc.o
    0x08000cbc   0x08000cbc   0x0000000c   Code   RO         1101    i.EXTI_ClearITPendingBit  hal_exti.o
    0x08000cc8   0x08000cc8   0x00000024   Code   RO         1106    i.EXTI_GetITStatus  hal_exti.o
    0x08000cec   0x08000cec   0x00000078   Code   RO         1107    i.EXTI_Init         hal_exti.o
    0x08000d64   0x08000d64   0x0000003c   Code   RO         1108    i.EXTI_LineConfig   hal_exti.o
    0x08000da0   0x08000da0   0x0000000c   Code   RO         5293    i.ErrorEntry        Rafael_BLE_MM32F032xx_s.lib(kernel.o)
    0x08000dac   0x08000dac   0x00000020   Code   RO         5294    i.FreeMsgBlk        Rafael_BLE_MM32F032xx_s.lib(kernel.o)
    0x08000dcc   0x08000dcc   0x0000001c   Code   RO         5295    i.FreeMsgBlk_Isr    Rafael_BLE_MM32F032xx_s.lib(kernel.o)
    0x08000de8   0x08000de8   0x00000030   Code   RO         5296    i.FreeMsgBlks       Rafael_BLE_MM32F032xx_s.lib(kernel.o)
    0x08000e18   0x08000e18   0x00000024   Code   RO         5297    i.FreeMsgBlks_Isr   Rafael_BLE_MM32F032xx_s.lib(kernel.o)
    0x08000e3c   0x08000e3c   0x0000009a   Code   RO         1400    i.GPIO_Init         hal_gpio.o
    0x08000ed6   0x08000ed6   0x00000028   Code   RO         1401    i.GPIO_PinAFConfig  hal_gpio.o
    0x08000efe   0x08000efe   0x00000012   Code   RO         1405    i.GPIO_ReadInputDataBit  hal_gpio.o
    0x08000f10   0x08000f10   0x00000004   Code   RO         1408    i.GPIO_ResetBits    hal_gpio.o
    0x08000f14   0x08000f14   0x00000004   Code   RO         1409    i.GPIO_SetBits      hal_gpio.o
    0x08000f18   0x08000f18   0x00000010   Code   RO         1410    i.GPIO_StructInit   hal_gpio.o
    0x08000f28   0x08000f28   0x00000028   Code   RO         5298    i.GetMsgBlk         Rafael_BLE_MM32F032xx_s.lib(kernel.o)
    0x08000f50   0x08000f50   0x00000020   Code   RO         5299    i.GetMsgBlk_Isr     Rafael_BLE_MM32F032xx_s.lib(kernel.o)
    0x08000f70   0x08000f70   0x00000054   Code   RO         5300    i.GetMsgBlk_L1_wSize_Isr  Rafael_BLE_MM32F032xx_s.lib(kernel.o)
    0x08000fc4   0x08000fc4   0x00000054   Code   RO         5301    i.GetMsgBlk_L2_wSize  Rafael_BLE_MM32F032xx_s.lib(kernel.o)
    0x08001018   0x08001018   0x00000024   Code   RO         6790    i.HCI_Root          Rafael_BLE_MM32F032xx_s.lib(hci.o)
    0x0800103c   0x0800103c   0x00000038   Code   RO         5575    i.HCLL_Disconnect   Rafael_BLE_MM32F032xx_s.lib(ll.o)
    0x08001074   0x08001074   0x00000002   Code   RO         5576    i.HCLL_Host_Buffer_Size  Rafael_BLE_MM32F032xx_s.lib(ll.o)
    0x08001076   0x08001076   0x00000002   Code   RO         5577    i.HCLL_Host_Num_of_Completed_Packets  Rafael_BLE_MM32F032xx_s.lib(ll.o)
    0x08001078   0x08001078   0x00000002   Code   RO         5578    i.HCLL_LE_ACL_Data_Pkt  Rafael_BLE_MM32F032xx_s.lib(ll.o)
    0x0800107a   0x0800107a   0x00000004   Code   RO         5579    i.HCLL_LE_ACL_Data_Pkt_Extend  Rafael_BLE_MM32F032xx_s.lib(ll.o)
    0x0800107e   0x0800107e   0x00000002   PAD
    0x08001080   0x08001080   0x0000008c   Code   RO         5580    i.HCLL_LE_Add_Device_to_White_List  Rafael_BLE_MM32F032xx_s.lib(ll.o)
    0x0800110c   0x0800110c   0x00000048   Code   RO         5581    i.HCLL_LE_Clear_White_List  Rafael_BLE_MM32F032xx_s.lib(ll.o)
    0x08001154   0x08001154   0x000000d4   Code   RO         5582    i.HCLL_LE_Conn_update  Rafael_BLE_MM32F032xx_s.lib(ll.o)
    0x08001228   0x08001228   0x00000002   Code   RO         5583    i.HCLL_LE_Create_Conn  Rafael_BLE_MM32F032xx_s.lib(ll.o)
    0x0800122a   0x0800122a   0x00000002   Code   RO         5584    i.HCLL_LE_Create_conn_cancel  Rafael_BLE_MM32F032xx_s.lib(ll.o)
    0x0800122c   0x0800122c   0x000000b4   Code   RO         5585    i.HCLL_LE_Ctrl_Pkt  Rafael_BLE_MM32F032xx_s.lib(ll.o)
    0x080012e0   0x080012e0   0x00000024   Code   RO         5586    i.HCLL_LE_Encrypt   Rafael_BLE_MM32F032xx_s.lib(ll.o)
    0x08001304   0x08001304   0x0000005c   Code   RO         5587    i.HCLL_LE_Long_term_key_req_neg_reply  Rafael_BLE_MM32F032xx_s.lib(ll.o)
    0x08001360   0x08001360   0x00000024   Code   RO         5588    i.HCLL_LE_Long_term_key_req_reply  Rafael_BLE_MM32F032xx_s.lib(ll.o)
    0x08001384   0x08001384   0x00000024   Code   RO         5589    i.HCLL_LE_Rand      Rafael_BLE_MM32F032xx_s.lib(ll.o)
    0x080013a8   0x080013a8   0x00000004   Code   RO         5590    i.HCLL_LE_Read_Adv_Ch_Tx_Pwr  Rafael_BLE_MM32F032xx_s.lib(ll.o)
    0x080013ac   0x080013ac   0x00000024   Code   RO         5591    i.HCLL_LE_Read_Buffer_Size  Rafael_BLE_MM32F032xx_s.lib(ll.o)
    0x080013d0   0x080013d0   0x00000048   Code   RO         5592    i.HCLL_LE_Read_Local_Supported_Feat  Rafael_BLE_MM32F032xx_s.lib(ll.o)
    0x08001418   0x08001418   0x00000044   Code   RO         5593    i.HCLL_LE_Read_Phy  Rafael_BLE_MM32F032xx_s.lib(ll.o)
    0x0800145c   0x0800145c   0x00000044   Code   RO         5594    i.HCLL_LE_Read_Remote_Used_Feat  Rafael_BLE_MM32F032xx_s.lib(ll.o)
    0x080014a0   0x080014a0   0x0000001c   Code   RO         5595    i.HCLL_LE_Read_White_List_Size  Rafael_BLE_MM32F032xx_s.lib(ll.o)
    0x080014bc   0x080014bc   0x0000003c   Code   RO         5596    i.HCLL_LE_Read_ch_map  Rafael_BLE_MM32F032xx_s.lib(ll.o)
    0x080014f8   0x080014f8   0x00000002   Code   RO         5597    i.HCLL_LE_Read_supported_states  Rafael_BLE_MM32F032xx_s.lib(ll.o)
    0x080014fa   0x080014fa   0x00000002   Code   RO         5598    i.HCLL_LE_Receiver_test  Rafael_BLE_MM32F032xx_s.lib(ll.o)
    0x080014fc   0x080014fc   0x00000004   Code   RO         5599    i.HCLL_LE_Remote_conn_param_req_neg_reply  Rafael_BLE_MM32F032xx_s.lib(ll.o)
    0x08001500   0x08001500   0x00000004   Code   RO         5600    i.HCLL_LE_Remote_conn_param_req_reply  Rafael_BLE_MM32F032xx_s.lib(ll.o)
    0x08001504   0x08001504   0x00000070   Code   RO         5601    i.HCLL_LE_Rmv_Device_from_White_List  Rafael_BLE_MM32F032xx_s.lib(ll.o)
    0x08001574   0x08001574   0x0000005c   Code   RO         5602    i.HCLL_LE_Set_Adv_Data  Rafael_BLE_MM32F032xx_s.lib(ll.o)
    0x080015d0   0x080015d0   0x0000009c   Code   RO         5603    i.HCLL_LE_Set_Adv_Param  Rafael_BLE_MM32F032xx_s.lib(ll.o)
    0x0800166c   0x0800166c   0x0000012c   Code   RO         5604    i.HCLL_LE_Set_Advertise_Enable  Rafael_BLE_MM32F032xx_s.lib(ll.o)
    0x08001798   0x08001798   0x0000007c   Code   RO         5605    i.HCLL_LE_Set_Data_Length  Rafael_BLE_MM32F032xx_s.lib(ll.o)
    0x08001814   0x08001814   0x00000060   Code   RO         5606    i.HCLL_LE_Set_Default_Phy  Rafael_BLE_MM32F032xx_s.lib(ll.o)
    0x08001874   0x08001874   0x0000002c   Code   RO         5607    i.HCLL_LE_Set_Event_Mask  Rafael_BLE_MM32F032xx_s.lib(ll.o)
    0x080018a0   0x080018a0   0x00000002   Code   RO         5608    i.HCLL_LE_Set_Host_Ch_Classification  Rafael_BLE_MM32F032xx_s.lib(ll.o)
    0x080018a2   0x080018a2   0x00000002   PAD
    0x080018a4   0x080018a4   0x00000098   Code   RO         5609    i.HCLL_LE_Set_Phy   Rafael_BLE_MM32F032xx_s.lib(ll.o)
    0x0800193c   0x0800193c   0x00000054   Code   RO         5610    i.HCLL_LE_Set_Random_Address  Rafael_BLE_MM32F032xx_s.lib(ll.o)
    0x08001990   0x08001990   0x0000005c   Code   RO         5611    i.HCLL_LE_Set_Scan_Response_Data  Rafael_BLE_MM32F032xx_s.lib(ll.o)
    0x080019ec   0x080019ec   0x0000004c   Code   RO         5612    i.HCLL_LE_Set_scan_enable  Rafael_BLE_MM32F032xx_s.lib(ll.o)
    0x08001a38   0x08001a38   0x00000090   Code   RO         5613    i.HCLL_LE_Set_scan_param  Rafael_BLE_MM32F032xx_s.lib(ll.o)
    0x08001ac8   0x08001ac8   0x00000024   Code   RO         5614    i.HCLL_LE_Start_encryption  Rafael_BLE_MM32F032xx_s.lib(ll.o)
    0x08001aec   0x08001aec   0x00000002   Code   RO         5615    i.HCLL_LE_Test_end  Rafael_BLE_MM32F032xx_s.lib(ll.o)
    0x08001aee   0x08001aee   0x00000002   Code   RO         5616    i.HCLL_LE_Transmitter_test  Rafael_BLE_MM32F032xx_s.lib(ll.o)
    0x08001af0   0x08001af0   0x0000002c   Code   RO         5617    i.HCLL_Read_BD_Addr  Rafael_BLE_MM32F032xx_s.lib(ll.o)
    0x08001b1c   0x08001b1c   0x00000002   Code   RO         5618    i.HCLL_Read_Le_Host_Support  Rafael_BLE_MM32F032xx_s.lib(ll.o)
    0x08001b1e   0x08001b1e   0x00000002   PAD
    0x08001b20   0x08001b20   0x00000050   Code   RO         5619    i.HCLL_Read_Local_Supported_Cmd  Rafael_BLE_MM32F032xx_s.lib(ll.o)
    0x08001b70   0x08001b70   0x0000002c   Code   RO         5620    i.HCLL_Read_Local_Supported_Feat  Rafael_BLE_MM32F032xx_s.lib(ll.o)
    0x08001b9c   0x08001b9c   0x0000002c   Code   RO         5621    i.HCLL_Read_Local_Ver_Info  Rafael_BLE_MM32F032xx_s.lib(ll.o)
    0x08001bc8   0x08001bc8   0x00000030   Code   RO         5622    i.HCLL_Read_Remote_Ver_Info  Rafael_BLE_MM32F032xx_s.lib(ll.o)
    0x08001bf8   0x08001bf8   0x00000002   Code   RO         5623    i.HCLL_Read_Transmit_Pwr_Level  Rafael_BLE_MM32F032xx_s.lib(ll.o)
    0x08001bfa   0x08001bfa   0x00000002   Code   RO         5624    i.HCLL_Read_authen_payload_timeout  Rafael_BLE_MM32F032xx_s.lib(ll.o)
    0x08001bfc   0x08001bfc   0x00000002   Code   RO         5625    i.HCLL_Read_buffer_size  Rafael_BLE_MM32F032xx_s.lib(ll.o)
    0x08001bfe   0x08001bfe   0x00000002   PAD
    0x08001c00   0x08001c00   0x00000034   Code   RO         5626    i.HCLL_Read_rssi    Rafael_BLE_MM32F032xx_s.lib(ll.o)
    0x08001c34   0x08001c34   0x0000001a   Code   RO         5627    i.HCLL_Reset        Rafael_BLE_MM32F032xx_s.lib(ll.o)
    0x08001c4e   0x08001c4e   0x00000002   Code   RO         5628    i.HCLL_Set_Ctrler_to_Host_Flow_Ctrl  Rafael_BLE_MM32F032xx_s.lib(ll.o)
    0x08001c50   0x08001c50   0x0000003c   Code   RO         5629    i.HCLL_Set_Event_Mask  Rafael_BLE_MM32F032xx_s.lib(ll.o)
    0x08001c8c   0x08001c8c   0x00000024   Code   RO         5630    i.HCLL_Set_Event_Mask_Page_2  Rafael_BLE_MM32F032xx_s.lib(ll.o)
    0x08001cb0   0x08001cb0   0x00000002   Code   RO         5631    i.HCLL_Write_Le_Host_Support  Rafael_BLE_MM32F032xx_s.lib(ll.o)
    0x08001cb2   0x08001cb2   0x00000002   Code   RO         5632    i.HCLL_Write_authen_payload_timeout  Rafael_BLE_MM32F032xx_s.lib(ll.o)
    0x08001cb4   0x08001cb4   0x00000018   Code   RO         5166    i.HSPF_Att_Read     Rafael_BLE_MM32F032xx_s.lib(host.o)
    0x08001ccc   0x08001ccc   0x0000001c   Code   RO         5167    i.HSPF_Att_Write    Rafael_BLE_MM32F032xx_s.lib(host.o)
    0x08001ce8   0x08001ce8   0x00000024   Code   RO         5168    i.Host_Root         Rafael_BLE_MM32F032xx_s.lib(host.o)
    0x08001d0c   0x08001d0c   0x0000004c   Code   RO         5304    i.KernelInit        Rafael_BLE_MM32F032xx_s.lib(kernel.o)
    0x08001d58   0x08001d58   0x00000020   Code   RO         5305    i.Knl_CodeComp      Rafael_BLE_MM32F032xx_s.lib(kernel.o)
    0x08001d78   0x08001d78   0x00000012   Code   RO         5307    i.Knl_CodeCpy       Rafael_BLE_MM32F032xx_s.lib(kernel.o)
    0x08001d8a   0x08001d8a   0x0000001e   Code   RO         5309    i.Knl_CodeCpyInv_Isr  Rafael_BLE_MM32F032xx_s.lib(kernel.o)
    0x08001da8   0x08001da8   0x00000012   Code   RO         5310    i.Knl_CodeCpy_Isr   Rafael_BLE_MM32F032xx_s.lib(kernel.o)
    0x08001dba   0x08001dba   0x00000020   Code   RO         5311    i.Knl_MemComp       Rafael_BLE_MM32F032xx_s.lib(kernel.o)
    0x08001dda   0x08001dda   0x00000020   Code   RO         5312    i.Knl_MemComp_Isr   Rafael_BLE_MM32F032xx_s.lib(kernel.o)
    0x08001dfa   0x08001dfa   0x00000012   Code   RO         5313    i.Knl_MemCpy        Rafael_BLE_MM32F032xx_s.lib(kernel.o)
    0x08001e0c   0x08001e0c   0x0000001e   Code   RO         5314    i.Knl_MemCpyInv     Rafael_BLE_MM32F032xx_s.lib(kernel.o)
    0x08001e2a   0x08001e2a   0x0000001e   Code   RO         5315    i.Knl_MemCpyInv_Isr  Rafael_BLE_MM32F032xx_s.lib(kernel.o)
    0x08001e48   0x08001e48   0x0000001a   Code   RO         5316    i.Knl_MemCpy_Fwd    Rafael_BLE_MM32F032xx_s.lib(kernel.o)
    0x08001e62   0x08001e62   0x00000012   Code   RO         5317    i.Knl_MemCpy_Isr    Rafael_BLE_MM32F032xx_s.lib(kernel.o)
    0x08001e74   0x08001e74   0x00000024   Code   RO         7012    i.L2CAP_Root        Rafael_BLE_MM32F032xx_s.lib(l2cap.o)
    0x08001e98   0x08001e98   0x000001cc   Code   RO         5633    i.LLEC_LE_CCM_Manual  Rafael_BLE_MM32F032xx_s.lib(ll.o)
    0x08002064   0x08002064   0x00000030   Code   RO         5634    i.LLEC_LE_Encrypt   Rafael_BLE_MM32F032xx_s.lib(ll.o)
    0x08002094   0x08002094   0x0000005c   Code   RO         5635    i.LLEC_LE_Long_term_key_req_reply  Rafael_BLE_MM32F032xx_s.lib(ll.o)
    0x080020f0   0x080020f0   0x0000004c   Code   RO         5636    i.LLEC_LE_Rand      Rafael_BLE_MM32F032xx_s.lib(ll.o)
    0x0800213c   0x0800213c   0x00000084   Code   RO         5637    i.LLEC_LE_Start_encryption  Rafael_BLE_MM32F032xx_s.lib(ll.o)
    0x080021c0   0x080021c0   0x0000001a   Code   RO         5638    i.LLHC_ERR_CODE_Invalid_Lmp_Parameters  Rafael_BLE_MM32F032xx_s.lib(ll.o)
    0x080021da   0x080021da   0x0000001a   Code   RO         5639    i.LLHC_ERR_CODE_Unknown_Hci_Command  Rafael_BLE_MM32F032xx_s.lib(ll.o)
    0x080021f4   0x080021f4   0x0000034c   Code   RO         5640    i.LLHC_LE_Ctrl_Pkt  Rafael_BLE_MM32F032xx_s.lib(ll.o)
    0x08002540   0x08002540   0x00000068   Code   RO         5641    i.LLHeaderRdy_Isr   Rafael_BLE_MM32F032xx_s.lib(ll.o)
    0x080025a8   0x080025a8   0x0000000c   Code   RO         6376    i.LLTimeline_Get    Rafael_BLE_MM32F032xx_s.lib(rf_phy.o)
    0x080025b4   0x080025b4   0x0000011c   Code   RO         5642    i.LLTimerFIFOGetSend_Isr  Rafael_BLE_MM32F032xx_s.lib(ll.o)
    0x080026d0   0x080026d0   0x00000f54   Code   RO         5643    i.LLTimer_Isr       Rafael_BLE_MM32F032xx_s.lib(ll.o)
    0x08003624   0x08003624   0x00000044   Code   RO         5644    i.LLTimer_TmrRefUpd_Isr  Rafael_BLE_MM32F032xx_s.lib(ll.o)
    0x08003668   0x08003668   0x0000025c   Code   RO         5645    i.LLWTRFIFOGet_Isr  Rafael_BLE_MM32F032xx_s.lib(ll.o)
    0x080038c4   0x080038c4   0x00000064   Code   RO         5647    i.LLWTR_Buffer_wAck_Isr  Rafael_BLE_MM32F032xx_s.lib(ll.o)
    0x08003928   0x08003928   0x000008e2   Code   RO         5648    i.LLWTR_Isr         Rafael_BLE_MM32F032xx_s.lib(ll.o)
    0x0800420a   0x0800420a   0x00000002   PAD
    0x0800420c   0x0800420c   0x0000004c   Code   RO         5649    i.LLWTR_MDset       Rafael_BLE_MM32F032xx_s.lib(ll.o)
    0x08004258   0x08004258   0x000003a0   Code   RO         5650    i.LLWTR_Rx2Hc       Rafael_BLE_MM32F032xx_s.lib(ll.o)
    0x080045f8   0x080045f8   0x000002e4   Code   RO         5652    i.LL_Buffer_To_FIFO_Isr  Rafael_BLE_MM32F032xx_s.lib(ll.o)
    0x080048dc   0x080048dc   0x00000018   Code   RO         5653    i.LL_CheckConnExist  Rafael_BLE_MM32F032xx_s.lib(ll.o)
    0x080048f4   0x080048f4   0x000000a0   Code   RO         5654    i.LL_Data2ConnTxFIFO  Rafael_BLE_MM32F032xx_s.lib(ll.o)
    0x08004994   0x08004994   0x00000074   Code   RO         5655    i.LL_Data2ConnTxFIFO_smp  Rafael_BLE_MM32F032xx_s.lib(ll.o)
    0x08004a08   0x08004a08   0x00000050   Code   RO         5656    i.LL_Data2ConnTxFIFO_smp_Isr  Rafael_BLE_MM32F032xx_s.lib(ll.o)
    0x08004a58   0x08004a58   0x0000007c   Code   RO         5657    i.LL_EventCounter_Map_Upd  Rafael_BLE_MM32F032xx_s.lib(ll.o)
    0x08004ad4   0x08004ad4   0x000000d8   Code   RO         5658    i.LL_GPIO_Isr       Rafael_BLE_MM32F032xx_s.lib(ll.o)
    0x08004bac   0x08004bac   0x0000001c   Code   RO         5659    i.LL_GetSlaveFreeConnID  Rafael_BLE_MM32F032xx_s.lib(ll.o)
    0x08004bc8   0x08004bc8   0x00000020   Code   RO         5660    i.LL_MsgBlk_LL_conn_Para_Rls  Rafael_BLE_MM32F032xx_s.lib(ll.o)
    0x08004be8   0x08004be8   0x00000038   Code   RO         5661    i.LL_Msg_CTRL_PKT   Rafael_BLE_MM32F032xx_s.lib(ll.o)
    0x08004c20   0x08004c20   0x00000038   Code   RO         5662    i.LL_Msg_CTRL_PKT_Isr  Rafael_BLE_MM32F032xx_s.lib(ll.o)
    0x08004c58   0x08004c58   0x0000001e   Code   RO         5664    i.LL_Msg_Event_Encrypt_Change  Rafael_BLE_MM32F032xx_s.lib(ll.o)
    0x08004c76   0x08004c76   0x0000001e   Code   RO         5665    i.LL_Msg_Event_Le_Data_Length_Change  Rafael_BLE_MM32F032xx_s.lib(ll.o)
    0x08004c94   0x08004c94   0x00000020   Code   RO         5666    i.LL_Msg_Event_Le_PHY_Update_Complete  Rafael_BLE_MM32F032xx_s.lib(ll.o)
    0x08004cb4   0x08004cb4   0x0000001a   Code   RO         5667    i.LL_Msg_Event_Status  Rafael_BLE_MM32F032xx_s.lib(ll.o)
    0x08004cce   0x08004cce   0x00000002   PAD
    0x08004cd0   0x08004cd0   0x0000009c   Code   RO         5670    i.LL_Queue_To_Buffer_Isr  Rafael_BLE_MM32F032xx_s.lib(ll.o)
    0x08004d6c   0x08004d6c   0x000000d8   Code   RO         5671    i.LL_ReleaseConnID  Rafael_BLE_MM32F032xx_s.lib(ll.o)
    0x08004e44   0x08004e44   0x000000f4   Code   RO         5672    i.LL_ReleaseConnID_Isr  Rafael_BLE_MM32F032xx_s.lib(ll.o)
    0x08004f38   0x08004f38   0x00000054   Code   RO         5673    i.LL_RfChRemap      Rafael_BLE_MM32F032xx_s.lib(ll.o)
    0x08004f8c   0x08004f8c   0x00000024   Code   RO         5674    i.LL_Root           Rafael_BLE_MM32F032xx_s.lib(ll.o)
    0x08004fb0   0x08004fb0   0x00000054   Code   RO         5675    i.LL_RxEnter_Isr    Rafael_BLE_MM32F032xx_s.lib(ll.o)
    0x08005004   0x08005004   0x0000001c   Code   RO         5677    i.LL_Slv_Win_Width_Incr  Rafael_BLE_MM32F032xx_s.lib(ll.o)
    0x08005020   0x08005020   0x00000030   Code   RO         5679    i.LL_SvPrToutAccu_Incr  Rafael_BLE_MM32F032xx_s.lib(ll.o)
    0x08005050   0x08005050   0x0000002c   Code   RO         5680    i.LL_TmrBlk_Pt_PairRst  Rafael_BLE_MM32F032xx_s.lib(ll.o)
    0x0800507c   0x0800507c   0x00000038   Code   RO         5681    i.LL_TmrBlk_Rls     Rafael_BLE_MM32F032xx_s.lib(ll.o)
    0x080050b4   0x080050b4   0x00000020   Code   RO         5682    i.LL_TmrBlk_Rls_NxtIntvl  Rafael_BLE_MM32F032xx_s.lib(ll.o)
    0x080050d4   0x080050d4   0x00000048   Code   RO         5683    i.LL_TmrBlk_Rls_Pair  Rafael_BLE_MM32F032xx_s.lib(ll.o)
    0x0800511c   0x0800511c   0x00000078   Code   RO         5684    i.LL_Tmr_FIFO_ADVrpt  Rafael_BLE_MM32F032xx_s.lib(ll.o)
    0x08005194   0x08005194   0x00000058   Code   RO         5685    i.LL_TxEnter_Isr    Rafael_BLE_MM32F032xx_s.lib(ll.o)
    0x080051ec   0x080051ec   0x00000044   Code   RO         5686    i.LL_smp_SKD_IV_genIn  Rafael_BLE_MM32F032xx_s.lib(ll.o)
    0x08005230   0x08005230   0x0000003a   Code   RO         4525    i.MCU_GpioIntDisable  porting_misc.o
    0x0800526a   0x0800526a   0x00000042   Code   RO         4526    i.MCU_GpioIntEnable  porting_misc.o
    0x080052ac   0x080052ac   0x00000030   Code   RO         4527    i.MCU_GpioPinInit   porting_misc.o
    0x080052dc   0x080052dc   0x00000034   Code   RO         4528    i.MCU_GpioReset     porting_misc.o
    0x08005310   0x08005310   0x00000030   Code   RO         4529    i.MCU_GpioResetInit  porting_misc.o
    0x08005340   0x08005340   0x00000004   Code   RO         5687    i.MEC_HCI_Null      Rafael_BLE_MM32F032xx_s.lib(ll.o)
    0x08005344   0x08005344   0x00000224   Code   RO         5130    i.MHC_Callback      Rafael_BLE_MM32F032xx_s.lib(ble_event.o)
    0x08005568   0x08005568   0x00000002   Code   RO         6791    i.MHC_Event_Authen_Payload_Timeout_Expired  Rafael_BLE_MM32F032xx_s.lib(hci.o)
    0x0800556a   0x0800556a   0x00000002   PAD
    0x0800556c   0x0800556c   0x00000094   Code   RO         6792    i.MHC_Event_Cmd_Complete  Rafael_BLE_MM32F032xx_s.lib(hci.o)
    0x08005600   0x08005600   0x0000001c   Code   RO         6793    i.MHC_Event_Cmd_Status  Rafael_BLE_MM32F032xx_s.lib(hci.o)
    0x0800561c   0x0800561c   0x00000002   Code   RO         6794    i.MHC_Event_Data_Buffer_Overflow  Rafael_BLE_MM32F032xx_s.lib(hci.o)
    0x0800561e   0x0800561e   0x00000002   PAD
    0x08005620   0x08005620   0x00000028   Code   RO         6795    i.MHC_Event_Disconn_Complete  Rafael_BLE_MM32F032xx_s.lib(hci.o)
    0x08005648   0x08005648   0x000000f8   Code   RO         6796    i.MHC_Event_Encrypt_Change  Rafael_BLE_MM32F032xx_s.lib(hci.o)
    0x08005740   0x08005740   0x00000058   Code   RO         6797    i.MHC_Event_Encrypt_Key_Refresh_Complete  Rafael_BLE_MM32F032xx_s.lib(hci.o)
    0x08005798   0x08005798   0x00000004   Code   RO         6798    i.MHC_Event_HCI_Raw  Rafael_BLE_MM32F032xx_s.lib(hci.o)
    0x0800579c   0x0800579c   0x00000002   Code   RO         6799    i.MHC_Event_Hardware_Error  Rafael_BLE_MM32F032xx_s.lib(hci.o)
    0x0800579e   0x0800579e   0x00000002   PAD
    0x080057a0   0x080057a0   0x00000034   Code   RO         6800    i.MHC_Event_Le_Adv_Report  Rafael_BLE_MM32F032xx_s.lib(hci.o)
    0x080057d4   0x080057d4   0x00000084   Code   RO         6801    i.MHC_Event_Le_Conn_Complete  Rafael_BLE_MM32F032xx_s.lib(hci.o)
    0x08005858   0x08005858   0x00000030   Code   RO         6802    i.MHC_Event_Le_Conn_Update_Complete  Rafael_BLE_MM32F032xx_s.lib(hci.o)
    0x08005888   0x08005888   0x0000002c   Code   RO         6803    i.MHC_Event_Le_Data_Length_Change  Rafael_BLE_MM32F032xx_s.lib(hci.o)
    0x080058b4   0x080058b4   0x000000d8   Code   RO         6804    i.MHC_Event_Le_Long_Term_Key_Req  Rafael_BLE_MM32F032xx_s.lib(hci.o)
    0x0800598c   0x0800598c   0x00000034   Code   RO         6805    i.MHC_Event_Le_PHY_Update_Complete  Rafael_BLE_MM32F032xx_s.lib(hci.o)
    0x080059c0   0x080059c0   0x0000001c   Code   RO         6806    i.MHC_Event_Le_Read_Remote_Used_Features_Complete  Rafael_BLE_MM32F032xx_s.lib(hci.o)
    0x080059dc   0x080059dc   0x00000002   Code   RO         6807    i.MHC_Event_Le_Remote_Conn_param_Req_Event  Rafael_BLE_MM32F032xx_s.lib(hci.o)
    0x080059de   0x080059de   0x00000002   PAD
    0x080059e0   0x080059e0   0x00000014   Code   RO         6808    i.MHC_Event_Le_Wait_Passkey_Confrim  Rafael_BLE_MM32F032xx_s.lib(hci.o)
    0x080059f4   0x080059f4   0x00000002   Code   RO         6809    i.MHC_Event_Null    Rafael_BLE_MM32F032xx_s.lib(hci.o)
    0x080059f6   0x080059f6   0x00000004   Code   RO         6810    i.MHC_Event_Num_Of_Completed_Pckts  Rafael_BLE_MM32F032xx_s.lib(hci.o)
    0x080059fa   0x080059fa   0x00000002   PAD
    0x080059fc   0x080059fc   0x00000010   Code   RO         6811    i.MHC_Event_Read_Remote_Ver_Info_Complete  Rafael_BLE_MM32F032xx_s.lib(hci.o)
    0x08005a0c   0x08005a0c   0x00000014   Code   RO         6812    i.MHC_Event_STK_Gen_Method  Rafael_BLE_MM32F032xx_s.lib(hci.o)
    0x08005a20   0x08005a20   0x00000014   Code   RO         6813    i.MHC_Evnet_Auth_Status  Rafael_BLE_MM32F032xx_s.lib(hci.o)
    0x08005a34   0x08005a34   0x00000044   Code   RO         6814    i.MHC_LE_ACL_Data_Pkt  Rafael_BLE_MM32F032xx_s.lib(hci.o)
    0x08005a78   0x08005a78   0x00000004   Code   RO         6815    i.MHC_LE_ACL_Data_Pkt_Extend  Rafael_BLE_MM32F032xx_s.lib(hci.o)
    0x08005a7c   0x08005a7c   0x00000002   Code   RO         5169    i.MHS_Event_Null    Rafael_BLE_MM32F032xx_s.lib(host.o)
    0x08005a7e   0x08005a7e   0x00000002   Code   RO         7013    i.ML2CAP_Event_Null  Rafael_BLE_MM32F032xx_s.lib(l2cap.o)
    0x08005a80   0x08005a80   0x00000004   Code   RO         5688    i.MLL_HCI_Null      Rafael_BLE_MM32F032xx_s.lib(ll.o)
    0x08005a84   0x08005a84   0x00000004   Code   RO         5689    i.MLL_LE_Ctrl_Pkt   Rafael_BLE_MM32F032xx_s.lib(ll.o)
    0x08005a88   0x08005a88   0x00000018   Code   RO         5690    i.MLL_LL_CHN_Map_Upd  Rafael_BLE_MM32F032xx_s.lib(ll.o)
    0x08005aa0   0x08005aa0   0x0000001c   Code   RO         5691    i.MLL_LL_Enc_Req    Rafael_BLE_MM32F032xx_s.lib(ll.o)
    0x08005abc   0x08005abc   0x00000068   Code   RO         1785    i.NVIC_Init         hal_misc.o
    0x08005b24   0x08005b24   0x00000078   Code   RO           80    i.NVIC_SetPriority  main.o
    0x08005b9c   0x08005b9c   0x00000034   Code   RO         7062    i.PassEC_BLE_CODE_SMP  Rafael_BLE_MM32F032xx_s.lib(mmi.o)
    0x08005bd0   0x08005bd0   0x00000024   Code   RO         7063    i.Prcss_BLE_CODE_SMP_Encryption_Information  Rafael_BLE_MM32F032xx_s.lib(mmi.o)
    0x08005bf4   0x08005bf4   0x00000004   Code   RO         7064    i.Prcss_BLE_CODE_SMP_Identity_Address_Information  Rafael_BLE_MM32F032xx_s.lib(mmi.o)
    0x08005bf8   0x08005bf8   0x00000024   Code   RO         7065    i.Prcss_BLE_CODE_SMP_Identity_Information  Rafael_BLE_MM32F032xx_s.lib(mmi.o)
    0x08005c1c   0x08005c1c   0x0000003c   Code   RO         7066    i.Prcss_BLE_CODE_SMP_Master_Identification  Rafael_BLE_MM32F032xx_s.lib(mmi.o)
    0x08005c58   0x08005c58   0x00000060   Code   RO         7067    i.Prcss_BLE_CODE_SMP_Pairing_Confirm  Rafael_BLE_MM32F032xx_s.lib(mmi.o)
    0x08005cb8   0x08005cb8   0x00000034   Code   RO         7068    i.Prcss_BLE_CODE_SMP_Pairing_Failed  Rafael_BLE_MM32F032xx_s.lib(mmi.o)
    0x08005cec   0x08005cec   0x00000018   Code   RO         7069    i.Prcss_BLE_CODE_SMP_Pairing_Random  Rafael_BLE_MM32F032xx_s.lib(mmi.o)
    0x08005d04   0x08005d04   0x000000f8   Code   RO         7070    i.Prcss_BLE_CODE_SMP_Pairing_Request  Rafael_BLE_MM32F032xx_s.lib(mmi.o)
    0x08005dfc   0x08005dfc   0x00000004   Code   RO         7071    i.Prcss_BLE_CODE_SMP_Pairing_Response  Rafael_BLE_MM32F032xx_s.lib(mmi.o)
    0x08005e00   0x08005e00   0x00000004   Code   RO         7072    i.Prcss_BLE_CODE_SMP_Reserved  Rafael_BLE_MM32F032xx_s.lib(mmi.o)
    0x08005e04   0x08005e04   0x00000004   Code   RO         7073    i.Prcss_BLE_CODE_SMP_Security_Request  Rafael_BLE_MM32F032xx_s.lib(mmi.o)
    0x08005e08   0x08005e08   0x00000024   Code   RO         7074    i.Prcss_BLE_CODE_SMP_Signing_Information  Rafael_BLE_MM32F032xx_s.lib(mmi.o)
    0x08005e2c   0x08005e2c   0x00000004   Code   RO         7075    i.Prcss_L2CAP_CID_AMP_MANAGER_PROTOCOL  Rafael_BLE_MM32F032xx_s.lib(mmi.o)
    0x08005e30   0x08005e30   0x00000044   Code   RO         7076    i.Prcss_L2CAP_CID_ATTRIBUTE_PROTOCOL  Rafael_BLE_MM32F032xx_s.lib(mmi.o)
    0x08005e74   0x08005e74   0x00000004   Code   RO         7077    i.Prcss_L2CAP_CID_CONNECTIONLESS_CHANNEL  Rafael_BLE_MM32F032xx_s.lib(mmi.o)
    0x08005e78   0x08005e78   0x00000004   Code   RO         7078    i.Prcss_L2CAP_CID_L2CAP_SIGNALING_CHANNEL  Rafael_BLE_MM32F032xx_s.lib(mmi.o)
    0x08005e7c   0x08005e7c   0x00000050   Code   RO         7079    i.Prcss_L2CAP_CID_LE_L2CAP_SIGNALING_CHANNEL  Rafael_BLE_MM32F032xx_s.lib(mmi.o)
    0x08005ecc   0x08005ecc   0x00000004   Code   RO         7080    i.Prcss_L2CAP_CID_NULL_IDENTIFIER  Rafael_BLE_MM32F032xx_s.lib(mmi.o)
    0x08005ed0   0x08005ed0   0x00000028   Code   RO         7081    i.Prcss_L2CAP_CID_SECURITY_MANAGER_PROTOCOL  Rafael_BLE_MM32F032xx_s.lib(mmi.o)
    0x08005ef8   0x08005ef8   0x00000004   Code   RO         7082    i.Prcss_OPCODE_ATT_Error_Response  Rafael_BLE_MM32F032xx_s.lib(mmi.o)
    0x08005efc   0x08005efc   0x00000054   Code   RO         7083    i.Prcss_OPCODE_ATT_Exchange_MTU_Request  Rafael_BLE_MM32F032xx_s.lib(mmi.o)
    0x08005f50   0x08005f50   0x00000030   Code   RO         7084    i.Prcss_OPCODE_ATT_Exchange_MTU_Response  Rafael_BLE_MM32F032xx_s.lib(mmi.o)
    0x08005f80   0x08005f80   0x000000fc   Code   RO         7085    i.Prcss_OPCODE_ATT_Execute_Write_Request  Rafael_BLE_MM32F032xx_s.lib(mmi.o)
    0x0800607c   0x0800607c   0x00000004   Code   RO         7086    i.Prcss_OPCODE_ATT_Execute_Write_Response  Rafael_BLE_MM32F032xx_s.lib(mmi.o)
    0x08006080   0x08006080   0x0000014c   Code   RO         7087    i.Prcss_OPCODE_ATT_Find_By_Type_Value_Request  Rafael_BLE_MM32F032xx_s.lib(mmi.o)
    0x080061cc   0x080061cc   0x00000004   Code   RO         7088    i.Prcss_OPCODE_ATT_Find_By_Type_Value_Response  Rafael_BLE_MM32F032xx_s.lib(mmi.o)
    0x080061d0   0x080061d0   0x00000158   Code   RO         7089    i.Prcss_OPCODE_ATT_Find_Information_Request  Rafael_BLE_MM32F032xx_s.lib(mmi.o)
    0x08006328   0x08006328   0x00000004   Code   RO         7090    i.Prcss_OPCODE_ATT_Find_Information_Response  Rafael_BLE_MM32F032xx_s.lib(mmi.o)
    0x0800632c   0x0800632c   0x00000010   Code   RO         7091    i.Prcss_OPCODE_ATT_Handle_Value_Confirmation  Rafael_BLE_MM32F032xx_s.lib(mmi.o)
    0x0800633c   0x0800633c   0x00000004   Code   RO         7092    i.Prcss_OPCODE_ATT_Handle_Value_Indication  Rafael_BLE_MM32F032xx_s.lib(mmi.o)
    0x08006340   0x08006340   0x00000004   Code   RO         7093    i.Prcss_OPCODE_ATT_Handle_Value_Notification  Rafael_BLE_MM32F032xx_s.lib(mmi.o)
    0x08006344   0x08006344   0x00000004   Code   RO         7094    i.Prcss_OPCODE_ATT_NULL  Rafael_BLE_MM32F032xx_s.lib(mmi.o)
    0x08006348   0x08006348   0x00000108   Code   RO         7095    i.Prcss_OPCODE_ATT_Prepare_Write_Request  Rafael_BLE_MM32F032xx_s.lib(mmi.o)
    0x08006450   0x08006450   0x00000004   Code   RO         7096    i.Prcss_OPCODE_ATT_Prepare_Write_Response  Rafael_BLE_MM32F032xx_s.lib(mmi.o)
    0x08006454   0x08006454   0x00000118   Code   RO         7097    i.Prcss_OPCODE_ATT_Read_Blob_Request  Rafael_BLE_MM32F032xx_s.lib(mmi.o)
    0x0800656c   0x0800656c   0x00000004   Code   RO         7098    i.Prcss_OPCODE_ATT_Read_Blob_Response  Rafael_BLE_MM32F032xx_s.lib(mmi.o)
    0x08006570   0x08006570   0x00000258   Code   RO         7099    i.Prcss_OPCODE_ATT_Read_By_Type_Request  Rafael_BLE_MM32F032xx_s.lib(mmi.o)
    0x080067c8   0x080067c8   0x00000004   Code   RO         7100    i.Prcss_OPCODE_ATT_Read_By_Type_Response  Rafael_BLE_MM32F032xx_s.lib(mmi.o)
    0x080067cc   0x080067cc   0x00000020   Code   RO         7101    i.Prcss_OPCODE_ATT_Read_Multiple_Request  Rafael_BLE_MM32F032xx_s.lib(mmi.o)
    0x080067ec   0x080067ec   0x00000004   Code   RO         7102    i.Prcss_OPCODE_ATT_Read_Multiple_Response  Rafael_BLE_MM32F032xx_s.lib(mmi.o)
    0x080067f0   0x080067f0   0x00000124   Code   RO         7103    i.Prcss_OPCODE_ATT_Read_Request  Rafael_BLE_MM32F032xx_s.lib(mmi.o)
    0x08006914   0x08006914   0x00000004   Code   RO         7104    i.Prcss_OPCODE_ATT_Read_Response  Rafael_BLE_MM32F032xx_s.lib(mmi.o)
    0x08006918   0x08006918   0x000002d4   Code   RO         7105    i.Prcss_OPCODE_ATT_Read_by_Group_Type_Request  Rafael_BLE_MM32F032xx_s.lib(mmi.o)
    0x08006bec   0x08006bec   0x00000004   Code   RO         7106    i.Prcss_OPCODE_ATT_Read_by_Group_Type_Response  Rafael_BLE_MM32F032xx_s.lib(mmi.o)
    0x08006bf0   0x08006bf0   0x000000d0   Code   RO         7108    i.Prcss_OPCODE_ATT_Write_Command  Rafael_BLE_MM32F032xx_s.lib(mmi.o)
    0x08006cc0   0x08006cc0   0x00000114   Code   RO         7109    i.Prcss_OPCODE_ATT_Write_Request  Rafael_BLE_MM32F032xx_s.lib(mmi.o)
    0x08006dd4   0x08006dd4   0x0000000c   Code   RO         7110    i.Prcss_OPCODE_ATT_Write_Response  Rafael_BLE_MM32F032xx_s.lib(mmi.o)
    0x08006de0   0x08006de0   0x00000020   Code   RO         1902    i.RCC_AHBPeriphClockCmd  hal_rcc.o
    0x08006e00   0x08006e00   0x00000020   Code   RO         1904    i.RCC_APB1PeriphClockCmd  hal_rcc.o
    0x08006e20   0x08006e20   0x00000020   Code   RO         1906    i.RCC_APB2PeriphClockCmd  hal_rcc.o
    0x08006e40   0x08006e40   0x00000020   Code   RO         1915    i.RCC_GetHCLKFreq   hal_rcc.o
    0x08006e60   0x08006e60   0x00000024   Code   RO         1917    i.RCC_GetPCLK1Freq  hal_rcc.o
    0x08006e84   0x08006e84   0x00000024   Code   RO         1918    i.RCC_GetPCLK2Freq  hal_rcc.o
    0x08006ea8   0x08006ea8   0x00000078   Code   RO         1920    i.RCC_GetSysClockFreq  hal_rcc.o
    0x08006f20   0x08006f20   0x0000001c   Code   RO         6378    i.RF_CCM_AES_Mode_set  Rafael_BLE_MM32F032xx_s.lib(rf_phy.o)
    0x08006f3c   0x08006f3c   0x0000000e   Code   RO         6379    i.RF_CRCInit        Rafael_BLE_MM32F032xx_s.lib(rf_phy.o)
    0x08006f4a   0x08006f4a   0x00000014   Code   RO         6380    i.RF_CRCchk         Rafael_BLE_MM32F032xx_s.lib(rf_phy.o)
    0x08006f5e   0x08006f5e   0x00000002   PAD
    0x08006f60   0x08006f60   0x0000002c   Code   RO         6381    i.RF_DC_Rstr_Isr    Rafael_BLE_MM32F032xx_s.lib(rf_phy.o)
    0x08006f8c   0x08006f8c   0x00000060   Code   RO         6384    i.RF_Get_LastRssi   Rafael_BLE_MM32F032xx_s.lib(rf_phy.o)
    0x08006fec   0x08006fec   0x00000010   Code   RO         6387    i.RF_Header_Rdy_intOn  Rafael_BLE_MM32F032xx_s.lib(rf_phy.o)
    0x08006ffc   0x08006ffc   0x00000170   Code   RO         6388    i.RF_Init           Rafael_BLE_MM32F032xx_s.lib(rf_phy.o)
    0x0800716c   0x0800716c   0x00000014   Code   RO         6389    i.RF_IntReset       Rafael_BLE_MM32F032xx_s.lib(rf_phy.o)
    0x08007180   0x08007180   0x00000018   Code   RO         6391    i.RF_LE_HeaderStsLen_Tx  Rafael_BLE_MM32F032xx_s.lib(rf_phy.o)
    0x08007198   0x08007198   0x00000020   Code   RO           81    i.RF_Open           main.o
    0x080071b8   0x080071b8   0x0000000e   Code   RO         6392    i.RF_PLL_VCO_Bank_set  Rafael_BLE_MM32F032xx_s.lib(rf_phy.o)
    0x080071c6   0x080071c6   0x00000002   PAD
    0x080071c8   0x080071c8   0x00000044   Code   RO         6393    i.RF_PowerSaving_En_Isr  Rafael_BLE_MM32F032xx_s.lib(rf_phy.o)
    0x0800720c   0x0800720c   0x0000000c   Code   RO         6396    i.RF_RxLengthLimit  Rafael_BLE_MM32F032xx_s.lib(rf_phy.o)
    0x08007218   0x08007218   0x00000084   Code   RO         6397    i.RF_Set_TxPowerLevel_Isr  Rafael_BLE_MM32F032xx_s.lib(rf_phy.o)
    0x0800729c   0x0800729c   0x00000100   Code   RO         4531    i.RF_SpiIoMapping   porting_misc.o
    0x0800739c   0x0800739c   0x00000030   Code   RO         6398    i.RF_SymbolRate_Patch_1M_2M  Rafael_BLE_MM32F032xx_s.lib(rf_phy.o)
    0x080073cc   0x080073cc   0x00000024   Code   RO         6399    i.RF_SymbolRate_set  Rafael_BLE_MM32F032xx_s.lib(rf_phy.o)
    0x080073f0   0x080073f0   0x000000d4   Code   RO         6403    i.RF_Tmr_Periodic_initial  Rafael_BLE_MM32F032xx_s.lib(rf_phy.o)
    0x080074c4   0x080074c4   0x0000005c   Code   RO         6404    i.RF_Tmr_Periodic_set_ISR  Rafael_BLE_MM32F032xx_s.lib(rf_phy.o)
    0x08007520   0x08007520   0x00000018   Code   RO         6405    i.RF_TxAutoAckOff   Rafael_BLE_MM32F032xx_s.lib(rf_phy.o)
    0x08007538   0x08007538   0x00000018   Code   RO         6406    i.RF_TxAutoAckOn    Rafael_BLE_MM32F032xx_s.lib(rf_phy.o)
    0x08007550   0x08007550   0x00000018   Code   RO         6407    i.RF_TxFIFO_ADVData_set  Rafael_BLE_MM32F032xx_s.lib(rf_phy.o)
    0x08007568   0x08007568   0x00000018   Code   RO         6408    i.RF_TxFIFO_ADVaddr_set  Rafael_BLE_MM32F032xx_s.lib(rf_phy.o)
    0x08007580   0x08007580   0x00000020   Code   RO         6409    i.RF_TxFIFO_LeData_set  Rafael_BLE_MM32F032xx_s.lib(rf_phy.o)
    0x080075a0   0x080075a0   0x0000001c   Code   RO         6410    i.RF_TxFIFO_LeData_wIdx_set  Rafael_BLE_MM32F032xx_s.lib(rf_phy.o)
    0x080075bc   0x080075bc   0x0000001c   Code   RO         6411    i.RF_TxFIFO_OriginAddr_set  Rafael_BLE_MM32F032xx_s.lib(rf_phy.o)
    0x080075d8   0x080075d8   0x00000064   Code   RO         6412    i.RF_Voltage_Det    Rafael_BLE_MM32F032xx_s.lib(rf_phy.o)
    0x0800763c   0x0800763c   0x00000014   Code   RO         6413    i.RF_WTR_EnChk      Rafael_BLE_MM32F032xx_s.lib(rf_phy.o)
    0x08007650   0x08007650   0x00000018   Code   RO         6416    i.RF_WTR_intOff     Rafael_BLE_MM32F032xx_s.lib(rf_phy.o)
    0x08007668   0x08007668   0x00000018   Code   RO         6417    i.RF_WTR_intOn      Rafael_BLE_MM32F032xx_s.lib(rf_phy.o)
    0x08007680   0x08007680   0x00000034   Code   RO         5692    i.RF_cmpFIFO_BDAddr  Rafael_BLE_MM32F032xx_s.lib(ll.o)
    0x080076b4   0x080076b4   0x00000044   Code   RO         5693    i.RF_cmpFIFO_WhiteList  Rafael_BLE_MM32F032xx_s.lib(ll.o)
    0x080076f8   0x080076f8   0x00000024   Code   RO         5318    i.RcvMsgBlk         Rafael_BLE_MM32F032xx_s.lib(kernel.o)
    0x0800771c   0x0800771c   0x0000000c   Code   RO         7014    i.Rls_L2CAP_Buf     Rafael_BLE_MM32F032xx_s.lib(l2cap.o)
    0x08007728   0x08007728   0x00000034   Code   RO         7111    i.SMEC_LE_CODE_SMP_Pairing_Confirm  Rafael_BLE_MM32F032xx_s.lib(mmi.o)
    0x0800775c   0x0800775c   0x000000a0   Code   RO         7112    i.SMEC_LE_CODE_SMP_Pairing_Random  Rafael_BLE_MM32F032xx_s.lib(mmi.o)
    0x080077fc   0x080077fc   0x00000090   Code   RO         7113    i.SMEC_LE_SMP_Key_Gen  Rafael_BLE_MM32F032xx_s.lib(mmi.o)
    0x0800788c   0x0800788c   0x00000090   Code   RO         4611    i.SPI_1BYT_SetRx    porting_spi.o
    0x0800791c   0x0800791c   0x000000c4   Code   RO         4612    i.SPI_1BYT_SetRx_Isr  porting_spi.o
    0x080079e0   0x080079e0   0x00000054   Code   RO         4613    i.SPI_1BYT_SetTx    porting_spi.o
    0x08007a34   0x08007a34   0x00000050   Code   RO         4614    i.SPI_1BYT_SetTx_Isr  porting_spi.o
    0x08007a84   0x08007a84   0x00000078   Code   RO         4615    i.SPI_2BYT_SetTx_Isr  porting_spi.o
    0x08007afc   0x08007afc   0x00000040   Code   RO         2284    i.SPI_BiDirectionalLineConfig  hal_spi.o
    0x08007b3c   0x08007b3c   0x00000018   Code   RO         2285    i.SPI_CSInternalSelected  hal_spi.o
    0x08007b54   0x08007b54   0x00000018   Code   RO         2287    i.SPI_Cmd           hal_spi.o
    0x08007b6c   0x08007b6c   0x0000001c   Code   RO         2288    i.SPI_DMACmd        hal_spi.o
    0x08007b88   0x08007b88   0x00000038   Code   RO         4532    i.SPI_GPIO_Init     porting_misc.o
    0x08007bc0   0x08007bc0   0x0000008a   Code   RO         2295    i.SPI_Init          hal_spi.o
    0x08007c4a   0x08007c4a   0x00000002   PAD
    0x08007c4c   0x08007c4c   0x000000a8   Code   RO         4616    i.SPI_PDMA_SetRx_Isr  porting_spi.o
    0x08007cf4   0x08007cf4   0x000000a8   Code   RO         4617    i.SPI_PDMA_SetTx    porting_spi.o
    0x08007d9c   0x08007d9c   0x00000004   Code   RO         4618    i.SPI_PDMA_waitFinish  porting_spi.o
    0x08007da0   0x08007da0   0x00000020   Code   RO         2301    i.SPI_StructInit    hal_spi.o
    0x08007dc0   0x08007dc0   0x00000194   Code   RO          414    i.SPIx_Configure    spi.o
    0x08007f54   0x08007f54   0x0000016c   Code   RO          415    i.SPIx_DMA_Configure  spi.o
    0x080080c0   0x080080c0   0x00000040   Code   RO          416    i.SPIx_DMA_InterruptConfigure  spi.o
    0x08008100   0x08008100   0x00000130   Code   RO          417    i.SPIx_DMA_RxData   spi.o
    0x08008230   0x08008230   0x00000124   Code   RO          418    i.SPIx_DMA_TxData   spi.o
    0x08008354   0x08008354   0x00000058   Code   RO          419    i.SPIx_ReadWriteByte  spi.o
    0x080083ac   0x080083ac   0x00000010   Code   RO          420    i.SPIx_WriteByte    spi.o
    0x080083bc   0x080083bc   0x00000008   Code   RO            4    i.SetSysClock       system_mm32f032xx_s.o
    0x080083c4   0x080083c4   0x0000017c   Code   RO            5    i.SetSysClockTo48_HSI  system_mm32f032xx_s.o
    0x08008540   0x08008540   0x00000020   Code   RO         5319    i.SndMsgBlk         Rafael_BLE_MM32F032xx_s.lib(kernel.o)
    0x08008560   0x08008560   0x0000001c   Code   RO         5694    i.SndMsgBlkEC       Rafael_BLE_MM32F032xx_s.lib(ll.o)
    0x0800857c   0x0800857c   0x0000001c   Code   RO         5320    i.SndMsgBlk_Isr     Rafael_BLE_MM32F032xx_s.lib(kernel.o)
    0x08008598   0x08008598   0x00000030   Code   RO         5322    i.SndMsgBlks_Isr    Rafael_BLE_MM32F032xx_s.lib(kernel.o)
    0x080085c8   0x080085c8   0x00000024   Code   RO         1787    i.SysTick_CLKSourceConfig  hal_misc.o
    0x080085ec   0x080085ec   0x00000050   Code   RO          508    i.SysTick_DelayMs   systick_1.o
    0x0800863c   0x0800863c   0x00000024   Code   RO         4436    i.SysTick_Handler   port.o
    0x08008660   0x08008660   0x0000006c   Code   RO            6    i.SystemInit        system_mm32f032xx_s.o
    0x080086cc   0x080086cc   0x00000088   Code   RO          555    i.UART1_IRQHandler  uart_1.o
    0x08008754   0x08008754   0x00000004   Code   RO         3022    i.UART_ClearITPendingBit  hal_uart.o
    0x08008758   0x08008758   0x0000000c   Code   RO         3023    i.UART_Cmd          hal_uart.o
    0x08008764   0x08008764   0x00000012   Code   RO         3024    i.UART_DMACmd       hal_uart.o
    0x08008776   0x08008776   0x00000012   Code   RO         3027    i.UART_GetFlagStatus  hal_uart.o
    0x08008788   0x08008788   0x00000012   Code   RO         3028    i.UART_GetITStatus  hal_uart.o
    0x0800879a   0x0800879a   0x00000014   Code   RO         3030    i.UART_ITConfig     hal_uart.o
    0x080087ae   0x080087ae   0x00000002   PAD
    0x080087b0   0x080087b0   0x00000078   Code   RO         3031    i.UART_Init         hal_uart.o
    0x08008828   0x08008828   0x00000006   Code   RO         3035    i.UART_SendData     hal_uart.o
    0x0800882e   0x0800882e   0x0000001a   Code   RO         3044    i.UART_StructInit   hal_uart.o
    0x08008848   0x08008848   0x0000001a   Code   RO          556    i.UART_TX_Send      uart_1.o
    0x08008862   0x08008862   0x00000016   Code   RO          557    i.UART_nvic_config  uart_1.o
    0x08008878   0x08008878   0x00000168   Code   RO          558    i.UARTx_Configure   uart_1.o
    0x080089e0   0x080089e0   0x00000020   Code   RO          559    i.UartSendByte      uart_1.o
    0x08008a00   0x08008a00   0x00000020   Code   RO         7827    i.__0printf$8       mc_p.l(printf8.o)
    0x08008a20   0x08008a20   0x0000001a   Code   RO         5553    i.__ARM_common_switch8  Rafael_BLE_MM32F032xx_s.lib(kernel.o)
    0x08008a3a   0x08008a3a   0x0000000e   Code   RO         7922    i.__scatterload_copy  mc_p.l(handlers.o)
    0x08008a48   0x08008a48   0x00000002   Code   RO         7923    i.__scatterload_null  mc_p.l(handlers.o)
    0x08008a4a   0x08008a4a   0x0000000e   Code   RO         7924    i.__scatterload_zeroinit  mc_p.l(handlers.o)
    0x08008a58   0x08008a58   0x00000428   Code   RO         7834    i._printf_core      mc_p.l(printf8.o)
    0x08008e80   0x08008e80   0x00000020   Code   RO         7835    i._printf_post_padding  mc_p.l(printf8.o)
    0x08008ea0   0x08008ea0   0x0000002c   Code   RO         7836    i._printf_pre_padding  mc_p.l(printf8.o)
    0x08008ecc   0x08008ecc   0x00000084   Code   RO         7424    i.checkBLE_CmdTimer  Rafael_BLE_MM32F032xx_s.lib(rffunction.o)
    0x08008f50   0x08008f50   0x0000005c   Code   RO         7425    i.chkBLE_ATTRIBUTE_PERMISSION_Read  Rafael_BLE_MM32F032xx_s.lib(rffunction.o)
    0x08008fac   0x08008fac   0x0000005c   Code   RO         7426    i.chkBLE_ATTRIBUTE_PERMISSION_Write  Rafael_BLE_MM32F032xx_s.lib(rffunction.o)
    0x08009008   0x08009008   0x00000004   Code   RO         7427    i.chkBLE_ATT_Chr_AcssRd_ByUser  Rafael_BLE_MM32F032xx_s.lib(rffunction.o)
    0x0800900c   0x0800900c   0x00000004   Code   RO         7428    i.chkBLE_ATT_Chr_AcssWr_ByUser  Rafael_BLE_MM32F032xx_s.lib(rffunction.o)
    0x08009010   0x08009010   0x00000014   Code   RO         5695    i.chkBLE_LL_State_Adv  Rafael_BLE_MM32F032xx_s.lib(ll.o)
    0x08009024   0x08009024   0x00000014   Code   RO         5696    i.chkBLE_LL_State_Init  Rafael_BLE_MM32F032xx_s.lib(ll.o)
    0x08009038   0x08009038   0x00000014   Code   RO         5697    i.chkBLE_LL_State_Scan  Rafael_BLE_MM32F032xx_s.lib(ll.o)
    0x0800904c   0x0800904c   0x00000018   Code   RO         7429    i.chkIfBLE_ATT_Chr_Acss_ByUser  Rafael_BLE_MM32F032xx_s.lib(rffunction.o)
    0x08009064   0x08009064   0x00000030   Code   RO         7430    i.clearBLE_CmdTimer  Rafael_BLE_MM32F032xx_s.lib(rffunction.o)
    0x08009094   0x08009094   0x00000028   Code   RO          510    i.delay_init        systick_1.o
    0x080090bc   0x080090bc   0x00000012   Code   RO         4684    i.delay_us          porting_lltimer.o
    0x080090ce   0x080090ce   0x00000004   Code   RO         1010    i.exDMA_SetMemoryAddress  hal_dma.o
    0x080090d2   0x080090d2   0x00000004   Code   RO         1012    i.exDMA_SetTransmitLen  hal_dma.o
    0x080090d6   0x080090d6   0x00000002   PAD
    0x080090d8   0x080090d8   0x00000028   Code   RO         1112    i.exEXTI_LineDisable  hal_exti.o
    0x08009100   0x08009100   0x00000024   Code   RO          560    i.fputc             uart_1.o
    0x08009124   0x08009124   0x0000001c   Code   RO         7431    i.getBLE_ATTRIBUTE_TYPE_Size  Rafael_BLE_MM32F032xx_s.lib(rffunction.o)
    0x08009140   0x08009140   0x00000020   Code   RO         7432    i.getBLE_ATTRIBUTE_Value_DynmcLngth  Rafael_BLE_MM32F032xx_s.lib(rffunction.o)
    0x08009160   0x08009160   0x00000014   Code   RO         7433    i.getBLE_CmdTimerEvent  Rafael_BLE_MM32F032xx_s.lib(rffunction.o)
    0x08009174   0x08009174   0x00000080   Code   RO         7434    i.initBLE_AttServParamter  Rafael_BLE_MM32F032xx_s.lib(rffunction.o)
    0x080091f4   0x080091f4   0x00000040   Code   RO         7114    i.initBLEsmp        Rafael_BLE_MM32F032xx_s.lib(mmi.o)
    0x08009234   0x08009234   0x00000038   Code   RO         7115    i.initBLEsmp_Re     Rafael_BLE_MM32F032xx_s.lib(mmi.o)
    0x0800926c   0x0800926c   0x00000014   Code   RO         7116    i.initBLEsw         Rafael_BLE_MM32F032xx_s.lib(mmi.o)
    0x08009280   0x08009280   0x00000014   Code   RO         5170    i.initBleDeviceParam  Rafael_BLE_MM32F032xx_s.lib(host.o)
    0x08009294   0x08009294   0x00000034   Code   RO         6816    i.initHCI           Rafael_BLE_MM32F032xx_s.lib(hci.o)
    0x080092c8   0x080092c8   0x00000018   Code   RO         6419    i.initInt           Rafael_BLE_MM32F032xx_s.lib(rf_phy.o)
    0x080092e0   0x080092e0   0x0000000c   Code   RO         7015    i.initL2CAP         Rafael_BLE_MM32F032xx_s.lib(l2cap.o)
    0x080092ec   0x080092ec   0x00000134   Code   RO         5698    i.initLL            Rafael_BLE_MM32F032xx_s.lib(ll.o)
    0x08009420   0x08009420   0x0000000c   Code   RO         6817    i.initLLCallBack    Rafael_BLE_MM32F032xx_s.lib(hci.o)
    0x0800942c   0x0800942c   0x00000018   Code   RO         7435    i.init_q_att_HDL_PreWr  Rafael_BLE_MM32F032xx_s.lib(rffunction.o)
    0x08009444   0x08009444   0x000000e8   Code   RO           82    i.main              main.o
    0x0800952c   0x0800952c   0x0000007c   Code   RO         3867    i.prvAddCurrentTaskToDelayedList  tasks.o
    0x080095a8   0x080095a8   0x000000ac   Code   RO         3868    i.prvAddNewTaskToReadyList  tasks.o
    0x08009654   0x08009654   0x00000068   Code   RO         4231    i.prvCheckForValidListAndQueue  timers.o
    0x080096bc   0x080096bc   0x00000048   Code   RO         3869    i.prvCheckTasksWaitingTermination  tasks.o
    0x08009704   0x08009704   0x0000002c   Code   RO         3490    i.prvCopyDataFromQueue  queue.o
    0x08009730   0x08009730   0x00000080   Code   RO         3491    i.prvCopyDataToQueue  queue.o
    0x080097b0   0x080097b0   0x00000012   Code   RO         3870    i.prvDeleteTCB      tasks.o
    0x080097c2   0x080097c2   0x00000002   PAD
    0x080097c4   0x080097c4   0x0000002c   Code   RO         4232    i.prvGetNextExpireTime  timers.o
    0x080097f0   0x080097f0   0x00000080   Code   RO         4379    i.prvHeapInit       heap_4.o
    0x08009870   0x08009870   0x00000018   Code   RO         3871    i.prvIdleTask       tasks.o
    0x08009888   0x08009888   0x0000002c   Code   RO         3494    i.prvInitialiseNewQueue  queue.o
    0x080098b4   0x080098b4   0x000000ba   Code   RO         3872    i.prvInitialiseNewTask  tasks.o
    0x0800996e   0x0800996e   0x00000002   PAD
    0x08009970   0x08009970   0x00000064   Code   RO         3873    i.prvInitialiseTaskLists  tasks.o
    0x080099d4   0x080099d4   0x00000068   Code   RO         4380    i.prvInsertBlockIntoFreeList  heap_4.o
    0x08009a3c   0x08009a3c   0x00000054   Code   RO         4234    i.prvInsertTimerInActiveList  timers.o
    0x08009a90   0x08009a90   0x0000001c   Code   RO         3495    i.prvIsQueueEmpty   queue.o
    0x08009aac   0x08009aac   0x0000001e   Code   RO         3496    i.prvIsQueueFull    queue.o
    0x08009aca   0x08009aca   0x00000002   PAD
    0x08009acc   0x08009acc   0x00000068   Code   RO         4235    i.prvProcessExpiredTimer  timers.o
    0x08009b34   0x08009b34   0x00000128   Code   RO         4236    i.prvProcessReceivedCommands  timers.o
    0x08009c5c   0x08009c5c   0x0000006c   Code   RO         4237    i.prvProcessTimerOrBlockTask  timers.o
    0x08009cc8   0x08009cc8   0x00000034   Code   RO         3875    i.prvResetNextTaskUnblockTime  tasks.o
    0x08009cfc   0x08009cfc   0x0000002c   Code   RO         4238    i.prvSampleTimeNow  timers.o
    0x08009d28   0x08009d28   0x00000094   Code   RO         4239    i.prvSwitchTimerLists  timers.o
    0x08009dbc   0x08009dbc   0x00000024   Code   RO         4437    i.prvTaskExitError  port.o
    0x08009de0   0x08009de0   0x0000001a   Code   RO         4240    i.prvTimerTask      timers.o
    0x08009dfa   0x08009dfa   0x0000008e   Code   RO         3497    i.prvUnlockQueue    queue.o
    0x08009e88   0x08009e88   0x0000012c   Code   RO         4381    i.pvPortMalloc      heap_4.o
    0x08009fb4   0x08009fb4   0x00000020   Code   RO         4438    i.pxPortInitialiseStack  port.o
    0x08009fd4   0x08009fd4   0x00000064   Code   RO         6420    i.rafael_pll_bank_get  Rafael_BLE_MM32F032xx_s.lib(rf_phy.o)
    0x0800a038   0x0800a038   0x00000130   Code   RO         6421    i.rafael_pll_calibration  Rafael_BLE_MM32F032xx_s.lib(rf_phy.o)
    0x0800a168   0x0800a168   0x00000028   Code   RO         6422    i.rafael_reset_phy_fsm  Rafael_BLE_MM32F032xx_s.lib(rf_phy.o)
    0x0800a190   0x0800a190   0x00000024   Code   RO         6423    i.rafael_reset_phy_fsm_Isr  Rafael_BLE_MM32F032xx_s.lib(rf_phy.o)
    0x0800a1b4   0x0800a1b4   0x00000010   Code   RO           83    i.rf_Stack_task     main.o
    0x0800a1c4   0x0800a1c4   0x00000038   Code   RO         4798    i.setBLE_AdvData    Rafael_BLE_MM32F032xx_s.lib(ble_cmd.o)
    0x0800a1fc   0x0800a1fc   0x00000036   Code   RO         4800    i.setBLE_AdvEnable  Rafael_BLE_MM32F032xx_s.lib(ble_cmd.o)
    0x0800a232   0x0800a232   0x00000002   PAD
    0x0800a234   0x0800a234   0x000000d4   Code   RO         4801    i.setBLE_AdvParam   Rafael_BLE_MM32F032xx_s.lib(ble_cmd.o)
    0x0800a308   0x0800a308   0x0000006c   Code   RO         4802    i.setBLE_BleDeviceAddr  Rafael_BLE_MM32F032xx_s.lib(ble_cmd.o)
    0x0800a374   0x0800a374   0x00000030   Code   RO         7436    i.setBLE_CmdTimer   Rafael_BLE_MM32F032xx_s.lib(rffunction.o)
    0x0800a3a4   0x0800a3a4   0x0000000e   Code   RO         7437    i.setBLE_ConnTxData  Rafael_BLE_MM32F032xx_s.lib(rffunction.o)
    0x0800a3b2   0x0800a3b2   0x00000030   Code   RO         7438    i.setBLE_ConnTxData_ATT_ERROR_RESPONSE  Rafael_BLE_MM32F032xx_s.lib(rffunction.o)
    0x0800a3e2   0x0800a3e2   0x0000003e   Code   RO         7439    i.setBLE_ConnTxData_SMP  Rafael_BLE_MM32F032xx_s.lib(rffunction.o)
    0x0800a420   0x0800a420   0x0000003e   Code   RO         7440    i.setBLE_ConnTxData_SMP_Isr  Rafael_BLE_MM32F032xx_s.lib(rffunction.o)
    0x0800a45e   0x0800a45e   0x00000024   Code   RO         4810    i.setBLE_Pairing_PassKey  Rafael_BLE_MM32F032xx_s.lib(ble_cmd.o)
    0x0800a482   0x0800a482   0x00000002   PAD
    0x0800a484   0x0800a484   0x00000018   Code   RO         5131    i.setBLE_RegisterBleEvent  Rafael_BLE_MM32F032xx_s.lib(ble_event.o)
    0x0800a49c   0x0800a49c   0x00000038   Code   RO         4816    i.setBLE_ScanRspData  Rafael_BLE_MM32F032xx_s.lib(ble_cmd.o)
    0x0800a4d4   0x0800a4d4   0x00000020   Code   RO         6424    i.setChannel_BLE    Rafael_BLE_MM32F032xx_s.lib(rf_phy.o)
    0x0800a4f4   0x0800a4f4   0x0000000c   Code   RO         6429    i.smpAES_En         Rafael_BLE_MM32F032xx_s.lib(rf_phy.o)
    0x0800a500   0x0800a500   0x00000048   Code   RO         6430    i.smpAES_inInv      Rafael_BLE_MM32F032xx_s.lib(rf_phy.o)
    0x0800a548   0x0800a548   0x00000018   Code   RO         6431    i.smpAES_in_PlainText  Rafael_BLE_MM32F032xx_s.lib(rf_phy.o)
    0x0800a560   0x0800a560   0x0000000e   Code   RO         6432    i.smpAES_in_key     Rafael_BLE_MM32F032xx_s.lib(rf_phy.o)
    0x0800a56e   0x0800a56e   0x00000022   Code   RO         6433    i.smpAES_out        Rafael_BLE_MM32F032xx_s.lib(rf_phy.o)
    0x0800a590   0x0800a590   0x00000030   Code   RO         6434    i.smpAES_outInv     Rafael_BLE_MM32F032xx_s.lib(rf_phy.o)
    0x0800a5c0   0x0800a5c0   0x000000c4   Code   RO         7441    i.smpC1             Rafael_BLE_MM32F032xx_s.lib(rffunction.o)
    0x0800a684   0x0800a684   0x00000018   Code   RO         7442    i.smpPasskey_init   Rafael_BLE_MM32F032xx_s.lib(rffunction.o)
    0x0800a69c   0x0800a69c   0x0000002c   Code   RO         7443    i.smpPasskey_set    Rafael_BLE_MM32F032xx_s.lib(rffunction.o)
    0x0800a6c8   0x0800a6c8   0x0000002c   Code   RO         7444    i.smpS1             Rafael_BLE_MM32F032xx_s.lib(rffunction.o)
    0x0800a6f4   0x0800a6f4   0x00000194   Code   RO         4535    i.spiGpioWriteReg   porting_misc.o
    0x0800a888   0x0800a888   0x00000010   Code   RO          314    i.trspx_receive_data_callback  user.o
    0x0800a898   0x0800a898   0x00000030   Code   RO          315    i.trspx_send        user.o
    0x0800a8c8   0x0800a8c8   0x00000028   Code   RO         3453    i.uxListRemove      list.o
    0x0800a8f0   0x0800a8f0   0x0000001a   Code   RO         3454    i.vListInitialise   list.o
    0x0800a90a   0x0800a90a   0x00000006   Code   RO         3455    i.vListInitialiseItem  list.o
    0x0800a910   0x0800a910   0x00000036   Code   RO         3456    i.vListInsert       list.o
    0x0800a946   0x0800a946   0x00000018   Code   RO         3457    i.vListInsertEnd    list.o
    0x0800a95e   0x0800a95e   0x00000002   PAD
    0x0800a960   0x0800a960   0x0000001c   Code   RO         4440    i.vPortEnterCritical  port.o
    0x0800a97c   0x0800a97c   0x00000028   Code   RO         4441    i.vPortExitCritical  port.o
    0x0800a9a4   0x0800a9a4   0x00000090   Code   RO         4382    i.vPortFree         heap_4.o
    0x0800aa34   0x0800aa34   0x0000002c   Code   RO         4442    i.vPortSetupTimerInterrupt  port.o
    0x0800aa60   0x0800aa60   0x00000018   Code   RO         4443    i.vPortYield        port.o
    0x0800aa78   0x0800aa78   0x0000002c   Code   RO         3503    i.vQueueAddToRegistry  queue.o
    0x0800aaa4   0x0800aaa4   0x0000004c   Code   RO         3507    i.vQueueWaitForMessageRestricted  queue.o
    0x0800aaf0   0x0800aaf0   0x00000018   Code   RO         3893    i.vTaskInternalSetTimeOutState  tasks.o
    0x0800ab08   0x0800ab08   0x0000000c   Code   RO         3894    i.vTaskMissedYield  tasks.o
    0x0800ab14   0x0800ab14   0x0000002c   Code   RO         3895    i.vTaskPlaceOnEventList  tasks.o
    0x0800ab40   0x0800ab40   0x00000034   Code   RO         3896    i.vTaskPlaceOnEventListRestricted  tasks.o
    0x0800ab74   0x0800ab74   0x00000078   Code   RO         3904    i.vTaskStartScheduler  tasks.o
    0x0800abec   0x0800abec   0x00000010   Code   RO         3906    i.vTaskSuspendAll   tasks.o
    0x0800abfc   0x0800abfc   0x00000080   Code   RO         3907    i.vTaskSwitchContext  tasks.o
    0x0800ac7c   0x0800ac7c   0x00000038   Code   RO         4444    i.xPortStartScheduler  port.o
    0x0800acb4   0x0800acb4   0x0000006c   Code   RO         3510    i.xQueueGenericCreate  queue.o
    0x0800ad20   0x0800ad20   0x00000082   Code   RO         3511    i.xQueueGenericReset  queue.o
    0x0800ada2   0x0800ada2   0x0000015a   Code   RO         3512    i.xQueueGenericSend  queue.o
    0x0800aefc   0x0800aefc   0x000000ca   Code   RO         3513    i.xQueueGenericSendFromISR  queue.o
    0x0800afc6   0x0800afc6   0x00000138   Code   RO         3520    i.xQueueReceive     queue.o
    0x0800b0fe   0x0800b0fe   0x00000002   PAD
    0x0800b100   0x0800b100   0x00000078   Code   RO         3909    i.xTaskCheckForTimeOut  tasks.o
    0x0800b178   0x0800b178   0x0000005c   Code   RO         3910    i.xTaskCreate       tasks.o
    0x0800b1d4   0x0800b1d4   0x00000024   Code   RO         3916    i.xTaskGetSchedulerState  tasks.o
    0x0800b1f8   0x0800b1f8   0x0000000c   Code   RO         3917    i.xTaskGetTickCount  tasks.o
    0x0800b204   0x0800b204   0x0000013c   Code   RO         3919    i.xTaskIncrementTick  tasks.o
    0x0800b340   0x0800b340   0x00000088   Code   RO         3920    i.xTaskPriorityDisinherit  tasks.o
    0x0800b3c8   0x0800b3c8   0x00000088   Code   RO         3922    i.xTaskRemoveFromEventList  tasks.o
    0x0800b450   0x0800b450   0x000000f0   Code   RO         3923    i.xTaskResumeAll    tasks.o
    0x0800b540   0x0800b540   0x00000048   Code   RO         4248    i.xTimerCreateTimerTask  timers.o
    0x0800b588   0x0800b588   0x00000074   Code   RO         4249    i.xTimerGenericCommand  timers.o
    0x0800b5fc   0x0800b5fc   0x00000023   Data   RO          317    .constdata          user.o
    0x0800b61f   0x0800b61f   0x00000001   PAD
    0x0800b620   0x0800b620   0x00000008   Data   RO          421    .constdata          spi.o
    0x0800b628   0x0800b628   0x00000016   Data   RO         4620    .constdata          porting_spi.o
    0x0800b63e   0x0800b63e   0x00000002   PAD
    0x0800b640   0x0800b640   0x000005b0   Data   RO         4741    .constdata          profile_tab.o
    0x0800bbf0   0x0800bbf0   0x0000000c   Data   RO         5172    .constdata          Rafael_BLE_MM32F032xx_s.lib(host.o)
    0x0800bbfc   0x0800bbfc   0x00000354   Data   RO         5704    .constdata          Rafael_BLE_MM32F032xx_s.lib(ll.o)
    0x0800bf50   0x0800bf50   0x0000011a   Data   RO         6437    .constdata          Rafael_BLE_MM32F032xx_s.lib(rf_phy.o)
    0x0800c06a   0x0800c06a   0x00000002   PAD
    0x0800c06c   0x0800c06c   0x0000006c   Data   RO         6819    .constdata          Rafael_BLE_MM32F032xx_s.lib(hci.o)
    0x0800c0d8   0x0800c0d8   0x00000040   Data   RO         6820    .constdata          Rafael_BLE_MM32F032xx_s.lib(hci.o)
    0x0800c118   0x0800c118   0x00000008   Data   RO         6821    .constdata          Rafael_BLE_MM32F032xx_s.lib(hci.o)
    0x0800c120   0x0800c120   0x00000004   Data   RO         7017    .constdata          Rafael_BLE_MM32F032xx_s.lib(l2cap.o)
    0x0800c124   0x0800c124   0x000000ac   Data   RO         7117    .constdata          Rafael_BLE_MM32F032xx_s.lib(mmi.o)
    0x0800c1d0   0x0800c1d0   0x0000001c   Data   RO         7118    .constdata          Rafael_BLE_MM32F032xx_s.lib(mmi.o)
    0x0800c1ec   0x0800c1ec   0x00000010   Data   RO         7455    .constdata          Rafael_BLE_MM32F032xx_s.lib(rffunction.o)
    0x0800c1fc   0x0800c1fc   0x0000004b   Data   RO          318    .conststring        user.o
    0x0800c247   0x0800c247   0x00000001   PAD
    0x0800c248   0x0800c248   0x00000020   Data   RO         7921    Region$$Table       anon$$obj.o


    Execution Region RW_IRAM1 (Exec base: 0x20000000, Load base: 0x0800c268, Size: 0x00003748, Max: 0x00004000, ABSOLUTE, COMPRESSED[0x0000022c])

    Exec Addr    Load Addr    Size         Type   Attr      Idx    E Section Name        Object

    0x20000000   COMPRESSED   0x00000014   Data   RW            7    .data               system_mm32f032xx_s.o
    0x20000014   COMPRESSED   0x00000004   Data   RW          319    .data               user.o
    0x20000018   COMPRESSED   0x00000002   Data   RW          422    .data               spi.o
    0x2000001a   COMPRESSED   0x00000002   PAD
    0x2000001c   COMPRESSED   0x00000008   Data   RW          511    .data               systick_1.o
    0x20000024   COMPRESSED   0x00000008   Data   RW          562    .data               uart_1.o
    0x2000002c   COMPRESSED   0x00000010   Data   RW         1943    .data               hal_rcc.o
    0x2000003c   COMPRESSED   0x0000003c   Data   RW         3926    .data               tasks.o
    0x20000078   COMPRESSED   0x00000014   Data   RW         4255    .data               timers.o
    0x2000008c   COMPRESSED   0x00000020   Data   RW         4388    .data               heap_4.o
    0x200000ac   COMPRESSED   0x00000004   Data   RW         4445    .data               port.o
    0x200000b0   COMPRESSED   0x0000024d   Data   RW         4742    .data               profile_tab.o
    0x200002fd   COMPRESSED   0x00000003   PAD
    0x20000300   COMPRESSED   0x00000004   Data   RW         5132    .data               Rafael_BLE_MM32F032xx_s.lib(ble_event.o)
    0x20000304   COMPRESSED   0x00000007   Data   RW         5173    .data               Rafael_BLE_MM32F032xx_s.lib(host.o)
    0x2000030b   COMPRESSED   0x00000008   Data   RW         5174    .data               Rafael_BLE_MM32F032xx_s.lib(host.o)
    0x20000313   COMPRESSED   0x00000001   PAD
    0x20000314   COMPRESSED   0x00000008   Data   RW         5324    .data               Rafael_BLE_MM32F032xx_s.lib(kernel.o)
    0x2000031c   COMPRESSED   0x00000004   PAD
    0x20000320   COMPRESSED   0x000000a8   Data   RW         5710    .data               Rafael_BLE_MM32F032xx_s.lib(ll.o)
    0x200003c8   COMPRESSED   0x00000038   Data   RW         6442    .data               Rafael_BLE_MM32F032xx_s.lib(rf_phy.o)
    0x20000400   COMPRESSED   0x0000000d   Data   RW         6822    .data               Rafael_BLE_MM32F032xx_s.lib(hci.o)
    0x2000040d   COMPRESSED   0x00000002   Data   RW         7119    .data               Rafael_BLE_MM32F032xx_s.lib(mmi.o)
    0x2000040f   COMPRESSED   0x00000010   Data   RW         7456    .data               Rafael_BLE_MM32F032xx_s.lib(rffunction.o)
    0x2000041f   COMPRESSED   0x0000000b   Data   RW         7457    .data               Rafael_BLE_MM32F032xx_s.lib(rffunction.o)
    0x2000042a   COMPRESSED   0x00000010   Data   RW         7460    .data               Rafael_BLE_MM32F032xx_s.lib(rffunction.o)
    0x2000043a   COMPRESSED   0x00000002   Data   RW         7461    .data               Rafael_BLE_MM32F032xx_s.lib(rffunction.o)
    0x2000043c   COMPRESSED   0x00000008   Data   RW         7462    .data               Rafael_BLE_MM32F032xx_s.lib(rffunction.o)
    0x20000444   COMPRESSED   0x00000010   Data   RW         7463    .data               Rafael_BLE_MM32F032xx_s.lib(rffunction.o)
    0x20000454   COMPRESSED   0x00000010   Data   RW         7464    .data               Rafael_BLE_MM32F032xx_s.lib(rffunction.o)
    0x20000464   COMPRESSED   0x00000019   Data   RW         7465    .data               Rafael_BLE_MM32F032xx_s.lib(rffunction.o)
    0x2000047d   COMPRESSED   0x00000001   Data   RW         7466    .data               Rafael_BLE_MM32F032xx_s.lib(rffunction.o)
    0x2000047e   COMPRESSED   0x0000000f   Data   RW         7468    .data               Rafael_BLE_MM32F032xx_s.lib(rffunction.o)
    0x2000048d   COMPRESSED   0x00000001   Data   RW         7469    .data               Rafael_BLE_MM32F032xx_s.lib(rffunction.o)
    0x2000048e   COMPRESSED   0x00000001   Data   RW         7470    .data               Rafael_BLE_MM32F032xx_s.lib(rffunction.o)
    0x2000048f   COMPRESSED   0x00000008   Data   RW         7471    .data               Rafael_BLE_MM32F032xx_s.lib(rffunction.o)
    0x20000497   COMPRESSED   0x00000002   Data   RW         7472    .data               Rafael_BLE_MM32F032xx_s.lib(rffunction.o)
    0x20000499   COMPRESSED   0x00000008   Data   RW         7475    .data               Rafael_BLE_MM32F032xx_s.lib(rffunction.o)
    0x200004a1   COMPRESSED   0x00000003   PAD
    0x200004a4   COMPRESSED   0x00000004   Data   RW         7895    .data               mc_p.l(stdout.o)
    0x200004a8        -       0x000000f7   Zero   RW          316    .bss                user.o
    0x2000059f        -       0x00000190   Zero   RW          561    .bss                uart_1.o
    0x2000072f   COMPRESSED   0x00000001   PAD
    0x20000730        -       0x00000040   Zero   RW         3524    .bss                queue.o
    0x20000770        -       0x000000c8   Zero   RW         3925    .bss                tasks.o
    0x20000838        -       0x00000028   Zero   RW         4254    .bss                timers.o
    0x20000860        -       0x00001964   Zero   RW         4387    .bss                heap_4.o
    0x200021c4        -       0x000001e8   Zero   RW         4740    .bss                profile_tab.o
    0x200023ac        -       0x0000094c   Zero   RW         5323    .bss                Rafael_BLE_MM32F032xx_s.lib(kernel.o)
    0x20002cf8        -       0x000002d8   Zero   RW         5702    .bss                Rafael_BLE_MM32F032xx_s.lib(ll.o)
    0x20002fd0        -       0x00000030   Zero   RW         5703    .bss                Rafael_BLE_MM32F032xx_s.lib(ll.o)
    0x20003000        -       0x00000035   Zero   RW         6436    .bss                Rafael_BLE_MM32F032xx_s.lib(rf_phy.o)
    0x20003035        -       0x000000fd   Zero   RW         7016    .bss                Rafael_BLE_MM32F032xx_s.lib(l2cap.o)
    0x20003132   COMPRESSED   0x00000002   PAD
    0x20003134        -       0x00000190   Zero   RW         7446    .bss                Rafael_BLE_MM32F032xx_s.lib(rffunction.o)
    0x200032c4        -       0x00000010   Zero   RW         7447    .bss                Rafael_BLE_MM32F032xx_s.lib(rffunction.o)
    0x200032d4        -       0x00000010   Zero   RW         7448    .bss                Rafael_BLE_MM32F032xx_s.lib(rffunction.o)
    0x200032e4        -       0x00000010   Zero   RW         7449    .bss                Rafael_BLE_MM32F032xx_s.lib(rffunction.o)
    0x200032f4        -       0x00000010   Zero   RW         7450    .bss                Rafael_BLE_MM32F032xx_s.lib(rffunction.o)
    0x20003304        -       0x00000010   Zero   RW         7451    .bss                Rafael_BLE_MM32F032xx_s.lib(rffunction.o)
    0x20003314        -       0x0000000a   Zero   RW         7452    .bss                Rafael_BLE_MM32F032xx_s.lib(rffunction.o)
    0x2000331e        -       0x0000002a   Zero   RW         7454    .bss                Rafael_BLE_MM32F032xx_s.lib(rffunction.o)
    0x20003348        -       0x00000400   Zero   RW           70    STACK               startup_mm32f032xx_s_keil.o


==============================================================================

Image component sizes


      Code (inc. data)   RO Data    RW Data    ZI Data      Debug   Object Name

       100          6          0          0          0        587   bsp_led.o
         0          0          0          0          0       2432   event_groups.o
       256         26          0          0          0       9485   hal_dma.o
       268         28          0          0          0       6271   hal_exti.o
       236          0          0          0          0       6977   hal_gpio.o
       140          8          0          0          0       2998   hal_misc.o
       320         58          0         16          0       8194   hal_rcc.o
       310          0          0          0          0       7842   hal_spi.o
       242          4          0          0          0       8080   hal_uart.o
       676         78          0         32       6500       4667   heap_4.o
       150          0          0          0          0       3614   list.o
       460        114          0          0          0      43113   main.o
       416         58          0          4          0       7085   port.o
        24          0          0          0          0       1127   porting_lltimer.o
      1036         38          0          0          0       5853   porting_misc.o
      1060         44         22          0          0       6948   porting_spi.o
        28          0       1456        589        488      13813   profile_tab.o
      1634          4          0          0         64      16386   queue.o
      1652        106          8          2          0       7274   spi.o
        88         38        192          0       1024        820   startup_mm32f032xx_s_keil.o
       602         50          0         20          0     135112   system_mm32f032xx_s.o
       120         18          0          8          0       1844   systick_1.o
      2232        324          0         60        200      26661   tasks.o
      1146        108          0         20         40      14955   timers.o
       726         48          0          8        400       6303   uart_1.o
       724        300        110          4        247       6471   user.o

    ----------------------------------------------------------------------
     14668       1458       1824        768       8964     354912   Object Totals
         0          0         32          0          0          0   (incl. Generated)
        22          0          4          5          1          0   (incl. Padding)

    ----------------------------------------------------------------------

      Code (inc. data)   RO Data    RW Data    ZI Data      Debug   Library Member Name

       522         20          0          0          0      35299   ble_cmd.o
       572         38          0          4          0       4645   ble_event.o
      1402        298        180         13          0      52757   hci.o
       238         30         12         15          0      43595   host.o
      1190        106          0          8       2380      19045   kernel.o
        82         16          4          0        253       4126   l2cap.o
     17248       1216        852        168        776     132632   ll.o
      5172        550        200          2          0      39981   mmi.o
      2440        262        282         56         53      53555   rf_phy.o
      1170        118         16        146        532      27419   rffunction.o
        86          0          0          0          0          0   __dczerorl2.o
         0          0          0          0          0          0   entry.o
         0          0          0          0          0          0   entry10a.o
         0          0          0          0          0          0   entry11a.o
         8          4          0          0          0          0   entry2.o
         4          0          0          0          0          0   entry5.o
         0          0          0          0          0          0   entry7b.o
         0          0          0          0          0          0   entry8b.o
         8          4          0          0          0          0   entry9a.o
        30          0          0          0          0          0   handlers.o
        40          0          0          0          0         72   idiv.o
        36          8          0          0          0         68   init.o
        32          0          0          0          0         68   llshl.o
        34          0          0          0          0         68   llushr.o
        36          0          0          0          0         60   memcpya.o
        36          0          0          0          0        100   memseta.o
      1172         52          0          0          0        324   printf8.o
         0          0          0          4          0          0   stdout.o
        44          0          0          0          0         72   uidiv.o
        96          0          0          0          0         84   uldiv.o

    ----------------------------------------------------------------------
     31728       2722       1548        424       3996     413970   Library Totals
        30          0          2          8          2          0   (incl. Padding)

    ----------------------------------------------------------------------

      Code (inc. data)   RO Data    RW Data    ZI Data      Debug   Library Name

     30036       2654       1546        412       3994     413054   Rafael_BLE_MM32F032xx_s.lib
      1662         68          0          4          0        916   mc_p.l

    ----------------------------------------------------------------------
     31728       2722       1548        424       3996     413970   Library Totals

    ----------------------------------------------------------------------

==============================================================================


      Code (inc. data)   RO Data    RW Data    ZI Data      Debug   

     46396       4180       3372       1192      12960     747486   Grand Totals
     46396       4180       3372        556      12960     747486   ELF Image Totals (compressed)
     46396       4180       3372        556          0          0   ROM Totals

==============================================================================

    Total RO  Size (Code + RO Data)                49768 (  48.60kB)
    Total RW  Size (RW Data + ZI Data)             14152 (  13.82kB)
    Total ROM Size (Code + RO Data + RW Data)      50324 (  49.14kB)

==============================================================================

