<!doctype html public "-//w3c//dtd html 4.0 transitional//en">
<html><head>
<title>Static Call Graph - [.\Objects\SysTick_DelayMs.axf]</title></head>
<body><HR>
<H1>Static Call Graph for image .\Objects\SysTick_DelayMs.axf</H1><HR>
<BR><P>#&#060CALLGRAPH&#062# ARM Linker, 5060750: Last Updated: Tue Oct 27 17:45:35 2020
<BR><P>
<H3>Maximum Stack Usage =        236 bytes + Unknown(Cycles, Untraceable Function Pointers)</H3><H3>
Call chain for Maximum Stack Depth:</H3>
EXTI4_15_IRQHandler &rArr; LL_GPIO_Isr &rArr; LLWTR_Isr &rArr; LL_Buffer_To_FIFO_Isr &rArr; RF_TxFIFO_LeData_set &rArr; SPI_PDMA_SetTx &rArr; SPIx_DMA_TxData &rArr; SPIx_DMA_Configure &rArr; DMA_DeInit &rArr; __aeabi_uidivmod
<P>
<H3>
Mutually Recursive functions
</H3> <LI><a href="#[1]">NMI_Handler</a>&nbsp;&nbsp;&nbsp;&rArr;&nbsp;&nbsp;&nbsp;<a href="#[1]">NMI_Handler</a><BR>
 <LI><a href="#[2]">HardFault_Handler</a>&nbsp;&nbsp;&nbsp;&rArr;&nbsp;&nbsp;&nbsp;<a href="#[2]">HardFault_Handler</a><BR>
 <LI><a href="#[3]">SVC_Handler</a>&nbsp;&nbsp;&nbsp;&rArr;&nbsp;&nbsp;&nbsp;<a href="#[3]">SVC_Handler</a><BR>
 <LI><a href="#[11]">ADC1_COMP_IRQHandler</a>&nbsp;&nbsp;&nbsp;&rArr;&nbsp;&nbsp;&nbsp;<a href="#[11]">ADC1_COMP_IRQHandler</a><BR>
 <LI><a href="#[c9]">SysCtlDelay</a>&nbsp;&nbsp;&nbsp;&rArr;&nbsp;&nbsp;&nbsp;<a href="#[c9]">SysCtlDelay</a><BR>
</UL>
<P>
<H3>
Function Pointers
</H3><UL>
 <LI><a href="#[11]">ADC1_COMP_IRQHandler</a> from startup_mm32f032xx_s_keil.o(.text) referenced from startup_mm32f032xx_s_keil.o(RESET)
 <LI><a href="#[2c]">ATT_HDL_Rd_NULL</a> from profile_tab.o(i.ATT_HDL_Rd_NULL) referenced 44 times from profile_tab.o(.constdata)
 <LI><a href="#[2e]">ATT_HDL_Rd_UDF01S_UDATN01</a> from profile_tab.o(i.ATT_HDL_Rd_UDF01S_UDATN01) referenced from profile_tab.o(.constdata)
 <LI><a href="#[2d]">ATT_HDL_Rd_UDF01S_UDATR01</a> from profile_tab.o(i.ATT_HDL_Rd_UDF01S_UDATR01) referenced from profile_tab.o(.constdata)
 <LI><a href="#[2f]">ATT_HDL_Rd_UDF01S_UDATRW01</a> from profile_tab.o(i.ATT_HDL_Rd_UDF01S_UDATRW01) referenced from profile_tab.o(.constdata)
 <LI><a href="#[2a]">ATT_HDL_Wr_NULL</a> from profile_tab.o(i.ATT_HDL_Wr_NULL) referenced 46 times from profile_tab.o(.constdata)
 <LI><a href="#[2b]">ATT_HDL_Wr_UDF01S_UDATRW01</a> from profile_tab.o(i.ATT_HDL_Wr_UDF01S_UDATRW01) referenced from profile_tab.o(.constdata)
 <LI><a href="#[24]">BleEvent_Callback</a> from user.o(i.BleEvent_Callback) referenced from user.o(i.BleApp_Init)
 <LI><a href="#[1e]">CAN_IRQHandler</a> from startup_mm32f032xx_s_keil.o(.text) referenced from startup_mm32f032xx_s_keil.o(RESET)
 <LI><a href="#[e]">DMA1_Channel1_IRQHandler</a> from startup_mm32f032xx_s_keil.o(.text) referenced from startup_mm32f032xx_s_keil.o(RESET)
 <LI><a href="#[f]">DMA1_Channel2_3_IRQHandler</a> from spi.o(i.DMA1_Channel2_3_IRQHandler) referenced from startup_mm32f032xx_s_keil.o(RESET)
 <LI><a href="#[10]">DMA1_Channel4_5_IRQHandler</a> from spi.o(i.DMA1_Channel4_5_IRQHandler) referenced from startup_mm32f032xx_s_keil.o(RESET)
 <LI><a href="#[79]">ECHC_LE_Ctrl_Pkt</a> from ll.o(i.ECHC_LE_Ctrl_Pkt) referenced from ll.o(.constdata)
 <LI><a href="#[b]">EXTI0_1_IRQHandler</a> from startup_mm32f032xx_s_keil.o(.text) referenced from startup_mm32f032xx_s_keil.o(RESET)
 <LI><a href="#[c]">EXTI2_3_IRQHandler</a> from startup_mm32f032xx_s_keil.o(.text) referenced from startup_mm32f032xx_s_keil.o(RESET)
 <LI><a href="#[d]">EXTI4_15_IRQHandler</a> from porting_misc.o(i.EXTI4_15_IRQHandler) referenced from startup_mm32f032xx_s_keil.o(RESET)
 <LI><a href="#[9]">FLASH_IRQHandler</a> from startup_mm32f032xx_s_keil.o(.text) referenced from startup_mm32f032xx_s_keil.o(RESET)
 <LI><a href="#[34]">HCLL_Disconnect</a> from ll.o(i.HCLL_Disconnect) referenced from ll.o(.constdata)
 <LI><a href="#[3a]">HCLL_Host_Buffer_Size</a> from ll.o(i.HCLL_Host_Buffer_Size) referenced from ll.o(.constdata)
 <LI><a href="#[3b]">HCLL_Host_Num_of_Completed_Packets</a> from ll.o(i.HCLL_Host_Num_of_Completed_Packets) referenced from ll.o(.constdata)
 <LI><a href="#[69]">HCLL_LE_ACL_Data_Pkt</a> from ll.o(i.HCLL_LE_ACL_Data_Pkt) referenced from ll.o(.constdata)
 <LI><a href="#[73]">HCLL_LE_ACL_Data_Pkt_Extend</a> from ll.o(i.HCLL_LE_ACL_Data_Pkt_Extend) referenced from ll.o(.constdata)
 <LI><a href="#[56]">HCLL_LE_Add_Device_to_White_List</a> from ll.o(i.HCLL_LE_Add_Device_to_White_List) referenced from ll.o(.constdata)
 <LI><a href="#[55]">HCLL_LE_Clear_White_List</a> from ll.o(i.HCLL_LE_Clear_White_List) referenced from ll.o(.constdata)
 <LI><a href="#[58]">HCLL_LE_Conn_update</a> from ll.o(i.HCLL_LE_Conn_update) referenced from ll.o(.constdata)
 <LI><a href="#[52]">HCLL_LE_Create_Conn</a> from ll.o(i.HCLL_LE_Create_Conn) referenced from ll.o(.constdata)
 <LI><a href="#[53]">HCLL_LE_Create_conn_cancel</a> from ll.o(i.HCLL_LE_Create_conn_cancel) referenced from ll.o(.constdata)
 <LI><a href="#[6b]">HCLL_LE_Ctrl_Pkt</a> from ll.o(i.HCLL_LE_Ctrl_Pkt) referenced from ll.o(.constdata)
 <LI><a href="#[5c]">HCLL_LE_Encrypt</a> from ll.o(i.HCLL_LE_Encrypt) referenced from ll.o(.constdata)
 <LI><a href="#[60]">HCLL_LE_Long_term_key_req_neg_reply</a> from ll.o(i.HCLL_LE_Long_term_key_req_neg_reply) referenced from ll.o(.constdata)
 <LI><a href="#[5f]">HCLL_LE_Long_term_key_req_reply</a> from ll.o(i.HCLL_LE_Long_term_key_req_reply) referenced from ll.o(.constdata)
 <LI><a href="#[5d]">HCLL_LE_Rand</a> from ll.o(i.HCLL_LE_Rand) referenced from ll.o(.constdata)
 <LI><a href="#[4c]">HCLL_LE_Read_Adv_Ch_Tx_Pwr</a> from ll.o(i.HCLL_LE_Read_Adv_Ch_Tx_Pwr) referenced from ll.o(.constdata)
 <LI><a href="#[48]">HCLL_LE_Read_Buffer_Size</a> from ll.o(i.HCLL_LE_Read_Buffer_Size) referenced from ll.o(.constdata)
 <LI><a href="#[49]">HCLL_LE_Read_Local_Supported_Feat</a> from ll.o(i.HCLL_LE_Read_Local_Supported_Feat) referenced from ll.o(.constdata)
 <LI><a href="#[6e]">HCLL_LE_Read_Phy</a> from ll.o(i.HCLL_LE_Read_Phy) referenced from ll.o(.constdata)
 <LI><a href="#[5b]">HCLL_LE_Read_Remote_Used_Feat</a> from ll.o(i.HCLL_LE_Read_Remote_Used_Feat) referenced from ll.o(.constdata)
 <LI><a href="#[54]">HCLL_LE_Read_White_List_Size</a> from ll.o(i.HCLL_LE_Read_White_List_Size) referenced from ll.o(.constdata)
 <LI><a href="#[5a]">HCLL_LE_Read_ch_map</a> from ll.o(i.HCLL_LE_Read_ch_map) referenced from ll.o(.constdata)
 <LI><a href="#[61]">HCLL_LE_Read_supported_states</a> from ll.o(i.HCLL_LE_Read_supported_states) referenced from ll.o(.constdata)
 <LI><a href="#[62]">HCLL_LE_Receiver_test</a> from ll.o(i.HCLL_LE_Receiver_test) referenced from ll.o(.constdata)
 <LI><a href="#[66]">HCLL_LE_Remote_conn_param_req_neg_reply</a> from ll.o(i.HCLL_LE_Remote_conn_param_req_neg_reply) referenced from ll.o(.constdata)
 <LI><a href="#[65]">HCLL_LE_Remote_conn_param_req_reply</a> from ll.o(i.HCLL_LE_Remote_conn_param_req_reply) referenced from ll.o(.constdata)
 <LI><a href="#[57]">HCLL_LE_Rmv_Device_from_White_List</a> from ll.o(i.HCLL_LE_Rmv_Device_from_White_List) referenced from ll.o(.constdata)
 <LI><a href="#[4d]">HCLL_LE_Set_Adv_Data</a> from ll.o(i.HCLL_LE_Set_Adv_Data) referenced from ll.o(.constdata)
 <LI><a href="#[4b]">HCLL_LE_Set_Adv_Param</a> from ll.o(i.HCLL_LE_Set_Adv_Param) referenced from ll.o(.constdata)
 <LI><a href="#[4f]">HCLL_LE_Set_Advertise_Enable</a> from ll.o(i.HCLL_LE_Set_Advertise_Enable) referenced from ll.o(.constdata)
 <LI><a href="#[71]">HCLL_LE_Set_Data_Length</a> from ll.o(i.HCLL_LE_Set_Data_Length) referenced from ll.o(.constdata)
 <LI><a href="#[6f]">HCLL_LE_Set_Default_Phy</a> from ll.o(i.HCLL_LE_Set_Default_Phy) referenced from ll.o(.constdata)
 <LI><a href="#[47]">HCLL_LE_Set_Event_Mask</a> from ll.o(i.HCLL_LE_Set_Event_Mask) referenced from ll.o(.constdata)
 <LI><a href="#[59]">HCLL_LE_Set_Host_Ch_Classification</a> from ll.o(i.HCLL_LE_Set_Host_Ch_Classification) referenced from ll.o(.constdata)
 <LI><a href="#[70]">HCLL_LE_Set_Phy</a> from ll.o(i.HCLL_LE_Set_Phy) referenced from ll.o(.constdata)
 <LI><a href="#[4a]">HCLL_LE_Set_Random_Address</a> from ll.o(i.HCLL_LE_Set_Random_Address) referenced from ll.o(.constdata)
 <LI><a href="#[4e]">HCLL_LE_Set_Scan_Response_Data</a> from ll.o(i.HCLL_LE_Set_Scan_Response_Data) referenced from ll.o(.constdata)
 <LI><a href="#[51]">HCLL_LE_Set_scan_enable</a> from ll.o(i.HCLL_LE_Set_scan_enable) referenced from ll.o(.constdata)
 <LI><a href="#[50]">HCLL_LE_Set_scan_param</a> from ll.o(i.HCLL_LE_Set_scan_param) referenced from ll.o(.constdata)
 <LI><a href="#[5e]">HCLL_LE_Start_encryption</a> from ll.o(i.HCLL_LE_Start_encryption) referenced from ll.o(.constdata)
 <LI><a href="#[64]">HCLL_LE_Test_end</a> from ll.o(i.HCLL_LE_Test_end) referenced from ll.o(.constdata)
 <LI><a href="#[63]">HCLL_LE_Transmitter_test</a> from ll.o(i.HCLL_LE_Transmitter_test) referenced from ll.o(.constdata)
 <LI><a href="#[45]">HCLL_Read_BD_Addr</a> from ll.o(i.HCLL_Read_BD_Addr) referenced from ll.o(.constdata)
 <LI><a href="#[3d]">HCLL_Read_Le_Host_Support</a> from ll.o(i.HCLL_Read_Le_Host_Support) referenced from ll.o(.constdata)
 <LI><a href="#[42]">HCLL_Read_Local_Supported_Cmd</a> from ll.o(i.HCLL_Read_Local_Supported_Cmd) referenced from ll.o(.constdata)
 <LI><a href="#[43]">HCLL_Read_Local_Supported_Feat</a> from ll.o(i.HCLL_Read_Local_Supported_Feat) referenced from ll.o(.constdata)
 <LI><a href="#[41]">HCLL_Read_Local_Ver_Info</a> from ll.o(i.HCLL_Read_Local_Ver_Info) referenced from ll.o(.constdata)
 <LI><a href="#[35]">HCLL_Read_Remote_Ver_Info</a> from ll.o(i.HCLL_Read_Remote_Ver_Info) referenced from ll.o(.constdata)
 <LI><a href="#[38]">HCLL_Read_Transmit_Pwr_Level</a> from ll.o(i.HCLL_Read_Transmit_Pwr_Level) referenced from ll.o(.constdata)
 <LI><a href="#[3f]">HCLL_Read_authen_payload_timeout</a> from ll.o(i.HCLL_Read_authen_payload_timeout) referenced from ll.o(.constdata)
 <LI><a href="#[44]">HCLL_Read_buffer_size</a> from ll.o(i.HCLL_Read_buffer_size) referenced from ll.o(.constdata)
 <LI><a href="#[46]">HCLL_Read_rssi</a> from ll.o(i.HCLL_Read_rssi) referenced from ll.o(.constdata)
 <LI><a href="#[37]">HCLL_Reset</a> from ll.o(i.HCLL_Reset) referenced from ll.o(.constdata)
 <LI><a href="#[39]">HCLL_Set_Ctrler_to_Host_Flow_Ctrl</a> from ll.o(i.HCLL_Set_Ctrler_to_Host_Flow_Ctrl) referenced from ll.o(.constdata)
 <LI><a href="#[36]">HCLL_Set_Event_Mask</a> from ll.o(i.HCLL_Set_Event_Mask) referenced from ll.o(.constdata)
 <LI><a href="#[3c]">HCLL_Set_Event_Mask_Page_2</a> from ll.o(i.HCLL_Set_Event_Mask_Page_2) referenced from ll.o(.constdata)
 <LI><a href="#[3e]">HCLL_Write_Le_Host_Support</a> from ll.o(i.HCLL_Write_Le_Host_Support) referenced from ll.o(.constdata)
 <LI><a href="#[40]">HCLL_Write_authen_payload_timeout</a> from ll.o(i.HCLL_Write_authen_payload_timeout) referenced from ll.o(.constdata)
 <LI><a href="#[32]">HSPF_Att_Read</a> from host.o(i.HSPF_Att_Read) referenced from host.o(.constdata)
 <LI><a href="#[31]">HSPF_Att_Write</a> from host.o(i.HSPF_Att_Write) referenced from host.o(.constdata)
 <LI><a href="#[2]">HardFault_Handler</a> from startup_mm32f032xx_s_keil.o(.text) referenced from startup_mm32f032xx_s_keil.o(RESET)
 <LI><a href="#[19]">I2C1_IRQHandler</a> from startup_mm32f032xx_s_keil.o(.text) referenced from startup_mm32f032xx_s_keil.o(RESET)
 <LI><a href="#[7d]">LLEC_LE_CCM_Manual</a> from ll.o(i.LLEC_LE_CCM_Manual) referenced from ll.o(.constdata)
 <LI><a href="#[75]">LLEC_LE_Encrypt</a> from ll.o(i.LLEC_LE_Encrypt) referenced from ll.o(.constdata)
 <LI><a href="#[78]">LLEC_LE_Long_term_key_req_reply</a> from ll.o(i.LLEC_LE_Long_term_key_req_reply) referenced from ll.o(.constdata)
 <LI><a href="#[76]">LLEC_LE_Rand</a> from ll.o(i.LLEC_LE_Rand) referenced from ll.o(.constdata)
 <LI><a href="#[77]">LLEC_LE_Start_encryption</a> from ll.o(i.LLEC_LE_Start_encryption) referenced from ll.o(.constdata)
 <LI><a href="#[68]">LLHC_ERR_CODE_Invalid_Lmp_Parameters</a> from ll.o(i.LLHC_ERR_CODE_Invalid_Lmp_Parameters) referenced from ll.o(.constdata)
 <LI><a href="#[67]">LLHC_ERR_CODE_Unknown_Hci_Command</a> from ll.o(i.LLHC_ERR_CODE_Unknown_Hci_Command) referenced from ll.o(.constdata)
 <LI><a href="#[6a]">LLHC_LE_Ctrl_Pkt</a> from ll.o(i.LLHC_LE_Ctrl_Pkt) referenced from ll.o(.constdata)
 <LI><a href="#[74]">MEC_HCI_Null</a> from ll.o(i.MEC_HCI_Null) referenced from ll.o(.constdata)
 <LI><a href="#[27]">MHC_Callback</a> from ble_event.o(i.MHC_Callback) referenced from ble_event.o(i.setBLE_RegisterBleEvent)
 <LI><a href="#[8e]">MHC_Event_Authen_Payload_Timeout_Expired</a> from hci.o(i.MHC_Event_Authen_Payload_Timeout_Expired) referenced from hci.o(.constdata)
 <LI><a href="#[7f]">MHC_Event_Cmd_Complete</a> from hci.o(i.MHC_Event_Cmd_Complete) referenced from hci.o(.constdata)
 <LI><a href="#[80]">MHC_Event_Cmd_Status</a> from hci.o(i.MHC_Event_Cmd_Status) referenced from hci.o(.constdata)
 <LI><a href="#[86]">MHC_Event_Data_Buffer_Overflow</a> from hci.o(i.MHC_Event_Data_Buffer_Overflow) referenced from hci.o(.constdata)
 <LI><a href="#[81]">MHC_Event_Disconn_Complete</a> from hci.o(i.MHC_Event_Disconn_Complete) referenced from hci.o(.constdata)
 <LI><a href="#[84]">MHC_Event_Encrypt_Change</a> from hci.o(i.MHC_Event_Encrypt_Change) referenced from hci.o(.constdata)
 <LI><a href="#[85]">MHC_Event_Encrypt_Key_Refresh_Complete</a> from hci.o(i.MHC_Event_Encrypt_Key_Refresh_Complete) referenced from hci.o(.constdata)
 <LI><a href="#[90]">MHC_Event_HCI_Raw</a> from hci.o(i.MHC_Event_HCI_Raw) referenced from hci.o(.constdata)
 <LI><a href="#[87]">MHC_Event_Hardware_Error</a> from hci.o(i.MHC_Event_Hardware_Error) referenced from hci.o(.constdata)
 <LI><a href="#[89]">MHC_Event_Le_Adv_Report</a> from hci.o(i.MHC_Event_Le_Adv_Report) referenced from hci.o(.constdata)
 <LI><a href="#[88]">MHC_Event_Le_Conn_Complete</a> from hci.o(i.MHC_Event_Le_Conn_Complete) referenced from hci.o(.constdata)
 <LI><a href="#[8a]">MHC_Event_Le_Conn_Update_Complete</a> from hci.o(i.MHC_Event_Le_Conn_Update_Complete) referenced from hci.o(.constdata)
 <LI><a href="#[91]">MHC_Event_Le_Data_Length_Change</a> from hci.o(i.MHC_Event_Le_Data_Length_Change) referenced from hci.o(.constdata)
 <LI><a href="#[8c]">MHC_Event_Le_Long_Term_Key_Req</a> from hci.o(i.MHC_Event_Le_Long_Term_Key_Req) referenced from hci.o(.constdata)
 <LI><a href="#[92]">MHC_Event_Le_PHY_Update_Complete</a> from hci.o(i.MHC_Event_Le_PHY_Update_Complete) referenced from hci.o(.constdata)
 <LI><a href="#[8b]">MHC_Event_Le_Read_Remote_Used_Features_Complete</a> from hci.o(i.MHC_Event_Le_Read_Remote_Used_Features_Complete) referenced from hci.o(.constdata)
 <LI><a href="#[8d]">MHC_Event_Le_Remote_Conn_param_Req_Event</a> from hci.o(i.MHC_Event_Le_Remote_Conn_param_Req_Event) referenced from hci.o(.constdata)
 <LI><a href="#[94]">MHC_Event_Le_Wait_Passkey_Confrim</a> from hci.o(i.MHC_Event_Le_Wait_Passkey_Confrim) referenced from hci.o(.constdata)
 <LI><a href="#[7e]">MHC_Event_Null</a> from hci.o(i.MHC_Event_Null) referenced from hci.o(.constdata)
 <LI><a href="#[82]">MHC_Event_Num_Of_Completed_Pckts</a> from hci.o(i.MHC_Event_Num_Of_Completed_Pckts) referenced from hci.o(.constdata)
 <LI><a href="#[83]">MHC_Event_Read_Remote_Ver_Info_Complete</a> from hci.o(i.MHC_Event_Read_Remote_Ver_Info_Complete) referenced from hci.o(.constdata)
 <LI><a href="#[93]">MHC_Event_STK_Gen_Method</a> from hci.o(i.MHC_Event_STK_Gen_Method) referenced from hci.o(.constdata)
 <LI><a href="#[95]">MHC_Evnet_Auth_Status</a> from hci.o(i.MHC_Evnet_Auth_Status) referenced from hci.o(.constdata)
 <LI><a href="#[8f]">MHC_LE_ACL_Data_Pkt</a> from hci.o(i.MHC_LE_ACL_Data_Pkt) referenced from hci.o(.constdata)
 <LI><a href="#[96]">MHC_LE_ACL_Data_Pkt_Extend</a> from hci.o(i.MHC_LE_ACL_Data_Pkt_Extend) referenced from hci.o(.constdata)
 <LI><a href="#[30]">MHS_Event_Null</a> from host.o(i.MHS_Event_Null) referenced from host.o(.constdata)
 <LI><a href="#[97]">ML2CAP_Event_Null</a> from l2cap.o(i.ML2CAP_Event_Null) referenced from l2cap.o(.constdata)
 <LI><a href="#[33]">MLL_HCI_Null</a> from ll.o(i.MLL_HCI_Null) referenced from ll.o(.constdata)
 <LI><a href="#[72]">MLL_LE_Ctrl_Pkt</a> from ll.o(i.MLL_LE_Ctrl_Pkt) referenced from ll.o(.constdata)
 <LI><a href="#[6c]">MLL_LL_CHN_Map_Upd</a> from ll.o(i.MLL_LL_CHN_Map_Upd) referenced from ll.o(.constdata)
 <LI><a href="#[6d]">MLL_LL_Enc_Req</a> from ll.o(i.MLL_LL_Enc_Req) referenced from ll.o(.constdata)
 <LI><a href="#[1]">NMI_Handler</a> from startup_mm32f032xx_s_keil.o(.text) referenced from startup_mm32f032xx_s_keil.o(RESET)
 <LI><a href="#[7]">PVD_IRQHandler</a> from startup_mm32f032xx_s_keil.o(.text) referenced from startup_mm32f032xx_s_keil.o(RESET)
 <LI><a href="#[4]">PendSV_Handler</a> from port.o(.emb_text) referenced from startup_mm32f032xx_s_keil.o(RESET)
 <LI><a href="#[9e]">Prcss_BLE_CODE_SMP_Encryption_Information</a> from mmi.o(i.Prcss_BLE_CODE_SMP_Encryption_Information) referenced from mmi.o(.constdata)
 <LI><a href="#[a1]">Prcss_BLE_CODE_SMP_Identity_Address_Information</a> from mmi.o(i.Prcss_BLE_CODE_SMP_Identity_Address_Information) referenced from mmi.o(.constdata)
 <LI><a href="#[a0]">Prcss_BLE_CODE_SMP_Identity_Information</a> from mmi.o(i.Prcss_BLE_CODE_SMP_Identity_Information) referenced from mmi.o(.constdata)
 <LI><a href="#[9f]">Prcss_BLE_CODE_SMP_Master_Identification</a> from mmi.o(i.Prcss_BLE_CODE_SMP_Master_Identification) referenced from mmi.o(.constdata)
 <LI><a href="#[9b]">Prcss_BLE_CODE_SMP_Pairing_Confirm</a> from mmi.o(i.Prcss_BLE_CODE_SMP_Pairing_Confirm) referenced from mmi.o(.constdata)
 <LI><a href="#[9d]">Prcss_BLE_CODE_SMP_Pairing_Failed</a> from mmi.o(i.Prcss_BLE_CODE_SMP_Pairing_Failed) referenced from mmi.o(.constdata)
 <LI><a href="#[9c]">Prcss_BLE_CODE_SMP_Pairing_Random</a> from mmi.o(i.Prcss_BLE_CODE_SMP_Pairing_Random) referenced from mmi.o(.constdata)
 <LI><a href="#[99]">Prcss_BLE_CODE_SMP_Pairing_Request</a> from mmi.o(i.Prcss_BLE_CODE_SMP_Pairing_Request) referenced from mmi.o(.constdata)
 <LI><a href="#[9a]">Prcss_BLE_CODE_SMP_Pairing_Response</a> from mmi.o(i.Prcss_BLE_CODE_SMP_Pairing_Response) referenced from mmi.o(.constdata)
 <LI><a href="#[98]">Prcss_BLE_CODE_SMP_Reserved</a> from mmi.o(i.Prcss_BLE_CODE_SMP_Reserved) referenced from mmi.o(.constdata)
 <LI><a href="#[a3]">Prcss_BLE_CODE_SMP_Security_Request</a> from mmi.o(i.Prcss_BLE_CODE_SMP_Security_Request) referenced from mmi.o(.constdata)
 <LI><a href="#[a2]">Prcss_BLE_CODE_SMP_Signing_Information</a> from mmi.o(i.Prcss_BLE_CODE_SMP_Signing_Information) referenced from mmi.o(.constdata)
 <LI><a href="#[c2]">Prcss_L2CAP_CID_AMP_MANAGER_PROTOCOL</a> from mmi.o(i.Prcss_L2CAP_CID_AMP_MANAGER_PROTOCOL) referenced from mmi.o(.constdata)
 <LI><a href="#[c3]">Prcss_L2CAP_CID_ATTRIBUTE_PROTOCOL</a> from mmi.o(i.Prcss_L2CAP_CID_ATTRIBUTE_PROTOCOL) referenced from mmi.o(.constdata)
 <LI><a href="#[c1]">Prcss_L2CAP_CID_CONNECTIONLESS_CHANNEL</a> from mmi.o(i.Prcss_L2CAP_CID_CONNECTIONLESS_CHANNEL) referenced from mmi.o(.constdata)
 <LI><a href="#[c0]">Prcss_L2CAP_CID_L2CAP_SIGNALING_CHANNEL</a> from mmi.o(i.Prcss_L2CAP_CID_L2CAP_SIGNALING_CHANNEL) referenced from mmi.o(.constdata)
 <LI><a href="#[c4]">Prcss_L2CAP_CID_LE_L2CAP_SIGNALING_CHANNEL</a> from mmi.o(i.Prcss_L2CAP_CID_LE_L2CAP_SIGNALING_CHANNEL) referenced from mmi.o(.constdata)
 <LI><a href="#[bf]">Prcss_L2CAP_CID_NULL_IDENTIFIER</a> from mmi.o(i.Prcss_L2CAP_CID_NULL_IDENTIFIER) referenced from mmi.o(.constdata)
 <LI><a href="#[c5]">Prcss_L2CAP_CID_SECURITY_MANAGER_PROTOCOL</a> from mmi.o(i.Prcss_L2CAP_CID_SECURITY_MANAGER_PROTOCOL) referenced from mmi.o(.constdata)
 <LI><a href="#[a5]">Prcss_OPCODE_ATT_Error_Response</a> from mmi.o(i.Prcss_OPCODE_ATT_Error_Response) referenced from mmi.o(.constdata)
 <LI><a href="#[a6]">Prcss_OPCODE_ATT_Exchange_MTU_Request</a> from mmi.o(i.Prcss_OPCODE_ATT_Exchange_MTU_Request) referenced from mmi.o(.constdata)
 <LI><a href="#[a7]">Prcss_OPCODE_ATT_Exchange_MTU_Response</a> from mmi.o(i.Prcss_OPCODE_ATT_Exchange_MTU_Response) referenced from mmi.o(.constdata)
 <LI><a href="#[ba]">Prcss_OPCODE_ATT_Execute_Write_Request</a> from mmi.o(i.Prcss_OPCODE_ATT_Execute_Write_Request) referenced from mmi.o(.constdata)
 <LI><a href="#[bb]">Prcss_OPCODE_ATT_Execute_Write_Response</a> from mmi.o(i.Prcss_OPCODE_ATT_Execute_Write_Response) referenced from mmi.o(.constdata)
 <LI><a href="#[aa]">Prcss_OPCODE_ATT_Find_By_Type_Value_Request</a> from mmi.o(i.Prcss_OPCODE_ATT_Find_By_Type_Value_Request) referenced from mmi.o(.constdata)
 <LI><a href="#[ab]">Prcss_OPCODE_ATT_Find_By_Type_Value_Response</a> from mmi.o(i.Prcss_OPCODE_ATT_Find_By_Type_Value_Response) referenced from mmi.o(.constdata)
 <LI><a href="#[a8]">Prcss_OPCODE_ATT_Find_Information_Request</a> from mmi.o(i.Prcss_OPCODE_ATT_Find_Information_Request) referenced from mmi.o(.constdata)
 <LI><a href="#[a9]">Prcss_OPCODE_ATT_Find_Information_Response</a> from mmi.o(i.Prcss_OPCODE_ATT_Find_Information_Response) referenced from mmi.o(.constdata)
 <LI><a href="#[be]">Prcss_OPCODE_ATT_Handle_Value_Confirmation</a> from mmi.o(i.Prcss_OPCODE_ATT_Handle_Value_Confirmation) referenced from mmi.o(.constdata)
 <LI><a href="#[bd]">Prcss_OPCODE_ATT_Handle_Value_Indication</a> from mmi.o(i.Prcss_OPCODE_ATT_Handle_Value_Indication) referenced from mmi.o(.constdata)
 <LI><a href="#[bc]">Prcss_OPCODE_ATT_Handle_Value_Notification</a> from mmi.o(i.Prcss_OPCODE_ATT_Handle_Value_Notification) referenced from mmi.o(.constdata)
 <LI><a href="#[a4]">Prcss_OPCODE_ATT_NULL</a> from mmi.o(i.Prcss_OPCODE_ATT_NULL) referenced 5 times from mmi.o(.constdata)
 <LI><a href="#[b8]">Prcss_OPCODE_ATT_Prepare_Write_Request</a> from mmi.o(i.Prcss_OPCODE_ATT_Prepare_Write_Request) referenced from mmi.o(.constdata)
 <LI><a href="#[b9]">Prcss_OPCODE_ATT_Prepare_Write_Response</a> from mmi.o(i.Prcss_OPCODE_ATT_Prepare_Write_Response) referenced from mmi.o(.constdata)
 <LI><a href="#[b0]">Prcss_OPCODE_ATT_Read_Blob_Request</a> from mmi.o(i.Prcss_OPCODE_ATT_Read_Blob_Request) referenced from mmi.o(.constdata)
 <LI><a href="#[b1]">Prcss_OPCODE_ATT_Read_Blob_Response</a> from mmi.o(i.Prcss_OPCODE_ATT_Read_Blob_Response) referenced from mmi.o(.constdata)
 <LI><a href="#[ac]">Prcss_OPCODE_ATT_Read_By_Type_Request</a> from mmi.o(i.Prcss_OPCODE_ATT_Read_By_Type_Request) referenced from mmi.o(.constdata)
 <LI><a href="#[ad]">Prcss_OPCODE_ATT_Read_By_Type_Response</a> from mmi.o(i.Prcss_OPCODE_ATT_Read_By_Type_Response) referenced from mmi.o(.constdata)
 <LI><a href="#[b2]">Prcss_OPCODE_ATT_Read_Multiple_Request</a> from mmi.o(i.Prcss_OPCODE_ATT_Read_Multiple_Request) referenced from mmi.o(.constdata)
 <LI><a href="#[b3]">Prcss_OPCODE_ATT_Read_Multiple_Response</a> from mmi.o(i.Prcss_OPCODE_ATT_Read_Multiple_Response) referenced from mmi.o(.constdata)
 <LI><a href="#[ae]">Prcss_OPCODE_ATT_Read_Request</a> from mmi.o(i.Prcss_OPCODE_ATT_Read_Request) referenced from mmi.o(.constdata)
 <LI><a href="#[af]">Prcss_OPCODE_ATT_Read_Response</a> from mmi.o(i.Prcss_OPCODE_ATT_Read_Response) referenced from mmi.o(.constdata)
 <LI><a href="#[b4]">Prcss_OPCODE_ATT_Read_by_Group_Type_Request</a> from mmi.o(i.Prcss_OPCODE_ATT_Read_by_Group_Type_Request) referenced from mmi.o(.constdata)
 <LI><a href="#[b5]">Prcss_OPCODE_ATT_Read_by_Group_Type_Response</a> from mmi.o(i.Prcss_OPCODE_ATT_Read_by_Group_Type_Response) referenced from mmi.o(.constdata)
 <LI><a href="#[b6]">Prcss_OPCODE_ATT_Write_Request</a> from mmi.o(i.Prcss_OPCODE_ATT_Write_Request) referenced from mmi.o(.constdata)
 <LI><a href="#[b7]">Prcss_OPCODE_ATT_Write_Response</a> from mmi.o(i.Prcss_OPCODE_ATT_Write_Response) referenced from mmi.o(.constdata)
 <LI><a href="#[a]">RCC_CRS_IRQHandler</a> from startup_mm32f032xx_s_keil.o(.text) referenced from startup_mm32f032xx_s_keil.o(RESET)
 <LI><a href="#[8]">RTC_BKP_IRQHandler</a> from startup_mm32f032xx_s_keil.o(.text) referenced from startup_mm32f032xx_s_keil.o(RESET)
 <LI><a href="#[0]">Reset_Handler</a> from startup_mm32f032xx_s_keil.o(.text) referenced from startup_mm32f032xx_s_keil.o(RESET)
 <LI><a href="#[7a]">SMEC_LE_CODE_SMP_Pairing_Confirm</a> from mmi.o(i.SMEC_LE_CODE_SMP_Pairing_Confirm) referenced from ll.o(.constdata)
 <LI><a href="#[7b]">SMEC_LE_CODE_SMP_Pairing_Random</a> from mmi.o(i.SMEC_LE_CODE_SMP_Pairing_Random) referenced from ll.o(.constdata)
 <LI><a href="#[7c]">SMEC_LE_SMP_Key_Gen</a> from mmi.o(i.SMEC_LE_SMP_Key_Gen) referenced from ll.o(.constdata)
 <LI><a href="#[1a]">SPI1_IRQHandler</a> from startup_mm32f032xx_s_keil.o(.text) referenced from startup_mm32f032xx_s_keil.o(RESET)
 <LI><a href="#[1b]">SPI2_IRQHandler</a> from startup_mm32f032xx_s_keil.o(.text) referenced from startup_mm32f032xx_s_keil.o(RESET)
 <LI><a href="#[3]">SVC_Handler</a> from startup_mm32f032xx_s_keil.o(.text) referenced from startup_mm32f032xx_s_keil.o(RESET)
 <LI><a href="#[5]">SysTick_Handler</a> from port.o(i.SysTick_Handler) referenced from startup_mm32f032xx_s_keil.o(RESET)
 <LI><a href="#[21]">SystemInit</a> from system_mm32f032xx_s.o(i.SystemInit) referenced from startup_mm32f032xx_s_keil.o(.text)
 <LI><a href="#[16]">TIM14_IRQHandler</a> from startup_mm32f032xx_s_keil.o(.text) referenced from startup_mm32f032xx_s_keil.o(RESET)
 <LI><a href="#[17]">TIM16_IRQHandler</a> from startup_mm32f032xx_s_keil.o(.text) referenced from startup_mm32f032xx_s_keil.o(RESET)
 <LI><a href="#[18]">TIM17_IRQHandler</a> from startup_mm32f032xx_s_keil.o(.text) referenced from startup_mm32f032xx_s_keil.o(RESET)
 <LI><a href="#[12]">TIM1_BRK_UP_TRG_COM_IRQHandler</a> from startup_mm32f032xx_s_keil.o(.text) referenced from startup_mm32f032xx_s_keil.o(RESET)
 <LI><a href="#[13]">TIM1_CC_IRQHandler</a> from startup_mm32f032xx_s_keil.o(.text) referenced from startup_mm32f032xx_s_keil.o(RESET)
 <LI><a href="#[14]">TIM2_IRQHandler</a> from startup_mm32f032xx_s_keil.o(.text) referenced from startup_mm32f032xx_s_keil.o(RESET)
 <LI><a href="#[15]">TIM3_IRQHandler</a> from startup_mm32f032xx_s_keil.o(.text) referenced from startup_mm32f032xx_s_keil.o(RESET)
 <LI><a href="#[1c]">UART1_IRQHandler</a> from uart_1.o(i.UART1_IRQHandler) referenced from startup_mm32f032xx_s_keil.o(RESET)
 <LI><a href="#[1d]">UART2_IRQHandler</a> from startup_mm32f032xx_s_keil.o(.text) referenced from startup_mm32f032xx_s_keil.o(RESET)
 <LI><a href="#[1f]">USB_IRQHandler</a> from startup_mm32f032xx_s_keil.o(.text) referenced from startup_mm32f032xx_s_keil.o(RESET)
 <LI><a href="#[6]">WWDG_IRQHandler</a> from startup_mm32f032xx_s_keil.o(.text) referenced from startup_mm32f032xx_s_keil.o(RESET)
 <LI><a href="#[22]">__main</a> from entry.o(.ARM.Collect$$$$00000000) referenced from startup_mm32f032xx_s_keil.o(.text)
 <LI><a href="#[25]">fputc</a> from uart_1.o(i.fputc) referenced from printf8.o(i.__0printf$8)
 <LI><a href="#[20]">main</a> from main.o(i.main) referenced from entry9a.o(.ARM.Collect$$$$0000000B)
 <LI><a href="#[28]">prvIdleTask</a> from tasks.o(i.prvIdleTask) referenced from tasks.o(i.vTaskStartScheduler)
 <LI><a href="#[26]">prvTaskExitError</a> from port.o(i.prvTaskExitError) referenced from port.o(i.pxPortInitialiseStack)
 <LI><a href="#[29]">prvTimerTask</a> from timers.o(i.prvTimerTask) referenced from timers.o(i.xTimerCreateTimerTask)
 <LI><a href="#[23]">rf_Stack_task</a> from main.o(i.rf_Stack_task) referenced from main.o(i.AppTaskCreate)
</UL>
<P>
<H3>
Global Symbols
</H3>
<P><STRONG><a name="[22]"></a>__main</STRONG> (Thumb, 0 bytes, Stack size unknown bytes, entry.o(.ARM.Collect$$$$00000000))
<BR>[Address Reference Count : 1]<UL><LI> startup_mm32f032xx_s_keil.o(.text)
</UL>
<P><STRONG><a name="[217]"></a>_main_stk</STRONG> (Thumb, 0 bytes, Stack size unknown bytes, entry2.o(.ARM.Collect$$$$00000001))

<P><STRONG><a name="[c6]"></a>_main_scatterload</STRONG> (Thumb, 0 bytes, Stack size unknown bytes, entry5.o(.ARM.Collect$$$$00000004))
<BR><BR>[Calls]<UL><LI><a href="#[c7]">&gt;&gt;</a>&nbsp;&nbsp;&nbsp;__scatterload
</UL>

<P><STRONG><a name="[d2]"></a>__main_after_scatterload</STRONG> (Thumb, 0 bytes, Stack size unknown bytes, entry5.o(.ARM.Collect$$$$00000004))
<BR><BR>[Called By]<UL><LI><a href="#[c7]">&gt;&gt;</a>&nbsp;&nbsp;&nbsp;__scatterload
</UL>

<P><STRONG><a name="[218]"></a>_main_clock</STRONG> (Thumb, 0 bytes, Stack size unknown bytes, entry7b.o(.ARM.Collect$$$$00000008))

<P><STRONG><a name="[219]"></a>_main_cpp_init</STRONG> (Thumb, 0 bytes, Stack size unknown bytes, entry8b.o(.ARM.Collect$$$$0000000A))

<P><STRONG><a name="[21a]"></a>_main_init</STRONG> (Thumb, 0 bytes, Stack size unknown bytes, entry9a.o(.ARM.Collect$$$$0000000B))

<P><STRONG><a name="[21b]"></a>__rt_final_cpp</STRONG> (Thumb, 0 bytes, Stack size unknown bytes, entry10a.o(.ARM.Collect$$$$0000000D))

<P><STRONG><a name="[21c]"></a>__rt_final_exit</STRONG> (Thumb, 0 bytes, Stack size unknown bytes, entry11a.o(.ARM.Collect$$$$0000000F))

<P><STRONG><a name="[210]"></a>__asm___6_port_c_39a90d8d__prvPortStartFirstTask</STRONG> (Thumb, 36 bytes, Stack size 0 bytes, port.o(.emb_text))
<BR><BR>[Called By]<UL><LI><a href="#[20f]">&gt;&gt;</a>&nbsp;&nbsp;&nbsp;xPortStartScheduler
</UL>

<P><STRONG><a name="[1b7]"></a>ulSetInterruptMaskFromISR</STRONG> (Thumb, 8 bytes, Stack size 0 bytes, port.o(.emb_text))
<BR><BR>[Called By]<UL><LI><a href="#[215]">&gt;&gt;</a>&nbsp;&nbsp;&nbsp;xQueueGenericSendFromISR
<LI><a href="#[5]">&gt;&gt;</a>&nbsp;&nbsp;&nbsp;SysTick_Handler
</UL>

<P><STRONG><a name="[1b9]"></a>vClearInterruptMaskFromISR</STRONG> (Thumb, 6 bytes, Stack size 0 bytes, port.o(.emb_text))
<BR><BR>[Called By]<UL><LI><a href="#[215]">&gt;&gt;</a>&nbsp;&nbsp;&nbsp;xQueueGenericSendFromISR
<LI><a href="#[5]">&gt;&gt;</a>&nbsp;&nbsp;&nbsp;SysTick_Handler
</UL>

<P><STRONG><a name="[4]"></a>PendSV_Handler</STRONG> (Thumb, 62 bytes, Stack size 0 bytes, port.o(.emb_text))
<BR><BR>[Calls]<UL><LI><a href="#[c8]">&gt;&gt;</a>&nbsp;&nbsp;&nbsp;vTaskSwitchContext
</UL>
<BR>[Address Reference Count : 1]<UL><LI> startup_mm32f032xx_s_keil.o(RESET)
</UL>
<P><STRONG><a name="[c9]"></a>SysCtlDelay</STRONG> (Thumb, 6 bytes, Stack size 0 bytes, porting_lltimer.o(.emb_text))
<BR><BR>[Calls]<UL><LI><a href="#[c9]">&gt;&gt;</a>&nbsp;&nbsp;&nbsp;SysCtlDelay
</UL>
<BR>[Called By]<UL><LI><a href="#[c9]">&gt;&gt;</a>&nbsp;&nbsp;&nbsp;SysCtlDelay
<LI><a href="#[1a1]">&gt;&gt;</a>&nbsp;&nbsp;&nbsp;delay_us
</UL>

<P><STRONG><a name="[0]"></a>Reset_Handler</STRONG> (Thumb, 38 bytes, Stack size 0 bytes, startup_mm32f032xx_s_keil.o(.text))
<BR>[Address Reference Count : 1]<UL><LI> startup_mm32f032xx_s_keil.o(RESET)
</UL>
<P><STRONG><a name="[1]"></a>NMI_Handler</STRONG> (Thumb, 2 bytes, Stack size 0 bytes, startup_mm32f032xx_s_keil.o(.text))
<BR><BR>[Calls]<UL><LI><a href="#[1]">&gt;&gt;</a>&nbsp;&nbsp;&nbsp;NMI_Handler
</UL>
<BR>[Called By]<UL><LI><a href="#[1]">&gt;&gt;</a>&nbsp;&nbsp;&nbsp;NMI_Handler
</UL>
<BR>[Address Reference Count : 1]<UL><LI> startup_mm32f032xx_s_keil.o(RESET)
</UL>
<P><STRONG><a name="[2]"></a>HardFault_Handler</STRONG> (Thumb, 2 bytes, Stack size 0 bytes, startup_mm32f032xx_s_keil.o(.text))
<BR><BR>[Calls]<UL><LI><a href="#[2]">&gt;&gt;</a>&nbsp;&nbsp;&nbsp;HardFault_Handler
</UL>
<BR>[Called By]<UL><LI><a href="#[2]">&gt;&gt;</a>&nbsp;&nbsp;&nbsp;HardFault_Handler
</UL>
<BR>[Address Reference Count : 1]<UL><LI> startup_mm32f032xx_s_keil.o(RESET)
</UL>
<P><STRONG><a name="[3]"></a>SVC_Handler</STRONG> (Thumb, 2 bytes, Stack size 0 bytes, startup_mm32f032xx_s_keil.o(.text))
<BR><BR>[Calls]<UL><LI><a href="#[3]">&gt;&gt;</a>&nbsp;&nbsp;&nbsp;SVC_Handler
</UL>
<BR>[Called By]<UL><LI><a href="#[3]">&gt;&gt;</a>&nbsp;&nbsp;&nbsp;SVC_Handler
</UL>
<BR>[Address Reference Count : 1]<UL><LI> startup_mm32f032xx_s_keil.o(RESET)
</UL>
<P><STRONG><a name="[11]"></a>ADC1_COMP_IRQHandler</STRONG> (Thumb, 0 bytes, Stack size 0 bytes, startup_mm32f032xx_s_keil.o(.text))
<BR><BR>[Calls]<UL><LI><a href="#[11]">&gt;&gt;</a>&nbsp;&nbsp;&nbsp;ADC1_COMP_IRQHandler
</UL>
<BR>[Called By]<UL><LI><a href="#[11]">&gt;&gt;</a>&nbsp;&nbsp;&nbsp;ADC1_COMP_IRQHandler
</UL>
<BR>[Address Reference Count : 1]<UL><LI> startup_mm32f032xx_s_keil.o(RESET)
</UL>
<P><STRONG><a name="[1e]"></a>CAN_IRQHandler</STRONG> (Thumb, 0 bytes, Stack size 0 bytes, startup_mm32f032xx_s_keil.o(.text))
<BR>[Address Reference Count : 1]<UL><LI> startup_mm32f032xx_s_keil.o(RESET)
</UL>
<P><STRONG><a name="[e]"></a>DMA1_Channel1_IRQHandler</STRONG> (Thumb, 0 bytes, Stack size 0 bytes, startup_mm32f032xx_s_keil.o(.text))
<BR>[Address Reference Count : 1]<UL><LI> startup_mm32f032xx_s_keil.o(RESET)
</UL>
<P><STRONG><a name="[b]"></a>EXTI0_1_IRQHandler</STRONG> (Thumb, 0 bytes, Stack size 0 bytes, startup_mm32f032xx_s_keil.o(.text))
<BR>[Address Reference Count : 1]<UL><LI> startup_mm32f032xx_s_keil.o(RESET)
</UL>
<P><STRONG><a name="[c]"></a>EXTI2_3_IRQHandler</STRONG> (Thumb, 0 bytes, Stack size 0 bytes, startup_mm32f032xx_s_keil.o(.text))
<BR>[Address Reference Count : 1]<UL><LI> startup_mm32f032xx_s_keil.o(RESET)
</UL>
<P><STRONG><a name="[9]"></a>FLASH_IRQHandler</STRONG> (Thumb, 0 bytes, Stack size 0 bytes, startup_mm32f032xx_s_keil.o(.text))
<BR>[Address Reference Count : 1]<UL><LI> startup_mm32f032xx_s_keil.o(RESET)
</UL>
<P><STRONG><a name="[19]"></a>I2C1_IRQHandler</STRONG> (Thumb, 0 bytes, Stack size 0 bytes, startup_mm32f032xx_s_keil.o(.text))
<BR>[Address Reference Count : 1]<UL><LI> startup_mm32f032xx_s_keil.o(RESET)
</UL>
<P><STRONG><a name="[7]"></a>PVD_IRQHandler</STRONG> (Thumb, 0 bytes, Stack size 0 bytes, startup_mm32f032xx_s_keil.o(.text))
<BR>[Address Reference Count : 1]<UL><LI> startup_mm32f032xx_s_keil.o(RESET)
</UL>
<P><STRONG><a name="[a]"></a>RCC_CRS_IRQHandler</STRONG> (Thumb, 0 bytes, Stack size 0 bytes, startup_mm32f032xx_s_keil.o(.text))
<BR>[Address Reference Count : 1]<UL><LI> startup_mm32f032xx_s_keil.o(RESET)
</UL>
<P><STRONG><a name="[8]"></a>RTC_BKP_IRQHandler</STRONG> (Thumb, 0 bytes, Stack size 0 bytes, startup_mm32f032xx_s_keil.o(.text))
<BR>[Address Reference Count : 1]<UL><LI> startup_mm32f032xx_s_keil.o(RESET)
</UL>
<P><STRONG><a name="[1a]"></a>SPI1_IRQHandler</STRONG> (Thumb, 0 bytes, Stack size 0 bytes, startup_mm32f032xx_s_keil.o(.text))
<BR>[Address Reference Count : 1]<UL><LI> startup_mm32f032xx_s_keil.o(RESET)
</UL>
<P><STRONG><a name="[1b]"></a>SPI2_IRQHandler</STRONG> (Thumb, 0 bytes, Stack size 0 bytes, startup_mm32f032xx_s_keil.o(.text))
<BR>[Address Reference Count : 1]<UL><LI> startup_mm32f032xx_s_keil.o(RESET)
</UL>
<P><STRONG><a name="[16]"></a>TIM14_IRQHandler</STRONG> (Thumb, 0 bytes, Stack size 0 bytes, startup_mm32f032xx_s_keil.o(.text))
<BR>[Address Reference Count : 1]<UL><LI> startup_mm32f032xx_s_keil.o(RESET)
</UL>
<P><STRONG><a name="[17]"></a>TIM16_IRQHandler</STRONG> (Thumb, 0 bytes, Stack size 0 bytes, startup_mm32f032xx_s_keil.o(.text))
<BR>[Address Reference Count : 1]<UL><LI> startup_mm32f032xx_s_keil.o(RESET)
</UL>
<P><STRONG><a name="[18]"></a>TIM17_IRQHandler</STRONG> (Thumb, 0 bytes, Stack size 0 bytes, startup_mm32f032xx_s_keil.o(.text))
<BR>[Address Reference Count : 1]<UL><LI> startup_mm32f032xx_s_keil.o(RESET)
</UL>
<P><STRONG><a name="[12]"></a>TIM1_BRK_UP_TRG_COM_IRQHandler</STRONG> (Thumb, 0 bytes, Stack size 0 bytes, startup_mm32f032xx_s_keil.o(.text))
<BR>[Address Reference Count : 1]<UL><LI> startup_mm32f032xx_s_keil.o(RESET)
</UL>
<P><STRONG><a name="[13]"></a>TIM1_CC_IRQHandler</STRONG> (Thumb, 0 bytes, Stack size 0 bytes, startup_mm32f032xx_s_keil.o(.text))
<BR>[Address Reference Count : 1]<UL><LI> startup_mm32f032xx_s_keil.o(RESET)
</UL>
<P><STRONG><a name="[14]"></a>TIM2_IRQHandler</STRONG> (Thumb, 0 bytes, Stack size 0 bytes, startup_mm32f032xx_s_keil.o(.text))
<BR>[Address Reference Count : 1]<UL><LI> startup_mm32f032xx_s_keil.o(RESET)
</UL>
<P><STRONG><a name="[15]"></a>TIM3_IRQHandler</STRONG> (Thumb, 0 bytes, Stack size 0 bytes, startup_mm32f032xx_s_keil.o(.text))
<BR>[Address Reference Count : 1]<UL><LI> startup_mm32f032xx_s_keil.o(RESET)
</UL>
<P><STRONG><a name="[1d]"></a>UART2_IRQHandler</STRONG> (Thumb, 0 bytes, Stack size 0 bytes, startup_mm32f032xx_s_keil.o(.text))
<BR>[Address Reference Count : 1]<UL><LI> startup_mm32f032xx_s_keil.o(RESET)
</UL>
<P><STRONG><a name="[1f]"></a>USB_IRQHandler</STRONG> (Thumb, 0 bytes, Stack size 0 bytes, startup_mm32f032xx_s_keil.o(.text))
<BR>[Address Reference Count : 1]<UL><LI> startup_mm32f032xx_s_keil.o(RESET)
</UL>
<P><STRONG><a name="[6]"></a>WWDG_IRQHandler</STRONG> (Thumb, 0 bytes, Stack size 0 bytes, startup_mm32f032xx_s_keil.o(.text))
<BR>[Address Reference Count : 1]<UL><LI> startup_mm32f032xx_s_keil.o(RESET)
</UL>
<P><STRONG><a name="[21d]"></a>__aeabi_uidiv</STRONG> (Thumb, 0 bytes, Stack size 12 bytes, uidiv.o(.text), UNUSED)

<P><STRONG><a name="[cb]"></a>__aeabi_uidivmod</STRONG> (Thumb, 44 bytes, Stack size 12 bytes, uidiv.o(.text))
<BR><BR>[Stack]<UL><LI>Max Depth = 12<LI>Call Chain = __aeabi_uidivmod
</UL>
<BR>[Called By]<UL><LI><a href="#[1c2]">&gt;&gt;</a>&nbsp;&nbsp;&nbsp;UART_Init
<LI><a href="#[193]">&gt;&gt;</a>&nbsp;&nbsp;&nbsp;RCC_GetSysClockFreq
<LI><a href="#[10b]">&gt;&gt;</a>&nbsp;&nbsp;&nbsp;DMA_DeInit
<LI><a href="#[da]">&gt;&gt;</a>&nbsp;&nbsp;&nbsp;AutoCalPllFactor
<LI><a href="#[1b6]">&gt;&gt;</a>&nbsp;&nbsp;&nbsp;SetSysClockTo48_HSI
<LI><a href="#[1e2]">&gt;&gt;</a>&nbsp;&nbsp;&nbsp;xQueueGenericCreate
<LI><a href="#[20b]">&gt;&gt;</a>&nbsp;&nbsp;&nbsp;vPortSetupTimerInterrupt
<LI><a href="#[205]">&gt;&gt;</a>&nbsp;&nbsp;&nbsp;rafael_pll_bank_get
<LI><a href="#[ca]">&gt;&gt;</a>&nbsp;&nbsp;&nbsp;__aeabi_idivmod
</UL>

<P><STRONG><a name="[21e]"></a>__aeabi_idiv</STRONG> (Thumb, 0 bytes, Stack size 16 bytes, idiv.o(.text), UNUSED)

<P><STRONG><a name="[ca]"></a>__aeabi_idivmod</STRONG> (Thumb, 40 bytes, Stack size 16 bytes, idiv.o(.text))
<BR><BR>[Stack]<UL><LI>Max Depth = 28<LI>Call Chain = __aeabi_idivmod &rArr; __aeabi_uidivmod
</UL>
<BR>[Calls]<UL><LI><a href="#[cb]">&gt;&gt;</a>&nbsp;&nbsp;&nbsp;__aeabi_uidivmod
</UL>
<BR>[Called By]<UL><LI><a href="#[205]">&gt;&gt;</a>&nbsp;&nbsp;&nbsp;rafael_pll_bank_get
</UL>

<P><STRONG><a name="[1e7]"></a>__aeabi_memcpy</STRONG> (Thumb, 36 bytes, Stack size 0 bytes, memcpya.o(.text))
<BR><BR>[Called By]<UL><LI><a href="#[1e8]">&gt;&gt;</a>&nbsp;&nbsp;&nbsp;prvCopyDataToQueue
<LI><a href="#[1e6]">&gt;&gt;</a>&nbsp;&nbsp;&nbsp;prvCopyDataFromQueue
</UL>

<P><STRONG><a name="[21f]"></a>__aeabi_memcpy4</STRONG> (Thumb, 0 bytes, Stack size 0 bytes, memcpya.o(.text), UNUSED)

<P><STRONG><a name="[220]"></a>__aeabi_memcpy8</STRONG> (Thumb, 0 bytes, Stack size 0 bytes, memcpya.o(.text), UNUSED)

<P><STRONG><a name="[cd]"></a>__aeabi_memset</STRONG> (Thumb, 14 bytes, Stack size 0 bytes, memseta.o(.text))
<BR><BR>[Called By]<UL><LI><a href="#[1ed]">&gt;&gt;</a>&nbsp;&nbsp;&nbsp;prvInitialiseNewTask
<LI><a href="#[ce]">&gt;&gt;</a>&nbsp;&nbsp;&nbsp;memset
<LI><a href="#[cc]">&gt;&gt;</a>&nbsp;&nbsp;&nbsp;__aeabi_memclr
</UL>

<P><STRONG><a name="[221]"></a>__aeabi_memset4</STRONG> (Thumb, 0 bytes, Stack size 0 bytes, memseta.o(.text), UNUSED)

<P><STRONG><a name="[222]"></a>__aeabi_memset8</STRONG> (Thumb, 0 bytes, Stack size 0 bytes, memseta.o(.text), UNUSED)

<P><STRONG><a name="[cc]"></a>__aeabi_memclr</STRONG> (Thumb, 4 bytes, Stack size 0 bytes, memseta.o(.text))
<BR><BR>[Calls]<UL><LI><a href="#[cd]">&gt;&gt;</a>&nbsp;&nbsp;&nbsp;__aeabi_memset
</UL>
<BR>[Called By]<UL><LI><a href="#[1c]">&gt;&gt;</a>&nbsp;&nbsp;&nbsp;UART1_IRQHandler
</UL>

<P><STRONG><a name="[223]"></a>__aeabi_memclr4</STRONG> (Thumb, 0 bytes, Stack size 0 bytes, memseta.o(.text), UNUSED)

<P><STRONG><a name="[224]"></a>__aeabi_memclr8</STRONG> (Thumb, 0 bytes, Stack size 0 bytes, memseta.o(.text), UNUSED)

<P><STRONG><a name="[ce]"></a>memset</STRONG> (Thumb, 18 bytes, Stack size 8 bytes, memseta.o(.text), UNUSED)
<BR><BR>[Calls]<UL><LI><a href="#[cd]">&gt;&gt;</a>&nbsp;&nbsp;&nbsp;__aeabi_memset
</UL>

<P><STRONG><a name="[cf]"></a>__aeabi_uldivmod</STRONG> (Thumb, 96 bytes, Stack size 48 bytes, uldiv.o(.text), UNUSED)
<BR><BR>[Calls]<UL><LI><a href="#[d0]">&gt;&gt;</a>&nbsp;&nbsp;&nbsp;__aeabi_llsr
<LI><a href="#[d1]">&gt;&gt;</a>&nbsp;&nbsp;&nbsp;__aeabi_llsl
</UL>
<BR>[Called By]<UL><LI><a href="#[1cc]">&gt;&gt;</a>&nbsp;&nbsp;&nbsp;_printf_core
</UL>

<P><STRONG><a name="[c7]"></a>__scatterload</STRONG> (Thumb, 28 bytes, Stack size 0 bytes, init.o(.text))
<BR><BR>[Calls]<UL><LI><a href="#[d2]">&gt;&gt;</a>&nbsp;&nbsp;&nbsp;__main_after_scatterload
</UL>
<BR>[Called By]<UL><LI><a href="#[c6]">&gt;&gt;</a>&nbsp;&nbsp;&nbsp;_main_scatterload
</UL>

<P><STRONG><a name="[225]"></a>__scatterload_rt2</STRONG> (Thumb, 0 bytes, Stack size 0 bytes, init.o(.text), UNUSED)

<P><STRONG><a name="[d1]"></a>__aeabi_llsl</STRONG> (Thumb, 32 bytes, Stack size 8 bytes, llshl.o(.text), UNUSED)
<BR><BR>[Called By]<UL><LI><a href="#[cf]">&gt;&gt;</a>&nbsp;&nbsp;&nbsp;__aeabi_uldivmod
</UL>

<P><STRONG><a name="[226]"></a>_ll_shift_l</STRONG> (Thumb, 0 bytes, Stack size 8 bytes, llshl.o(.text), UNUSED)

<P><STRONG><a name="[d0]"></a>__aeabi_llsr</STRONG> (Thumb, 34 bytes, Stack size 8 bytes, llushr.o(.text), UNUSED)
<BR><BR>[Called By]<UL><LI><a href="#[cf]">&gt;&gt;</a>&nbsp;&nbsp;&nbsp;__aeabi_uldivmod
</UL>

<P><STRONG><a name="[227]"></a>_ll_ushift_r</STRONG> (Thumb, 0 bytes, Stack size 8 bytes, llushr.o(.text), UNUSED)

<P><STRONG><a name="[228]"></a>__decompress</STRONG> (Thumb, 0 bytes, Stack size unknown bytes, __dczerorl2.o(.text), UNUSED)

<P><STRONG><a name="[229]"></a>__decompress1</STRONG> (Thumb, 86 bytes, Stack size unknown bytes, __dczerorl2.o(.text), UNUSED)

<P><STRONG><a name="[d3]"></a>ATT_HDL_Notify</STRONG> (Thumb, 118 bytes, Stack size 40 bytes, host.o(i.ATT_HDL_Notify))
<BR><BR>[Stack]<UL><LI>Max Depth = 92<LI>Call Chain = ATT_HDL_Notify &rArr; setBLE_ConnTxData &rArr; LL_Data2ConnTxFIFO &rArr; GetMsgBlk_L2_wSize
</UL>
<BR>[Calls]<UL><LI><a href="#[d5]">&gt;&gt;</a>&nbsp;&nbsp;&nbsp;setBLE_ConnTxData
<LI><a href="#[d4]">&gt;&gt;</a>&nbsp;&nbsp;&nbsp;LL_CheckConnExist
</UL>
<BR>[Called By]<UL><LI><a href="#[e7]">&gt;&gt;</a>&nbsp;&nbsp;&nbsp;BleApp_Main
</UL>

<P><STRONG><a name="[2c]"></a>ATT_HDL_Rd_NULL</STRONG> (Thumb, 2 bytes, Stack size 0 bytes, profile_tab.o(i.ATT_HDL_Rd_NULL))
<BR>[Address Reference Count : 1]<UL><LI> profile_tab.o(.constdata)
</UL>
<P><STRONG><a name="[2e]"></a>ATT_HDL_Rd_UDF01S_UDATN01</STRONG> (Thumb, 2 bytes, Stack size 0 bytes, profile_tab.o(i.ATT_HDL_Rd_UDF01S_UDATN01))
<BR>[Address Reference Count : 1]<UL><LI> profile_tab.o(.constdata)
</UL>
<P><STRONG><a name="[2d]"></a>ATT_HDL_Rd_UDF01S_UDATR01</STRONG> (Thumb, 2 bytes, Stack size 0 bytes, profile_tab.o(i.ATT_HDL_Rd_UDF01S_UDATR01))
<BR>[Address Reference Count : 1]<UL><LI> profile_tab.o(.constdata)
</UL>
<P><STRONG><a name="[2f]"></a>ATT_HDL_Rd_UDF01S_UDATRW01</STRONG> (Thumb, 2 bytes, Stack size 0 bytes, profile_tab.o(i.ATT_HDL_Rd_UDF01S_UDATRW01))
<BR>[Address Reference Count : 1]<UL><LI> profile_tab.o(.constdata)
</UL>
<P><STRONG><a name="[2a]"></a>ATT_HDL_Wr_NULL</STRONG> (Thumb, 2 bytes, Stack size 0 bytes, profile_tab.o(i.ATT_HDL_Wr_NULL))
<BR>[Address Reference Count : 1]<UL><LI> profile_tab.o(.constdata)
</UL>
<P><STRONG><a name="[2b]"></a>ATT_HDL_Wr_UDF01S_UDATRW01</STRONG> (Thumb, 18 bytes, Stack size 16 bytes, profile_tab.o(i.ATT_HDL_Wr_UDF01S_UDATRW01))
<BR><BR>[Stack]<UL><LI>Max Depth = 56<LI>Call Chain = ATT_HDL_Wr_UDF01S_UDATRW01 &rArr; trspx_receive_data_callback &rArr; UART_TX_Send &rArr; UartSendByte
</UL>
<BR>[Calls]<UL><LI><a href="#[d6]">&gt;&gt;</a>&nbsp;&nbsp;&nbsp;trspx_receive_data_callback
</UL>
<BR>[Address Reference Count : 1]<UL><LI> profile_tab.o(.constdata)
</UL>
<P><STRONG><a name="[d7]"></a>AppTaskCreate</STRONG> (Thumb, 32 bytes, Stack size 16 bytes, main.o(i.AppTaskCreate))
<BR><BR>[Stack]<UL><LI>Max Depth = 136<LI>Call Chain = AppTaskCreate &rArr; xTaskCreate &rArr; pvPortMalloc &rArr; xTaskResumeAll &rArr; xTaskIncrementTick
</UL>
<BR>[Calls]<UL><LI><a href="#[d8]">&gt;&gt;</a>&nbsp;&nbsp;&nbsp;xTaskCreate
<LI><a href="#[d9]">&gt;&gt;</a>&nbsp;&nbsp;&nbsp;__2printf
</UL>
<BR>[Called By]<UL><LI><a href="#[20]">&gt;&gt;</a>&nbsp;&nbsp;&nbsp;main
</UL>

<P><STRONG><a name="[da]"></a>AutoCalPllFactor</STRONG> (Thumb, 106 bytes, Stack size 48 bytes, system_mm32f032xx_s.o(i.AutoCalPllFactor))
<BR><BR>[Stack]<UL><LI>Max Depth = 60<LI>Call Chain = AutoCalPllFactor &rArr; __aeabi_uidivmod
</UL>
<BR>[Calls]<UL><LI><a href="#[cb]">&gt;&gt;</a>&nbsp;&nbsp;&nbsp;__aeabi_uidivmod
</UL>
<BR>[Called By]<UL><LI><a href="#[1b6]">&gt;&gt;</a>&nbsp;&nbsp;&nbsp;SetSysClockTo48_HSI
</UL>

<P><STRONG><a name="[db]"></a>BSP_LED_Init</STRONG> (Thumb, 94 bytes, Stack size 8 bytes, bsp_led.o(i.BSP_LED_Init))
<BR><BR>[Stack]<UL><LI>Max Depth = 32<LI>Call Chain = BSP_LED_Init &rArr; GPIO_Init
</UL>
<BR>[Calls]<UL><LI><a href="#[dc]">&gt;&gt;</a>&nbsp;&nbsp;&nbsp;RCC_AHBPeriphClockCmd
<LI><a href="#[dd]">&gt;&gt;</a>&nbsp;&nbsp;&nbsp;GPIO_StructInit
<LI><a href="#[df]">&gt;&gt;</a>&nbsp;&nbsp;&nbsp;GPIO_ResetBits
<LI><a href="#[de]">&gt;&gt;</a>&nbsp;&nbsp;&nbsp;GPIO_Init
</UL>
<BR>[Called By]<UL><LI><a href="#[20]">&gt;&gt;</a>&nbsp;&nbsp;&nbsp;main
</UL>

<P><STRONG><a name="[e0]"></a>BSP_SPI_BLE_Init</STRONG> (Thumb, 82 bytes, Stack size 32 bytes, porting_spi.o(i.BSP_SPI_BLE_Init))
<BR><BR>[Stack]<UL><LI>Max Depth = 108<LI>Call Chain = BSP_SPI_BLE_Init &rArr; SPIx_DMA_Configure &rArr; DMA_DeInit &rArr; __aeabi_uidivmod
</UL>
<BR>[Calls]<UL><LI><a href="#[e4]">&gt;&gt;</a>&nbsp;&nbsp;&nbsp;SPIx_DMA_Configure
<LI><a href="#[e2]">&gt;&gt;</a>&nbsp;&nbsp;&nbsp;SPIx_Configure
<LI><a href="#[e1]">&gt;&gt;</a>&nbsp;&nbsp;&nbsp;SPI_CSInternalSelected
<LI><a href="#[e3]">&gt;&gt;</a>&nbsp;&nbsp;&nbsp;SPI_BiDirectionalLineConfig
</UL>
<BR>[Called By]<UL><LI><a href="#[19f]">&gt;&gt;</a>&nbsp;&nbsp;&nbsp;RF_SpiIoMapping
</UL>

<P><STRONG><a name="[e5]"></a>BleApp_Init</STRONG> (Thumb, 10 bytes, Stack size 8 bytes, user.o(i.BleApp_Init))
<BR><BR>[Stack]<UL><LI>Max Depth = 16<LI>Call Chain = BleApp_Init &rArr; setBLE_RegisterBleEvent
</UL>
<BR>[Calls]<UL><LI><a href="#[e6]">&gt;&gt;</a>&nbsp;&nbsp;&nbsp;setBLE_RegisterBleEvent
</UL>
<BR>[Called By]<UL><LI><a href="#[20]">&gt;&gt;</a>&nbsp;&nbsp;&nbsp;main
</UL>

<P><STRONG><a name="[e7]"></a>BleApp_Main</STRONG> (Thumb, 100 bytes, Stack size 16 bytes, user.o(i.BleApp_Main))
<BR><BR>[Stack]<UL><LI>Max Depth = 108<LI>Call Chain = BleApp_Main &rArr; ATT_HDL_Notify &rArr; setBLE_ConnTxData &rArr; LL_Data2ConnTxFIFO &rArr; GetMsgBlk_L2_wSize
</UL>
<BR>[Calls]<UL><LI><a href="#[d3]">&gt;&gt;</a>&nbsp;&nbsp;&nbsp;ATT_HDL_Notify
<LI><a href="#[e8]">&gt;&gt;</a>&nbsp;&nbsp;&nbsp;Ble_Slave_StartADV
</UL>
<BR>[Called By]<UL><LI><a href="#[23]">&gt;&gt;</a>&nbsp;&nbsp;&nbsp;rf_Stack_task
</UL>

<P><STRONG><a name="[f6]"></a>BleMHC_PostEvent</STRONG> (Thumb, 6 bytes, Stack size 0 bytes, hci.o(i.BleMHC_PostEvent))
<BR><BR>[Called By]<UL><LI><a href="#[ed]">&gt;&gt;</a>&nbsp;&nbsp;&nbsp;Ble_Kernel_Root
<LI><a href="#[f4]">&gt;&gt;</a>&nbsp;&nbsp;&nbsp;checkBLE_CmdTimer
<LI><a href="#[a7]">&gt;&gt;</a>&nbsp;&nbsp;&nbsp;Prcss_OPCODE_ATT_Exchange_MTU_Response
<LI><a href="#[a6]">&gt;&gt;</a>&nbsp;&nbsp;&nbsp;Prcss_OPCODE_ATT_Exchange_MTU_Request
</UL>

<P><STRONG><a name="[1aa]"></a>BleTxFIFOAddr_Get</STRONG> (Thumb, 6 bytes, Stack size 0 bytes, rf_phy.o(i.BleTxFIFOAddr_Get))
<BR><BR>[Called By]<UL><LI><a href="#[140]">&gt;&gt;</a>&nbsp;&nbsp;&nbsp;SPI_PDMA_SetTx
<LI><a href="#[19d]">&gt;&gt;</a>&nbsp;&nbsp;&nbsp;SPI_2BYT_SetTx_Isr
</UL>

<P><STRONG><a name="[eb]"></a>Ble_EC_Chk_Isr</STRONG> (Thumb, 52 bytes, Stack size 8 bytes, ll.o(i.Ble_EC_Chk_Isr))
<BR><BR>[Stack]<UL><LI>Max Depth = 8<LI>Call Chain = Ble_EC_Chk_Isr
</UL>
<BR>[Calls]<UL><LI><a href="#[ec]">&gt;&gt;</a>&nbsp;&nbsp;&nbsp;FreeMsgBlk_Isr
</UL>
<BR>[Called By]<UL><LI><a href="#[139]">&gt;&gt;</a>&nbsp;&nbsp;&nbsp;LLTimer_Isr
</UL>

<P><STRONG><a name="[ed]"></a>Ble_Kernel_Root</STRONG> (Thumb, 164 bytes, Stack size 24 bytes, kernel.o(i.Ble_Kernel_Root))
<BR><BR>[Stack]<UL><LI>Max Depth = 88<LI>Call Chain = Ble_Kernel_Root &rArr; checkBLE_CmdTimer
</UL>
<BR>[Calls]<UL><LI><a href="#[f4]">&gt;&gt;</a>&nbsp;&nbsp;&nbsp;checkBLE_CmdTimer
<LI><a href="#[f7]">&gt;&gt;</a>&nbsp;&nbsp;&nbsp;Rls_L2CAP_Buf
<LI><a href="#[ef]">&gt;&gt;</a>&nbsp;&nbsp;&nbsp;LL_Root
<LI><a href="#[f0]">&gt;&gt;</a>&nbsp;&nbsp;&nbsp;L2CAP_Root
<LI><a href="#[f3]">&gt;&gt;</a>&nbsp;&nbsp;&nbsp;HCI_Root
<LI><a href="#[f2]">&gt;&gt;</a>&nbsp;&nbsp;&nbsp;CheckValid_L2CAP_Buf
<LI><a href="#[f6]">&gt;&gt;</a>&nbsp;&nbsp;&nbsp;BleMHC_PostEvent
<LI><a href="#[e9]">&gt;&gt;</a>&nbsp;&nbsp;&nbsp;__ARM_common_switch8
<LI><a href="#[ee]">&gt;&gt;</a>&nbsp;&nbsp;&nbsp;CheckMsgQueue
<LI><a href="#[f1]">&gt;&gt;</a>&nbsp;&nbsp;&nbsp;Host_Root
<LI><a href="#[d4]">&gt;&gt;</a>&nbsp;&nbsp;&nbsp;LL_CheckConnExist
<LI><a href="#[f5]">&gt;&gt;</a>&nbsp;&nbsp;&nbsp;Knl_MemCpy
</UL>
<BR>[Called By]<UL><LI><a href="#[23]">&gt;&gt;</a>&nbsp;&nbsp;&nbsp;rf_Stack_task
</UL>

<P><STRONG><a name="[f8]"></a>Ble_SW_Init</STRONG> (Thumb, 68 bytes, Stack size 8 bytes, rf_phy.o(i.Ble_SW_Init))
<BR><BR>[Stack]<UL><LI>Max Depth = 180<LI>Call Chain = Ble_SW_Init &rArr; RF_Tmr_Periodic_initial &rArr; RF_Tmr_Periodic_set_ISR &rArr; SPI_PDMA_SetTx &rArr; SPIx_DMA_TxData &rArr; SPIx_DMA_Configure &rArr; DMA_DeInit &rArr; __aeabi_uidivmod
</UL>
<BR>[Calls]<UL><LI><a href="#[fd]">&gt;&gt;</a>&nbsp;&nbsp;&nbsp;KernelInit
<LI><a href="#[102]">&gt;&gt;</a>&nbsp;&nbsp;&nbsp;clearBLE_CmdTimer
<LI><a href="#[101]">&gt;&gt;</a>&nbsp;&nbsp;&nbsp;RF_WTR_intOn
<LI><a href="#[fe]">&gt;&gt;</a>&nbsp;&nbsp;&nbsp;initLL
<LI><a href="#[ff]">&gt;&gt;</a>&nbsp;&nbsp;&nbsp;initL2CAP
<LI><a href="#[f9]">&gt;&gt;</a>&nbsp;&nbsp;&nbsp;initHCI
<LI><a href="#[fa]">&gt;&gt;</a>&nbsp;&nbsp;&nbsp;initBLEsw
<LI><a href="#[fb]">&gt;&gt;</a>&nbsp;&nbsp;&nbsp;initInt
<LI><a href="#[fc]">&gt;&gt;</a>&nbsp;&nbsp;&nbsp;RF_Tmr_Periodic_initial
<LI><a href="#[100]">&gt;&gt;</a>&nbsp;&nbsp;&nbsp;RF_Header_Rdy_intOn
</UL>
<BR>[Called By]<UL><LI><a href="#[196]">&gt;&gt;</a>&nbsp;&nbsp;&nbsp;RF_Init
</UL>

<P><STRONG><a name="[103]"></a>Ble_Slave_AdvInit</STRONG> (Thumb, 32 bytes, Stack size 24 bytes, user.o(i.Ble_Slave_AdvInit))
<BR><BR>[Stack]<UL><LI>Max Depth = 60<LI>Call Chain = Ble_Slave_AdvInit &rArr; setBLE_AdvParam &rArr; GetMsgBlk_L2_wSize
</UL>
<BR>[Calls]<UL><LI><a href="#[104]">&gt;&gt;</a>&nbsp;&nbsp;&nbsp;setBLE_AdvParam
</UL>
<BR>[Called By]<UL><LI><a href="#[e8]">&gt;&gt;</a>&nbsp;&nbsp;&nbsp;Ble_Slave_StartADV
</UL>

<P><STRONG><a name="[e8]"></a>Ble_Slave_StartADV</STRONG> (Thumb, 28 bytes, Stack size 8 bytes, user.o(i.Ble_Slave_StartADV))
<BR><BR>[Stack]<UL><LI>Max Depth = 68<LI>Call Chain = Ble_Slave_StartADV &rArr; Ble_Slave_AdvInit &rArr; setBLE_AdvParam &rArr; GetMsgBlk_L2_wSize
</UL>
<BR>[Calls]<UL><LI><a href="#[106]">&gt;&gt;</a>&nbsp;&nbsp;&nbsp;setBLE_ScanRspData
<LI><a href="#[107]">&gt;&gt;</a>&nbsp;&nbsp;&nbsp;setBLE_AdvEnable
<LI><a href="#[105]">&gt;&gt;</a>&nbsp;&nbsp;&nbsp;setBLE_AdvData
<LI><a href="#[103]">&gt;&gt;</a>&nbsp;&nbsp;&nbsp;Ble_Slave_AdvInit
</UL>
<BR>[Called By]<UL><LI><a href="#[e7]">&gt;&gt;</a>&nbsp;&nbsp;&nbsp;BleApp_Main
</UL>

<P><STRONG><a name="[169]"></a>CheckMsgBlk_L2_wSizeUsed_Isr</STRONG> (Thumb, 44 bytes, Stack size 0 bytes, kernel.o(i.CheckMsgBlk_L2_wSizeUsed_Isr))
<BR><BR>[Called By]<UL><LI><a href="#[15e]">&gt;&gt;</a>&nbsp;&nbsp;&nbsp;LLWTR_Isr
</UL>

<P><STRONG><a name="[ee]"></a>CheckMsgQueue</STRONG> (Thumb, 28 bytes, Stack size 0 bytes, kernel.o(i.CheckMsgQueue))
<BR><BR>[Called By]<UL><LI><a href="#[ed]">&gt;&gt;</a>&nbsp;&nbsp;&nbsp;Ble_Kernel_Root
</UL>

<P><STRONG><a name="[f2]"></a>CheckValid_L2CAP_Buf</STRONG> (Thumb, 16 bytes, Stack size 0 bytes, l2cap.o(i.CheckValid_L2CAP_Buf))
<BR><BR>[Called By]<UL><LI><a href="#[ed]">&gt;&gt;</a>&nbsp;&nbsp;&nbsp;Ble_Kernel_Root
</UL>

<P><STRONG><a name="[1d5]"></a>ChipId_Get</STRONG> (Thumb, 6 bytes, Stack size 0 bytes, rf_phy.o(i.ChipId_Get))
<BR><BR>[Called By]<UL><LI><a href="#[20]">&gt;&gt;</a>&nbsp;&nbsp;&nbsp;main
</UL>

<P><STRONG><a name="[f]"></a>DMA1_Channel2_3_IRQHandler</STRONG> (Thumb, 50 bytes, Stack size 8 bytes, spi.o(i.DMA1_Channel2_3_IRQHandler))
<BR><BR>[Stack]<UL><LI>Max Depth = 8<LI>Call Chain = DMA1_Channel2_3_IRQHandler
</UL>
<BR>[Calls]<UL><LI><a href="#[108]">&gt;&gt;</a>&nbsp;&nbsp;&nbsp;DMA_GetITStatus
<LI><a href="#[109]">&gt;&gt;</a>&nbsp;&nbsp;&nbsp;DMA_ClearITPendingBit
</UL>
<BR>[Address Reference Count : 1]<UL><LI> startup_mm32f032xx_s_keil.o(RESET)
</UL>
<P><STRONG><a name="[10]"></a>DMA1_Channel4_5_IRQHandler</STRONG> (Thumb, 52 bytes, Stack size 8 bytes, spi.o(i.DMA1_Channel4_5_IRQHandler))
<BR><BR>[Stack]<UL><LI>Max Depth = 8<LI>Call Chain = DMA1_Channel4_5_IRQHandler
</UL>
<BR>[Calls]<UL><LI><a href="#[108]">&gt;&gt;</a>&nbsp;&nbsp;&nbsp;DMA_GetITStatus
<LI><a href="#[109]">&gt;&gt;</a>&nbsp;&nbsp;&nbsp;DMA_ClearITPendingBit
</UL>
<BR>[Address Reference Count : 1]<UL><LI> startup_mm32f032xx_s_keil.o(RESET)
</UL>
<P><STRONG><a name="[1bc]"></a>DMA_ClearFlag</STRONG> (Thumb, 6 bytes, Stack size 0 bytes, hal_dma.o(i.DMA_ClearFlag))
<BR><BR>[Called By]<UL><LI><a href="#[1c]">&gt;&gt;</a>&nbsp;&nbsp;&nbsp;UART1_IRQHandler
</UL>

<P><STRONG><a name="[109]"></a>DMA_ClearITPendingBit</STRONG> (Thumb, 6 bytes, Stack size 0 bytes, hal_dma.o(i.DMA_ClearITPendingBit))
<BR><BR>[Called By]<UL><LI><a href="#[10]">&gt;&gt;</a>&nbsp;&nbsp;&nbsp;DMA1_Channel4_5_IRQHandler
<LI><a href="#[f]">&gt;&gt;</a>&nbsp;&nbsp;&nbsp;DMA1_Channel2_3_IRQHandler
</UL>

<P><STRONG><a name="[10f]"></a>DMA_Cmd</STRONG> (Thumb, 12 bytes, Stack size 0 bytes, hal_dma.o(i.DMA_Cmd))
<BR><BR>[Called By]<UL><LI><a href="#[1c]">&gt;&gt;</a>&nbsp;&nbsp;&nbsp;UART1_IRQHandler
<LI><a href="#[110]">&gt;&gt;</a>&nbsp;&nbsp;&nbsp;DMA_Enable
<LI><a href="#[10a]">&gt;&gt;</a>&nbsp;&nbsp;&nbsp;DMA_Config
<LI><a href="#[e4]">&gt;&gt;</a>&nbsp;&nbsp;&nbsp;SPIx_DMA_Configure
</UL>

<P><STRONG><a name="[10a]"></a>DMA_Config</STRONG> (Thumb, 96 bytes, Stack size 56 bytes, uart_1.o(i.DMA_Config))
<BR><BR>[Stack]<UL><LI>Max Depth = 76<LI>Call Chain = DMA_Config &rArr; DMA_DeInit &rArr; __aeabi_uidivmod
</UL>
<BR>[Calls]<UL><LI><a href="#[10e]">&gt;&gt;</a>&nbsp;&nbsp;&nbsp;UART_DMACmd
<LI><a href="#[10c]">&gt;&gt;</a>&nbsp;&nbsp;&nbsp;DMA_StructInit
<LI><a href="#[10d]">&gt;&gt;</a>&nbsp;&nbsp;&nbsp;DMA_Init
<LI><a href="#[10b]">&gt;&gt;</a>&nbsp;&nbsp;&nbsp;DMA_DeInit
<LI><a href="#[10f]">&gt;&gt;</a>&nbsp;&nbsp;&nbsp;DMA_Cmd
<LI><a href="#[dc]">&gt;&gt;</a>&nbsp;&nbsp;&nbsp;RCC_AHBPeriphClockCmd
</UL>
<BR>[Called By]<UL><LI><a href="#[1c5]">&gt;&gt;</a>&nbsp;&nbsp;&nbsp;UARTx_Configure
</UL>

<P><STRONG><a name="[10b]"></a>DMA_DeInit</STRONG> (Thumb, 52 bytes, Stack size 8 bytes, hal_dma.o(i.DMA_DeInit))
<BR><BR>[Stack]<UL><LI>Max Depth = 20<LI>Call Chain = DMA_DeInit &rArr; __aeabi_uidivmod
</UL>
<BR>[Calls]<UL><LI><a href="#[cb]">&gt;&gt;</a>&nbsp;&nbsp;&nbsp;__aeabi_uidivmod
</UL>
<BR>[Called By]<UL><LI><a href="#[10a]">&gt;&gt;</a>&nbsp;&nbsp;&nbsp;DMA_Config
<LI><a href="#[e4]">&gt;&gt;</a>&nbsp;&nbsp;&nbsp;SPIx_DMA_Configure
</UL>

<P><STRONG><a name="[110]"></a>DMA_Enable</STRONG> (Thumb, 14 bytes, Stack size 8 bytes, uart_1.o(i.DMA_Enable))
<BR><BR>[Stack]<UL><LI>Max Depth = 8<LI>Call Chain = DMA_Enable
</UL>
<BR>[Calls]<UL><LI><a href="#[10f]">&gt;&gt;</a>&nbsp;&nbsp;&nbsp;DMA_Cmd
</UL>
<BR>[Called By]<UL><LI><a href="#[1c]">&gt;&gt;</a>&nbsp;&nbsp;&nbsp;UART1_IRQHandler
</UL>

<P><STRONG><a name="[1bd]"></a>DMA_GetCurrDataCounter</STRONG> (Thumb, 8 bytes, Stack size 0 bytes, hal_dma.o(i.DMA_GetCurrDataCounter))
<BR><BR>[Called By]<UL><LI><a href="#[1c]">&gt;&gt;</a>&nbsp;&nbsp;&nbsp;UART1_IRQHandler
</UL>

<P><STRONG><a name="[108]"></a>DMA_GetITStatus</STRONG> (Thumb, 20 bytes, Stack size 0 bytes, hal_dma.o(i.DMA_GetITStatus))
<BR><BR>[Called By]<UL><LI><a href="#[10]">&gt;&gt;</a>&nbsp;&nbsp;&nbsp;DMA1_Channel4_5_IRQHandler
<LI><a href="#[f]">&gt;&gt;</a>&nbsp;&nbsp;&nbsp;DMA1_Channel2_3_IRQHandler
</UL>

<P><STRONG><a name="[1b2]"></a>DMA_ITConfig</STRONG> (Thumb, 20 bytes, Stack size 0 bytes, hal_dma.o(i.DMA_ITConfig))
<BR><BR>[Called By]<UL><LI><a href="#[e4]">&gt;&gt;</a>&nbsp;&nbsp;&nbsp;SPIx_DMA_Configure
</UL>

<P><STRONG><a name="[10d]"></a>DMA_Init</STRONG> (Thumb, 70 bytes, Stack size 8 bytes, hal_dma.o(i.DMA_Init))
<BR><BR>[Stack]<UL><LI>Max Depth = 8<LI>Call Chain = DMA_Init
</UL>
<BR>[Called By]<UL><LI><a href="#[10a]">&gt;&gt;</a>&nbsp;&nbsp;&nbsp;DMA_Config
<LI><a href="#[e4]">&gt;&gt;</a>&nbsp;&nbsp;&nbsp;SPIx_DMA_Configure
</UL>

<P><STRONG><a name="[10c]"></a>DMA_StructInit</STRONG> (Thumb, 28 bytes, Stack size 0 bytes, hal_dma.o(i.DMA_StructInit))
<BR><BR>[Called By]<UL><LI><a href="#[10a]">&gt;&gt;</a>&nbsp;&nbsp;&nbsp;DMA_Config
<LI><a href="#[e4]">&gt;&gt;</a>&nbsp;&nbsp;&nbsp;SPIx_DMA_Configure
</UL>

<P><STRONG><a name="[79]"></a>ECHC_LE_Ctrl_Pkt</STRONG> (Thumb, 224 bytes, Stack size 24 bytes, ll.o(i.ECHC_LE_Ctrl_Pkt))
<BR><BR>[Stack]<UL><LI>Max Depth = 188<LI>Call Chain = ECHC_LE_Ctrl_Pkt &rArr; LL_smp_SKD_IV_genIn &rArr; smpAES_inInv &rArr; SPI_PDMA_SetTx &rArr; SPIx_DMA_TxData &rArr; SPIx_DMA_Configure &rArr; DMA_DeInit &rArr; __aeabi_uidivmod
</UL>
<BR>[Calls]<UL><LI><a href="#[113]">&gt;&gt;</a>&nbsp;&nbsp;&nbsp;SndMsgBlk_Isr
<LI><a href="#[111]">&gt;&gt;</a>&nbsp;&nbsp;&nbsp;Knl_MemCpy_Isr
<LI><a href="#[116]">&gt;&gt;</a>&nbsp;&nbsp;&nbsp;GetMsgBlk_Isr
<LI><a href="#[115]">&gt;&gt;</a>&nbsp;&nbsp;&nbsp;LL_smp_SKD_IV_genIn
<LI><a href="#[117]">&gt;&gt;</a>&nbsp;&nbsp;&nbsp;LL_Msg_CTRL_PKT_Isr
<LI><a href="#[114]">&gt;&gt;</a>&nbsp;&nbsp;&nbsp;smpAES_out
<LI><a href="#[112]">&gt;&gt;</a>&nbsp;&nbsp;&nbsp;smpAES_inInv
</UL>
<BR>[Address Reference Count : 1]<UL><LI> ll.o(.constdata)
</UL>
<P><STRONG><a name="[d]"></a>EXTI4_15_IRQHandler</STRONG> (Thumb, 44 bytes, Stack size 8 bytes, porting_misc.o(i.EXTI4_15_IRQHandler))
<BR><BR>[Stack]<UL><LI>Max Depth = 236<LI>Call Chain = EXTI4_15_IRQHandler &rArr; LL_GPIO_Isr &rArr; LLWTR_Isr &rArr; LL_Buffer_To_FIFO_Isr &rArr; RF_TxFIFO_LeData_set &rArr; SPI_PDMA_SetTx &rArr; SPIx_DMA_TxData &rArr; SPIx_DMA_Configure &rArr; DMA_DeInit &rArr; __aeabi_uidivmod
</UL>
<BR>[Calls]<UL><LI><a href="#[11b]">&gt;&gt;</a>&nbsp;&nbsp;&nbsp;GPIO_ReadInputDataBit
<LI><a href="#[118]">&gt;&gt;</a>&nbsp;&nbsp;&nbsp;EXTI_GetITStatus
<LI><a href="#[119]">&gt;&gt;</a>&nbsp;&nbsp;&nbsp;EXTI_ClearITPendingBit
<LI><a href="#[11a]">&gt;&gt;</a>&nbsp;&nbsp;&nbsp;LL_GPIO_Isr
</UL>
<BR>[Address Reference Count : 1]<UL><LI> startup_mm32f032xx_s_keil.o(RESET)
</UL>
<P><STRONG><a name="[119]"></a>EXTI_ClearITPendingBit</STRONG> (Thumb, 6 bytes, Stack size 0 bytes, hal_exti.o(i.EXTI_ClearITPendingBit))
<BR><BR>[Called By]<UL><LI><a href="#[d]">&gt;&gt;</a>&nbsp;&nbsp;&nbsp;EXTI4_15_IRQHandler
</UL>

<P><STRONG><a name="[118]"></a>EXTI_GetITStatus</STRONG> (Thumb, 30 bytes, Stack size 0 bytes, hal_exti.o(i.EXTI_GetITStatus))
<BR><BR>[Called By]<UL><LI><a href="#[d]">&gt;&gt;</a>&nbsp;&nbsp;&nbsp;EXTI4_15_IRQHandler
</UL>

<P><STRONG><a name="[11c]"></a>EXTI_Init</STRONG> (Thumb, 114 bytes, Stack size 4 bytes, hal_exti.o(i.EXTI_Init))
<BR><BR>[Stack]<UL><LI>Max Depth = 4<LI>Call Chain = EXTI_Init
</UL>
<BR>[Calls]<UL><LI><a href="#[11d]">&gt;&gt;</a>&nbsp;&nbsp;&nbsp;exEXTI_LineDisable
</UL>
<BR>[Called By]<UL><LI><a href="#[178]">&gt;&gt;</a>&nbsp;&nbsp;&nbsp;MCU_GpioIntEnable
<LI><a href="#[174]">&gt;&gt;</a>&nbsp;&nbsp;&nbsp;MCU_GpioIntDisable
</UL>

<P><STRONG><a name="[176]"></a>EXTI_LineConfig</STRONG> (Thumb, 54 bytes, Stack size 8 bytes, hal_exti.o(i.EXTI_LineConfig))
<BR><BR>[Stack]<UL><LI>Max Depth = 8<LI>Call Chain = EXTI_LineConfig
</UL>
<BR>[Called By]<UL><LI><a href="#[178]">&gt;&gt;</a>&nbsp;&nbsp;&nbsp;MCU_GpioIntEnable
<LI><a href="#[174]">&gt;&gt;</a>&nbsp;&nbsp;&nbsp;MCU_GpioIntDisable
</UL>

<P><STRONG><a name="[142]"></a>ErrorEntry</STRONG> (Thumb, 12 bytes, Stack size 0 bytes, kernel.o(i.ErrorEntry))
<BR><BR>[Called By]<UL><LI><a href="#[139]">&gt;&gt;</a>&nbsp;&nbsp;&nbsp;LLTimer_Isr
</UL>

<P><STRONG><a name="[11f]"></a>FreeMsgBlk</STRONG> (Thumb, 28 bytes, Stack size 0 bytes, kernel.o(i.FreeMsgBlk))
<BR><BR>[Called By]<UL><LI><a href="#[ef]">&gt;&gt;</a>&nbsp;&nbsp;&nbsp;LL_Root
<LI><a href="#[f0]">&gt;&gt;</a>&nbsp;&nbsp;&nbsp;L2CAP_Root
<LI><a href="#[f3]">&gt;&gt;</a>&nbsp;&nbsp;&nbsp;HCI_Root
<LI><a href="#[f1]">&gt;&gt;</a>&nbsp;&nbsp;&nbsp;Host_Root
<LI><a href="#[ae]">&gt;&gt;</a>&nbsp;&nbsp;&nbsp;Prcss_OPCODE_ATT_Read_Request
<LI><a href="#[99]">&gt;&gt;</a>&nbsp;&nbsp;&nbsp;Prcss_BLE_CODE_SMP_Pairing_Request
</UL>

<P><STRONG><a name="[ec]"></a>FreeMsgBlk_Isr</STRONG> (Thumb, 24 bytes, Stack size 0 bytes, kernel.o(i.FreeMsgBlk_Isr))
<BR><BR>[Called By]<UL><LI><a href="#[164]">&gt;&gt;</a>&nbsp;&nbsp;&nbsp;LLWTR_Rx2Hc
<LI><a href="#[15e]">&gt;&gt;</a>&nbsp;&nbsp;&nbsp;LLWTR_Isr
<LI><a href="#[15d]">&gt;&gt;</a>&nbsp;&nbsp;&nbsp;LLWTR_Buffer_wAck_Isr
<LI><a href="#[eb]">&gt;&gt;</a>&nbsp;&nbsp;&nbsp;Ble_EC_Chk_Isr
</UL>

<P><STRONG><a name="[16e]"></a>FreeMsgBlks</STRONG> (Thumb, 44 bytes, Stack size 8 bytes, kernel.o(i.FreeMsgBlks))
<BR><BR>[Stack]<UL><LI>Max Depth = 8<LI>Call Chain = FreeMsgBlks
</UL>
<BR>[Called By]<UL><LI><a href="#[16d]">&gt;&gt;</a>&nbsp;&nbsp;&nbsp;LL_Data2ConnTxFIFO
</UL>

<P><STRONG><a name="[133]"></a>FreeMsgBlks_Isr</STRONG> (Thumb, 32 bytes, Stack size 0 bytes, kernel.o(i.FreeMsgBlks_Isr))
<BR><BR>[Called By]<UL><LI><a href="#[164]">&gt;&gt;</a>&nbsp;&nbsp;&nbsp;LLWTR_Rx2Hc
<LI><a href="#[15e]">&gt;&gt;</a>&nbsp;&nbsp;&nbsp;LLWTR_Isr
<LI><a href="#[138]">&gt;&gt;</a>&nbsp;&nbsp;&nbsp;LLWTRFIFOGet_Isr
<LI><a href="#[132]">&gt;&gt;</a>&nbsp;&nbsp;&nbsp;LLHeaderRdy_Isr
</UL>

<P><STRONG><a name="[de]"></a>GPIO_Init</STRONG> (Thumb, 154 bytes, Stack size 24 bytes, hal_gpio.o(i.GPIO_Init))
<BR><BR>[Stack]<UL><LI>Max Depth = 24<LI>Call Chain = GPIO_Init
</UL>
<BR>[Called By]<UL><LI><a href="#[e2]">&gt;&gt;</a>&nbsp;&nbsp;&nbsp;SPIx_Configure
<LI><a href="#[1c5]">&gt;&gt;</a>&nbsp;&nbsp;&nbsp;UARTx_Configure
<LI><a href="#[17d]">&gt;&gt;</a>&nbsp;&nbsp;&nbsp;MCU_GpioResetInit
<LI><a href="#[db]">&gt;&gt;</a>&nbsp;&nbsp;&nbsp;BSP_LED_Init
<LI><a href="#[1a0]">&gt;&gt;</a>&nbsp;&nbsp;&nbsp;SPI_GPIO_Init
<LI><a href="#[179]">&gt;&gt;</a>&nbsp;&nbsp;&nbsp;MCU_GpioPinInit
</UL>

<P><STRONG><a name="[1b0]"></a>GPIO_PinAFConfig</STRONG> (Thumb, 40 bytes, Stack size 16 bytes, hal_gpio.o(i.GPIO_PinAFConfig))
<BR><BR>[Stack]<UL><LI>Max Depth = 16<LI>Call Chain = GPIO_PinAFConfig
</UL>
<BR>[Called By]<UL><LI><a href="#[e2]">&gt;&gt;</a>&nbsp;&nbsp;&nbsp;SPIx_Configure
<LI><a href="#[1c5]">&gt;&gt;</a>&nbsp;&nbsp;&nbsp;UARTx_Configure
</UL>

<P><STRONG><a name="[11b]"></a>GPIO_ReadInputDataBit</STRONG> (Thumb, 18 bytes, Stack size 0 bytes, hal_gpio.o(i.GPIO_ReadInputDataBit))
<BR><BR>[Called By]<UL><LI><a href="#[d]">&gt;&gt;</a>&nbsp;&nbsp;&nbsp;EXTI4_15_IRQHandler
</UL>

<P><STRONG><a name="[df]"></a>GPIO_ResetBits</STRONG> (Thumb, 4 bytes, Stack size 0 bytes, hal_gpio.o(i.GPIO_ResetBits))
<BR><BR>[Called By]<UL><LI><a href="#[17a]">&gt;&gt;</a>&nbsp;&nbsp;&nbsp;MCU_GpioReset
<LI><a href="#[db]">&gt;&gt;</a>&nbsp;&nbsp;&nbsp;BSP_LED_Init
</UL>

<P><STRONG><a name="[17b]"></a>GPIO_SetBits</STRONG> (Thumb, 4 bytes, Stack size 0 bytes, hal_gpio.o(i.GPIO_SetBits))
<BR><BR>[Called By]<UL><LI><a href="#[17a]">&gt;&gt;</a>&nbsp;&nbsp;&nbsp;MCU_GpioReset
</UL>

<P><STRONG><a name="[dd]"></a>GPIO_StructInit</STRONG> (Thumb, 16 bytes, Stack size 0 bytes, hal_gpio.o(i.GPIO_StructInit))
<BR><BR>[Called By]<UL><LI><a href="#[e2]">&gt;&gt;</a>&nbsp;&nbsp;&nbsp;SPIx_Configure
<LI><a href="#[1c5]">&gt;&gt;</a>&nbsp;&nbsp;&nbsp;UARTx_Configure
<LI><a href="#[17d]">&gt;&gt;</a>&nbsp;&nbsp;&nbsp;MCU_GpioResetInit
<LI><a href="#[db]">&gt;&gt;</a>&nbsp;&nbsp;&nbsp;BSP_LED_Init
<LI><a href="#[1a0]">&gt;&gt;</a>&nbsp;&nbsp;&nbsp;SPI_GPIO_Init
<LI><a href="#[179]">&gt;&gt;</a>&nbsp;&nbsp;&nbsp;MCU_GpioPinInit
</UL>

<P><STRONG><a name="[122]"></a>GetMsgBlk</STRONG> (Thumb, 36 bytes, Stack size 0 bytes, kernel.o(i.GetMsgBlk))
<BR><BR>[Called By]<UL><LI><a href="#[121]">&gt;&gt;</a>&nbsp;&nbsp;&nbsp;LL_Msg_Event_Status
<LI><a href="#[129]">&gt;&gt;</a>&nbsp;&nbsp;&nbsp;LL_Msg_Event_Le_PHY_Update_Complete
<LI><a href="#[131]">&gt;&gt;</a>&nbsp;&nbsp;&nbsp;LL_Msg_Event_Le_Data_Length_Change
<LI><a href="#[130]">&gt;&gt;</a>&nbsp;&nbsp;&nbsp;LL_Msg_Event_Encrypt_Change
<LI><a href="#[120]">&gt;&gt;</a>&nbsp;&nbsp;&nbsp;LL_Msg_CTRL_PKT
<LI><a href="#[16f]">&gt;&gt;</a>&nbsp;&nbsp;&nbsp;LL_Data2ConnTxFIFO_smp
<LI><a href="#[6a]">&gt;&gt;</a>&nbsp;&nbsp;&nbsp;LLHC_LE_Ctrl_Pkt
<LI><a href="#[67]">&gt;&gt;</a>&nbsp;&nbsp;&nbsp;LLHC_ERR_CODE_Unknown_Hci_Command
<LI><a href="#[68]">&gt;&gt;</a>&nbsp;&nbsp;&nbsp;LLHC_ERR_CODE_Invalid_Lmp_Parameters
<LI><a href="#[3c]">&gt;&gt;</a>&nbsp;&nbsp;&nbsp;HCLL_Set_Event_Mask_Page_2
<LI><a href="#[37]">&gt;&gt;</a>&nbsp;&nbsp;&nbsp;HCLL_Reset
<LI><a href="#[46]">&gt;&gt;</a>&nbsp;&nbsp;&nbsp;HCLL_Read_rssi
<LI><a href="#[41]">&gt;&gt;</a>&nbsp;&nbsp;&nbsp;HCLL_Read_Local_Ver_Info
<LI><a href="#[43]">&gt;&gt;</a>&nbsp;&nbsp;&nbsp;HCLL_Read_Local_Supported_Feat
<LI><a href="#[42]">&gt;&gt;</a>&nbsp;&nbsp;&nbsp;HCLL_Read_Local_Supported_Cmd
<LI><a href="#[45]">&gt;&gt;</a>&nbsp;&nbsp;&nbsp;HCLL_Read_BD_Addr
<LI><a href="#[5e]">&gt;&gt;</a>&nbsp;&nbsp;&nbsp;HCLL_LE_Start_encryption
<LI><a href="#[50]">&gt;&gt;</a>&nbsp;&nbsp;&nbsp;HCLL_LE_Set_scan_param
<LI><a href="#[51]">&gt;&gt;</a>&nbsp;&nbsp;&nbsp;HCLL_LE_Set_scan_enable
<LI><a href="#[4e]">&gt;&gt;</a>&nbsp;&nbsp;&nbsp;HCLL_LE_Set_Scan_Response_Data
<LI><a href="#[4a]">&gt;&gt;</a>&nbsp;&nbsp;&nbsp;HCLL_LE_Set_Random_Address
<LI><a href="#[47]">&gt;&gt;</a>&nbsp;&nbsp;&nbsp;HCLL_LE_Set_Event_Mask
<LI><a href="#[6f]">&gt;&gt;</a>&nbsp;&nbsp;&nbsp;HCLL_LE_Set_Default_Phy
<LI><a href="#[71]">&gt;&gt;</a>&nbsp;&nbsp;&nbsp;HCLL_LE_Set_Data_Length
<LI><a href="#[4f]">&gt;&gt;</a>&nbsp;&nbsp;&nbsp;HCLL_LE_Set_Advertise_Enable
<LI><a href="#[4b]">&gt;&gt;</a>&nbsp;&nbsp;&nbsp;HCLL_LE_Set_Adv_Param
<LI><a href="#[4d]">&gt;&gt;</a>&nbsp;&nbsp;&nbsp;HCLL_LE_Set_Adv_Data
<LI><a href="#[57]">&gt;&gt;</a>&nbsp;&nbsp;&nbsp;HCLL_LE_Rmv_Device_from_White_List
<LI><a href="#[5a]">&gt;&gt;</a>&nbsp;&nbsp;&nbsp;HCLL_LE_Read_ch_map
<LI><a href="#[54]">&gt;&gt;</a>&nbsp;&nbsp;&nbsp;HCLL_LE_Read_White_List_Size
<LI><a href="#[6e]">&gt;&gt;</a>&nbsp;&nbsp;&nbsp;HCLL_LE_Read_Phy
<LI><a href="#[49]">&gt;&gt;</a>&nbsp;&nbsp;&nbsp;HCLL_LE_Read_Local_Supported_Feat
<LI><a href="#[48]">&gt;&gt;</a>&nbsp;&nbsp;&nbsp;HCLL_LE_Read_Buffer_Size
<LI><a href="#[5d]">&gt;&gt;</a>&nbsp;&nbsp;&nbsp;HCLL_LE_Rand
<LI><a href="#[5f]">&gt;&gt;</a>&nbsp;&nbsp;&nbsp;HCLL_LE_Long_term_key_req_reply
<LI><a href="#[60]">&gt;&gt;</a>&nbsp;&nbsp;&nbsp;HCLL_LE_Long_term_key_req_neg_reply
<LI><a href="#[5c]">&gt;&gt;</a>&nbsp;&nbsp;&nbsp;HCLL_LE_Encrypt
<LI><a href="#[6b]">&gt;&gt;</a>&nbsp;&nbsp;&nbsp;HCLL_LE_Ctrl_Pkt
<LI><a href="#[58]">&gt;&gt;</a>&nbsp;&nbsp;&nbsp;HCLL_LE_Conn_update
<LI><a href="#[55]">&gt;&gt;</a>&nbsp;&nbsp;&nbsp;HCLL_LE_Clear_White_List
<LI><a href="#[56]">&gt;&gt;</a>&nbsp;&nbsp;&nbsp;HCLL_LE_Add_Device_to_White_List
<LI><a href="#[8c]">&gt;&gt;</a>&nbsp;&nbsp;&nbsp;MHC_Event_Le_Long_Term_Key_Req
<LI><a href="#[85]">&gt;&gt;</a>&nbsp;&nbsp;&nbsp;MHC_Event_Encrypt_Key_Refresh_Complete
<LI><a href="#[84]">&gt;&gt;</a>&nbsp;&nbsp;&nbsp;MHC_Event_Encrypt_Change
</UL>

<P><STRONG><a name="[116]"></a>GetMsgBlk_Isr</STRONG> (Thumb, 28 bytes, Stack size 0 bytes, kernel.o(i.GetMsgBlk_Isr))
<BR><BR>[Called By]<UL><LI><a href="#[7b]">&gt;&gt;</a>&nbsp;&nbsp;&nbsp;SMEC_LE_CODE_SMP_Pairing_Random
<LI><a href="#[16a]">&gt;&gt;</a>&nbsp;&nbsp;&nbsp;LL_Tmr_FIFO_ADVrpt
<LI><a href="#[117]">&gt;&gt;</a>&nbsp;&nbsp;&nbsp;LL_Msg_CTRL_PKT_Isr
<LI><a href="#[157]">&gt;&gt;</a>&nbsp;&nbsp;&nbsp;LL_EventCounter_Map_Upd
<LI><a href="#[170]">&gt;&gt;</a>&nbsp;&nbsp;&nbsp;LL_Data2ConnTxFIFO_smp_Isr
<LI><a href="#[162]">&gt;&gt;</a>&nbsp;&nbsp;&nbsp;LL_Buffer_To_FIFO_Isr
<LI><a href="#[15e]">&gt;&gt;</a>&nbsp;&nbsp;&nbsp;LLWTR_Isr
<LI><a href="#[139]">&gt;&gt;</a>&nbsp;&nbsp;&nbsp;LLTimer_Isr
<LI><a href="#[77]">&gt;&gt;</a>&nbsp;&nbsp;&nbsp;LLEC_LE_Start_encryption
<LI><a href="#[76]">&gt;&gt;</a>&nbsp;&nbsp;&nbsp;LLEC_LE_Rand
<LI><a href="#[78]">&gt;&gt;</a>&nbsp;&nbsp;&nbsp;LLEC_LE_Long_term_key_req_reply
<LI><a href="#[75]">&gt;&gt;</a>&nbsp;&nbsp;&nbsp;LLEC_LE_Encrypt
<LI><a href="#[79]">&gt;&gt;</a>&nbsp;&nbsp;&nbsp;ECHC_LE_Ctrl_Pkt
</UL>

<P><STRONG><a name="[15c]"></a>GetMsgBlk_L1_wSize_Isr</STRONG> (Thumb, 78 bytes, Stack size 8 bytes, kernel.o(i.GetMsgBlk_L1_wSize_Isr))
<BR><BR>[Stack]<UL><LI>Max Depth = 8<LI>Call Chain = GetMsgBlk_L1_wSize_Isr
</UL>
<BR>[Called By]<UL><LI><a href="#[138]">&gt;&gt;</a>&nbsp;&nbsp;&nbsp;LLWTRFIFOGet_Isr
</UL>

<P><STRONG><a name="[12a]"></a>GetMsgBlk_L2_wSize</STRONG> (Thumb, 80 bytes, Stack size 12 bytes, kernel.o(i.GetMsgBlk_L2_wSize))
<BR><BR>[Stack]<UL><LI>Max Depth = 12<LI>Call Chain = GetMsgBlk_L2_wSize
</UL>
<BR>[Called By]<UL><LI><a href="#[106]">&gt;&gt;</a>&nbsp;&nbsp;&nbsp;setBLE_ScanRspData
<LI><a href="#[104]">&gt;&gt;</a>&nbsp;&nbsp;&nbsp;setBLE_AdvParam
<LI><a href="#[107]">&gt;&gt;</a>&nbsp;&nbsp;&nbsp;setBLE_AdvEnable
<LI><a href="#[105]">&gt;&gt;</a>&nbsp;&nbsp;&nbsp;setBLE_AdvData
<LI><a href="#[16d]">&gt;&gt;</a>&nbsp;&nbsp;&nbsp;LL_Data2ConnTxFIFO
<LI><a href="#[36]">&gt;&gt;</a>&nbsp;&nbsp;&nbsp;HCLL_Set_Event_Mask
<LI><a href="#[183]">&gt;&gt;</a>&nbsp;&nbsp;&nbsp;PassEC_BLE_CODE_SMP
<LI><a href="#[ae]">&gt;&gt;</a>&nbsp;&nbsp;&nbsp;Prcss_OPCODE_ATT_Read_Request
<LI><a href="#[99]">&gt;&gt;</a>&nbsp;&nbsp;&nbsp;Prcss_BLE_CODE_SMP_Pairing_Request
<LI><a href="#[9d]">&gt;&gt;</a>&nbsp;&nbsp;&nbsp;Prcss_BLE_CODE_SMP_Pairing_Failed
<LI><a href="#[9b]">&gt;&gt;</a>&nbsp;&nbsp;&nbsp;Prcss_BLE_CODE_SMP_Pairing_Confirm
</UL>

<P><STRONG><a name="[f3]"></a>HCI_Root</STRONG> (Thumb, 32 bytes, Stack size 8 bytes, hci.o(i.HCI_Root))
<BR><BR>[Stack]<UL><LI>Max Depth = 8<LI>Call Chain = HCI_Root
</UL>
<BR>[Calls]<UL><LI><a href="#[11e]">&gt;&gt;</a>&nbsp;&nbsp;&nbsp;RcvMsgBlk
<LI><a href="#[11f]">&gt;&gt;</a>&nbsp;&nbsp;&nbsp;FreeMsgBlk
</UL>
<BR>[Called By]<UL><LI><a href="#[ed]">&gt;&gt;</a>&nbsp;&nbsp;&nbsp;Ble_Kernel_Root
</UL>

<P><STRONG><a name="[34]"></a>HCLL_Disconnect</STRONG> (Thumb, 52 bytes, Stack size 8 bytes, ll.o(i.HCLL_Disconnect))
<BR><BR>[Stack]<UL><LI>Max Depth = 48<LI>Call Chain = HCLL_Disconnect &rArr; LL_Msg_CTRL_PKT
</UL>
<BR>[Calls]<UL><LI><a href="#[121]">&gt;&gt;</a>&nbsp;&nbsp;&nbsp;LL_Msg_Event_Status
<LI><a href="#[120]">&gt;&gt;</a>&nbsp;&nbsp;&nbsp;LL_Msg_CTRL_PKT
</UL>
<BR>[Address Reference Count : 1]<UL><LI> ll.o(.constdata)
</UL>
<P><STRONG><a name="[3a]"></a>HCLL_Host_Buffer_Size</STRONG> (Thumb, 2 bytes, Stack size 0 bytes, ll.o(i.HCLL_Host_Buffer_Size))
<BR>[Address Reference Count : 1]<UL><LI> ll.o(.constdata)
</UL>
<P><STRONG><a name="[3b]"></a>HCLL_Host_Num_of_Completed_Packets</STRONG> (Thumb, 2 bytes, Stack size 0 bytes, ll.o(i.HCLL_Host_Num_of_Completed_Packets))
<BR>[Address Reference Count : 1]<UL><LI> ll.o(.constdata)
</UL>
<P><STRONG><a name="[69]"></a>HCLL_LE_ACL_Data_Pkt</STRONG> (Thumb, 2 bytes, Stack size 0 bytes, ll.o(i.HCLL_LE_ACL_Data_Pkt))
<BR>[Address Reference Count : 1]<UL><LI> ll.o(.constdata)
</UL>
<P><STRONG><a name="[73]"></a>HCLL_LE_ACL_Data_Pkt_Extend</STRONG> (Thumb, 4 bytes, Stack size 0 bytes, ll.o(i.HCLL_LE_ACL_Data_Pkt_Extend))
<BR>[Address Reference Count : 1]<UL><LI> ll.o(.constdata)
</UL>
<P><STRONG><a name="[56]"></a>HCLL_LE_Add_Device_to_White_List</STRONG> (Thumb, 132 bytes, Stack size 16 bytes, ll.o(i.HCLL_LE_Add_Device_to_White_List))
<BR><BR>[Stack]<UL><LI>Max Depth = 24<LI>Call Chain = HCLL_LE_Add_Device_to_White_List &rArr; Knl_MemComp
</UL>
<BR>[Calls]<UL><LI><a href="#[124]">&gt;&gt;</a>&nbsp;&nbsp;&nbsp;Knl_MemComp
<LI><a href="#[122]">&gt;&gt;</a>&nbsp;&nbsp;&nbsp;GetMsgBlk
<LI><a href="#[123]">&gt;&gt;</a>&nbsp;&nbsp;&nbsp;SndMsgBlk
<LI><a href="#[f5]">&gt;&gt;</a>&nbsp;&nbsp;&nbsp;Knl_MemCpy
</UL>
<BR>[Address Reference Count : 1]<UL><LI> ll.o(.constdata)
</UL>
<P><STRONG><a name="[55]"></a>HCLL_LE_Clear_White_List</STRONG> (Thumb, 64 bytes, Stack size 8 bytes, ll.o(i.HCLL_LE_Clear_White_List))
<BR><BR>[Stack]<UL><LI>Max Depth = 8<LI>Call Chain = HCLL_LE_Clear_White_List
</UL>
<BR>[Calls]<UL><LI><a href="#[122]">&gt;&gt;</a>&nbsp;&nbsp;&nbsp;GetMsgBlk
<LI><a href="#[123]">&gt;&gt;</a>&nbsp;&nbsp;&nbsp;SndMsgBlk
</UL>
<BR>[Address Reference Count : 1]<UL><LI> ll.o(.constdata)
</UL>
<P><STRONG><a name="[58]"></a>HCLL_LE_Conn_update</STRONG> (Thumb, 198 bytes, Stack size 32 bytes, ll.o(i.HCLL_LE_Conn_update))
<BR><BR>[Stack]<UL><LI>Max Depth = 72<LI>Call Chain = HCLL_LE_Conn_update &rArr; LL_Msg_CTRL_PKT
</UL>
<BR>[Calls]<UL><LI><a href="#[125]">&gt;&gt;</a>&nbsp;&nbsp;&nbsp;Knl_MemCpy_Fwd
<LI><a href="#[124]">&gt;&gt;</a>&nbsp;&nbsp;&nbsp;Knl_MemComp
<LI><a href="#[122]">&gt;&gt;</a>&nbsp;&nbsp;&nbsp;GetMsgBlk
<LI><a href="#[123]">&gt;&gt;</a>&nbsp;&nbsp;&nbsp;SndMsgBlk
<LI><a href="#[f5]">&gt;&gt;</a>&nbsp;&nbsp;&nbsp;Knl_MemCpy
<LI><a href="#[121]">&gt;&gt;</a>&nbsp;&nbsp;&nbsp;LL_Msg_Event_Status
<LI><a href="#[120]">&gt;&gt;</a>&nbsp;&nbsp;&nbsp;LL_Msg_CTRL_PKT
</UL>
<BR>[Address Reference Count : 1]<UL><LI> ll.o(.constdata)
</UL>
<P><STRONG><a name="[52]"></a>HCLL_LE_Create_Conn</STRONG> (Thumb, 2 bytes, Stack size 0 bytes, ll.o(i.HCLL_LE_Create_Conn))
<BR>[Address Reference Count : 1]<UL><LI> ll.o(.constdata)
</UL>
<P><STRONG><a name="[53]"></a>HCLL_LE_Create_conn_cancel</STRONG> (Thumb, 2 bytes, Stack size 0 bytes, ll.o(i.HCLL_LE_Create_conn_cancel))
<BR>[Address Reference Count : 1]<UL><LI> ll.o(.constdata)
</UL>
<P><STRONG><a name="[6b]"></a>HCLL_LE_Ctrl_Pkt</STRONG> (Thumb, 172 bytes, Stack size 16 bytes, ll.o(i.HCLL_LE_Ctrl_Pkt))
<BR><BR>[Stack]<UL><LI>Max Depth = 24<LI>Call Chain = HCLL_LE_Ctrl_Pkt &rArr; __ARM_common_switch8
</UL>
<BR>[Calls]<UL><LI><a href="#[e9]">&gt;&gt;</a>&nbsp;&nbsp;&nbsp;__ARM_common_switch8
<LI><a href="#[122]">&gt;&gt;</a>&nbsp;&nbsp;&nbsp;GetMsgBlk
<LI><a href="#[d4]">&gt;&gt;</a>&nbsp;&nbsp;&nbsp;LL_CheckConnExist
<LI><a href="#[f5]">&gt;&gt;</a>&nbsp;&nbsp;&nbsp;Knl_MemCpy
</UL>
<BR>[Address Reference Count : 1]<UL><LI> ll.o(.constdata)
</UL>
<P><STRONG><a name="[5c]"></a>HCLL_LE_Encrypt</STRONG> (Thumb, 36 bytes, Stack size 16 bytes, ll.o(i.HCLL_LE_Encrypt))
<BR><BR>[Stack]<UL><LI>Max Depth = 16<LI>Call Chain = HCLL_LE_Encrypt
</UL>
<BR>[Calls]<UL><LI><a href="#[122]">&gt;&gt;</a>&nbsp;&nbsp;&nbsp;GetMsgBlk
<LI><a href="#[f5]">&gt;&gt;</a>&nbsp;&nbsp;&nbsp;Knl_MemCpy
<LI><a href="#[126]">&gt;&gt;</a>&nbsp;&nbsp;&nbsp;SndMsgBlkEC
</UL>
<BR>[Address Reference Count : 1]<UL><LI> ll.o(.constdata)
</UL>
<P><STRONG><a name="[60]"></a>HCLL_LE_Long_term_key_req_neg_reply</STRONG> (Thumb, 88 bytes, Stack size 24 bytes, ll.o(i.HCLL_LE_Long_term_key_req_neg_reply))
<BR><BR>[Stack]<UL><LI>Max Depth = 64<LI>Call Chain = HCLL_LE_Long_term_key_req_neg_reply &rArr; LL_Msg_CTRL_PKT
</UL>
<BR>[Calls]<UL><LI><a href="#[122]">&gt;&gt;</a>&nbsp;&nbsp;&nbsp;GetMsgBlk
<LI><a href="#[123]">&gt;&gt;</a>&nbsp;&nbsp;&nbsp;SndMsgBlk
<LI><a href="#[120]">&gt;&gt;</a>&nbsp;&nbsp;&nbsp;LL_Msg_CTRL_PKT
</UL>
<BR>[Address Reference Count : 1]<UL><LI> ll.o(.constdata)
</UL>
<P><STRONG><a name="[5f]"></a>HCLL_LE_Long_term_key_req_reply</STRONG> (Thumb, 36 bytes, Stack size 16 bytes, ll.o(i.HCLL_LE_Long_term_key_req_reply))
<BR><BR>[Stack]<UL><LI>Max Depth = 16<LI>Call Chain = HCLL_LE_Long_term_key_req_reply
</UL>
<BR>[Calls]<UL><LI><a href="#[122]">&gt;&gt;</a>&nbsp;&nbsp;&nbsp;GetMsgBlk
<LI><a href="#[f5]">&gt;&gt;</a>&nbsp;&nbsp;&nbsp;Knl_MemCpy
<LI><a href="#[126]">&gt;&gt;</a>&nbsp;&nbsp;&nbsp;SndMsgBlkEC
</UL>
<BR>[Address Reference Count : 1]<UL><LI> ll.o(.constdata)
</UL>
<P><STRONG><a name="[5d]"></a>HCLL_LE_Rand</STRONG> (Thumb, 36 bytes, Stack size 16 bytes, ll.o(i.HCLL_LE_Rand))
<BR><BR>[Stack]<UL><LI>Max Depth = 16<LI>Call Chain = HCLL_LE_Rand
</UL>
<BR>[Calls]<UL><LI><a href="#[122]">&gt;&gt;</a>&nbsp;&nbsp;&nbsp;GetMsgBlk
<LI><a href="#[f5]">&gt;&gt;</a>&nbsp;&nbsp;&nbsp;Knl_MemCpy
<LI><a href="#[126]">&gt;&gt;</a>&nbsp;&nbsp;&nbsp;SndMsgBlkEC
</UL>
<BR>[Address Reference Count : 1]<UL><LI> ll.o(.constdata)
</UL>
<P><STRONG><a name="[4c]"></a>HCLL_LE_Read_Adv_Ch_Tx_Pwr</STRONG> (Thumb, 4 bytes, Stack size 0 bytes, ll.o(i.HCLL_LE_Read_Adv_Ch_Tx_Pwr))
<BR>[Address Reference Count : 1]<UL><LI> ll.o(.constdata)
</UL>
<P><STRONG><a name="[48]"></a>HCLL_LE_Read_Buffer_Size</STRONG> (Thumb, 36 bytes, Stack size 8 bytes, ll.o(i.HCLL_LE_Read_Buffer_Size))
<BR><BR>[Stack]<UL><LI>Max Depth = 8<LI>Call Chain = HCLL_LE_Read_Buffer_Size
</UL>
<BR>[Calls]<UL><LI><a href="#[122]">&gt;&gt;</a>&nbsp;&nbsp;&nbsp;GetMsgBlk
<LI><a href="#[123]">&gt;&gt;</a>&nbsp;&nbsp;&nbsp;SndMsgBlk
</UL>
<BR>[Address Reference Count : 1]<UL><LI> ll.o(.constdata)
</UL>
<P><STRONG><a name="[49]"></a>HCLL_LE_Read_Local_Supported_Feat</STRONG> (Thumb, 62 bytes, Stack size 8 bytes, ll.o(i.HCLL_LE_Read_Local_Supported_Feat))
<BR><BR>[Stack]<UL><LI>Max Depth = 8<LI>Call Chain = HCLL_LE_Read_Local_Supported_Feat
</UL>
<BR>[Calls]<UL><LI><a href="#[122]">&gt;&gt;</a>&nbsp;&nbsp;&nbsp;GetMsgBlk
<LI><a href="#[123]">&gt;&gt;</a>&nbsp;&nbsp;&nbsp;SndMsgBlk
<LI><a href="#[127]">&gt;&gt;</a>&nbsp;&nbsp;&nbsp;Knl_CodeCpy
</UL>
<BR>[Address Reference Count : 1]<UL><LI> ll.o(.constdata)
</UL>
<P><STRONG><a name="[6e]"></a>HCLL_LE_Read_Phy</STRONG> (Thumb, 64 bytes, Stack size 8 bytes, ll.o(i.HCLL_LE_Read_Phy))
<BR><BR>[Stack]<UL><LI>Max Depth = 8<LI>Call Chain = HCLL_LE_Read_Phy
</UL>
<BR>[Calls]<UL><LI><a href="#[122]">&gt;&gt;</a>&nbsp;&nbsp;&nbsp;GetMsgBlk
<LI><a href="#[123]">&gt;&gt;</a>&nbsp;&nbsp;&nbsp;SndMsgBlk
</UL>
<BR>[Address Reference Count : 1]<UL><LI> ll.o(.constdata)
</UL>
<P><STRONG><a name="[5b]"></a>HCLL_LE_Read_Remote_Used_Feat</STRONG> (Thumb, 60 bytes, Stack size 16 bytes, ll.o(i.HCLL_LE_Read_Remote_Used_Feat))
<BR><BR>[Stack]<UL><LI>Max Depth = 56<LI>Call Chain = HCLL_LE_Read_Remote_Used_Feat &rArr; LL_Msg_CTRL_PKT
</UL>
<BR>[Calls]<UL><LI><a href="#[127]">&gt;&gt;</a>&nbsp;&nbsp;&nbsp;Knl_CodeCpy
<LI><a href="#[121]">&gt;&gt;</a>&nbsp;&nbsp;&nbsp;LL_Msg_Event_Status
<LI><a href="#[120]">&gt;&gt;</a>&nbsp;&nbsp;&nbsp;LL_Msg_CTRL_PKT
</UL>
<BR>[Address Reference Count : 1]<UL><LI> ll.o(.constdata)
</UL>
<P><STRONG><a name="[54]"></a>HCLL_LE_Read_White_List_Size</STRONG> (Thumb, 28 bytes, Stack size 8 bytes, ll.o(i.HCLL_LE_Read_White_List_Size))
<BR><BR>[Stack]<UL><LI>Max Depth = 8<LI>Call Chain = HCLL_LE_Read_White_List_Size
</UL>
<BR>[Calls]<UL><LI><a href="#[122]">&gt;&gt;</a>&nbsp;&nbsp;&nbsp;GetMsgBlk
<LI><a href="#[123]">&gt;&gt;</a>&nbsp;&nbsp;&nbsp;SndMsgBlk
</UL>
<BR>[Address Reference Count : 1]<UL><LI> ll.o(.constdata)
</UL>
<P><STRONG><a name="[5a]"></a>HCLL_LE_Read_ch_map</STRONG> (Thumb, 54 bytes, Stack size 16 bytes, ll.o(i.HCLL_LE_Read_ch_map))
<BR><BR>[Stack]<UL><LI>Max Depth = 16<LI>Call Chain = HCLL_LE_Read_ch_map
</UL>
<BR>[Calls]<UL><LI><a href="#[122]">&gt;&gt;</a>&nbsp;&nbsp;&nbsp;GetMsgBlk
<LI><a href="#[123]">&gt;&gt;</a>&nbsp;&nbsp;&nbsp;SndMsgBlk
<LI><a href="#[f5]">&gt;&gt;</a>&nbsp;&nbsp;&nbsp;Knl_MemCpy
</UL>
<BR>[Address Reference Count : 1]<UL><LI> ll.o(.constdata)
</UL>
<P><STRONG><a name="[61]"></a>HCLL_LE_Read_supported_states</STRONG> (Thumb, 2 bytes, Stack size 0 bytes, ll.o(i.HCLL_LE_Read_supported_states))
<BR>[Address Reference Count : 1]<UL><LI> ll.o(.constdata)
</UL>
<P><STRONG><a name="[62]"></a>HCLL_LE_Receiver_test</STRONG> (Thumb, 2 bytes, Stack size 0 bytes, ll.o(i.HCLL_LE_Receiver_test))
<BR>[Address Reference Count : 1]<UL><LI> ll.o(.constdata)
</UL>
<P><STRONG><a name="[66]"></a>HCLL_LE_Remote_conn_param_req_neg_reply</STRONG> (Thumb, 4 bytes, Stack size 0 bytes, ll.o(i.HCLL_LE_Remote_conn_param_req_neg_reply))
<BR>[Address Reference Count : 1]<UL><LI> ll.o(.constdata)
</UL>
<P><STRONG><a name="[65]"></a>HCLL_LE_Remote_conn_param_req_reply</STRONG> (Thumb, 4 bytes, Stack size 0 bytes, ll.o(i.HCLL_LE_Remote_conn_param_req_reply))
<BR>[Address Reference Count : 1]<UL><LI> ll.o(.constdata)
</UL>
[...]
</UL>
<BR>[Called By]<UL><LI><a href="#[1f7]">&gt;&gt;</a>&nbsp;&nbsp;&nbsp;xQueueReceive
<LI><a href="#[211]">&gt;&gt;</a>&nbsp;&nbsp;&nbsp;xQueueGenericSend
<LI><a href="#[1ea]">&gt;&gt;</a>&nbsp;&nbsp;&nbsp;vPortFree
<LI><a href="#[202]">&gt;&gt;</a>&nbsp;&nbsp;&nbsp;pvPortMalloc
<LI><a href="#[1f8]">&gt;&gt;</a>&nbsp;&nbsp;&nbsp;prvProcessTimerOrBlockTask
</UL>

<P><STRONG><a name="[20e]"></a>xTimerCreateTimerTask</STRONG> (Thumb, 52 bytes, Stack size 16 bytes, timers.o(i.xTimerCreateTimerTask))
<BR><BR>[Stack]<UL><LI>Max Depth = 136<LI>Call Chain = xTimerCreateTimerTask &rArr; xTaskCreate &rArr; pvPortMalloc &rArr; xTaskResumeAll &rArr; xTaskIncrementTick
</UL>
<BR>[Calls]<UL><LI><a href="#[d8]">&gt;&gt;</a>&nbsp;&nbsp;&nbsp;xTaskCreate
<LI><a href="#[1e0]">&gt;&gt;</a>&nbsp;&nbsp;&nbsp;prvCheckForValidListAndQueue
</UL>
<BR>[Called By]<UL><LI><a href="#[1d6]">&gt;&gt;</a>&nbsp;&nbsp;&nbsp;vTaskStartScheduler
</UL>

<P><STRONG><a name="[1f4]"></a>xTimerGenericCommand</STRONG> (Thumb, 110 bytes, Stack size 40 bytes, timers.o(i.xTimerGenericCommand))
<BR><BR>[Stack]<UL><LI>Max Depth = 136<LI>Call Chain = xTimerGenericCommand &rArr; xQueueGenericSend &rArr; vTaskPlaceOnEventList &rArr; prvAddCurrentTaskToDelayedList &rArr; vListInsert
</UL>
<BR>[Calls]<UL><LI><a href="#[215]">&gt;&gt;</a>&nbsp;&nbsp;&nbsp;xQueueGenericSendFromISR
<LI><a href="#[211]">&gt;&gt;</a>&nbsp;&nbsp;&nbsp;xQueueGenericSend
<LI><a href="#[212]">&gt;&gt;</a>&nbsp;&nbsp;&nbsp;xTaskGetSchedulerState
</UL>
<BR>[Called By]<UL><LI><a href="#[1fd]">&gt;&gt;</a>&nbsp;&nbsp;&nbsp;prvSwitchTimerLists
<LI><a href="#[1f5]">&gt;&gt;</a>&nbsp;&nbsp;&nbsp;prvProcessReceivedCommands
<LI><a href="#[1f3]">&gt;&gt;</a>&nbsp;&nbsp;&nbsp;prvProcessExpiredTimer
</UL>
<P>
<H3>
Local Symbols
</H3>
<P><STRONG><a name="[1b5]"></a>SetSysClock</STRONG> (Thumb, 8 bytes, Stack size 8 bytes, system_mm32f032xx_s.o(i.SetSysClock))
<BR><BR>[Stack]<UL><LI>Max Depth = 100<LI>Call Chain = SetSysClock &rArr; SetSysClockTo48_HSI &rArr; AutoCalPllFactor &rArr; __aeabi_uidivmod
</UL>
<BR>[Calls]<UL><LI><a href="#[1b6]">&gt;&gt;</a>&nbsp;&nbsp;&nbsp;SetSysClockTo48_HSI
</UL>
<BR>[Called By]<UL><LI><a href="#[21]">&gt;&gt;</a>&nbsp;&nbsp;&nbsp;SystemInit
</UL>

<P><STRONG><a name="[1b6]"></a>SetSysClockTo48_HSI</STRONG> (Thumb, 348 bytes, Stack size 32 bytes, system_mm32f032xx_s.o(i.SetSysClockTo48_HSI))
<BR><BR>[Stack]<UL><LI>Max Depth = 92<LI>Call Chain = SetSysClockTo48_HSI &rArr; AutoCalPllFactor &rArr; __aeabi_uidivmod
</UL>
<BR>[Calls]<UL><LI><a href="#[da]">&gt;&gt;</a>&nbsp;&nbsp;&nbsp;AutoCalPllFactor
<LI><a href="#[cb]">&gt;&gt;</a>&nbsp;&nbsp;&nbsp;__aeabi_uidivmod
</UL>
<BR>[Called By]<UL><LI><a href="#[1b5]">&gt;&gt;</a>&nbsp;&nbsp;&nbsp;SetSysClock
</UL>

<P><STRONG><a name="[1d4]"></a>NVIC_SetPriority</STRONG> (Thumb, 110 bytes, Stack size 8 bytes, main.o(i.NVIC_SetPriority))
<BR><BR>[Stack]<UL><LI>Max Depth = 8<LI>Call Chain = NVIC_SetPriority
</UL>
<BR>[Called By]<UL><LI><a href="#[20]">&gt;&gt;</a>&nbsp;&nbsp;&nbsp;main
</UL>

<P><STRONG><a name="[24]"></a>BleEvent_Callback</STRONG> (Thumb, 224 bytes, Stack size 32 bytes, user.o(i.BleEvent_Callback))
<BR><BR>[Stack]<UL><LI>Max Depth = 116<LI>Call Chain = BleEvent_Callback &rArr; setBLE_Pairing_PassKey &rArr; smpPasskey_set &rArr; PassEC_BLE_CODE_SMP &rArr; GetMsgBlk_L2_wSize
</UL>
<BR>[Calls]<UL><LI><a href="#[ea]">&gt;&gt;</a>&nbsp;&nbsp;&nbsp;setBLE_Pairing_PassKey
<LI><a href="#[e9]">&gt;&gt;</a>&nbsp;&nbsp;&nbsp;__ARM_common_switch8
<LI><a href="#[d9]">&gt;&gt;</a>&nbsp;&nbsp;&nbsp;__2printf
</UL>
<BR>[Address Reference Count : 1]<UL><LI> user.o(i.BleApp_Init)
</UL>
<P><STRONG><a name="[1e6]"></a>prvCopyDataFromQueue</STRONG> (Thumb, 44 bytes, Stack size 16 bytes, queue.o(i.prvCopyDataFromQueue))
<BR><BR>[Stack]<UL><LI>Max Depth = 16<LI>Call Chain = prvCopyDataFromQueue
</UL>
<BR>[Calls]<UL><LI><a href="#[1e7]">&gt;&gt;</a>&nbsp;&nbsp;&nbsp;__aeabi_memcpy
</UL>
<BR>[Called By]<UL><LI><a href="#[1f7]">&gt;&gt;</a>&nbsp;&nbsp;&nbsp;xQueueReceive
</UL>

<P><STRONG><a name="[1e8]"></a>prvCopyDataToQueue</STRONG> (Thumb, 128 bytes, Stack size 24 bytes, queue.o(i.prvCopyDataToQueue))
<BR><BR>[Stack]<UL><LI>Max Depth = 40<LI>Call Chain = prvCopyDataToQueue &rArr; xTaskPriorityDisinherit
</UL>
<BR>[Calls]<UL><LI><a href="#[1e9]">&gt;&gt;</a>&nbsp;&nbsp;&nbsp;xTaskPriorityDisinherit
<LI><a href="#[1e7]">&gt;&gt;</a>&nbsp;&nbsp;&nbsp;__aeabi_memcpy
</UL>
<BR>[Called By]<UL><LI><a href="#[215]">&gt;&gt;</a>&nbsp;&nbsp;&nbsp;xQueueGenericSendFromISR
<LI><a href="#[211]">&gt;&gt;</a>&nbsp;&nbsp;&nbsp;xQueueGenericSend
</UL>

<P><STRONG><a name="[1eb]"></a>prvInitialiseNewQueue</STRONG> (Thumb, 44 bytes, Stack size 40 bytes, queue.o(i.prvInitialiseNewQueue))
<BR><BR>[Stack]<UL><LI>Max Depth = 72<LI>Call Chain = prvInitialiseNewQueue &rArr; xQueueGenericReset &rArr; xTaskRemoveFromEventList
</UL>
<BR>[Calls]<UL><LI><a href="#[1ec]">&gt;&gt;</a>&nbsp;&nbsp;&nbsp;xQueueGenericReset
</UL>
<BR>[Called By]<UL><LI><a href="#[1e2]">&gt;&gt;</a>&nbsp;&nbsp;&nbsp;xQueueGenericCreate
</UL>

<P><STRONG><a name="[1f1]"></a>prvIsQueueEmpty</STRONG> (Thumb, 28 bytes, Stack size 16 bytes, queue.o(i.prvIsQueueEmpty))
<BR><BR>[Stack]<UL><LI>Max Depth = 16<LI>Call Chain = prvIsQueueEmpty
</UL>
<BR>[Calls]<UL><LI><a href="#[1de]">&gt;&gt;</a>&nbsp;&nbsp;&nbsp;vPortExitCritical
<LI><a href="#[1dc]">&gt;&gt;</a>&nbsp;&nbsp;&nbsp;vPortEnterCritical
</UL>
<BR>[Called By]<UL><LI><a href="#[1f7]">&gt;&gt;</a>&nbsp;&nbsp;&nbsp;xQueueReceive
</UL>

<P><STRONG><a name="[1f2]"></a>prvIsQueueFull</STRONG> (Thumb, 30 bytes, Stack size 16 bytes, queue.o(i.prvIsQueueFull))
<BR><BR>[Stack]<UL><LI>Max Depth = 16<LI>Call Chain = prvIsQueueFull
</UL>
<BR>[Calls]<UL><LI><a href="#[1de]">&gt;&gt;</a>&nbsp;&nbsp;&nbsp;vPortExitCritical
<LI><a href="#[1dc]">&gt;&gt;</a>&nbsp;&nbsp;&nbsp;vPortEnterCritical
</UL>
<BR>[Called By]<UL><LI><a href="#[211]">&gt;&gt;</a>&nbsp;&nbsp;&nbsp;xQueueGenericSend
</UL>

<P><STRONG><a name="[1ff]"></a>prvUnlockQueue</STRONG> (Thumb, 142 bytes, Stack size 16 bytes, queue.o(i.prvUnlockQueue))
<BR><BR>[Stack]<UL><LI>Max Depth = 32<LI>Call Chain = prvUnlockQueue &rArr; xTaskRemoveFromEventList
</UL>
<BR>[Calls]<UL><LI><a href="#[200]">&gt;&gt;</a>&nbsp;&nbsp;&nbsp;xTaskRemoveFromEventList
<LI><a href="#[201]">&gt;&gt;</a>&nbsp;&nbsp;&nbsp;vTaskMissedYield
<LI><a href="#[1de]">&gt;&gt;</a>&nbsp;&nbsp;&nbsp;vPortExitCritical
<LI><a href="#[1dc]">&gt;&gt;</a>&nbsp;&nbsp;&nbsp;vPortEnterCritical
</UL>
<BR>[Called By]<UL><LI><a href="#[1f7]">&gt;&gt;</a>&nbsp;&nbsp;&nbsp;xQueueReceive
<LI><a href="#[211]">&gt;&gt;</a>&nbsp;&nbsp;&nbsp;xQueueGenericSend
<LI><a href="#[1fb]">&gt;&gt;</a>&nbsp;&nbsp;&nbsp;vQueueWaitForMessageRestricted
</UL>

<P><STRONG><a name="[1d7]"></a>prvAddCurrentTaskToDelayedList</STRONG> (Thumb, 100 bytes, Stack size 24 bytes, tasks.o(i.prvAddCurrentTaskToDelayedList))
<BR><BR>[Stack]<UL><LI>Max Depth = 32<LI>Call Chain = prvAddCurrentTaskToDelayedList &rArr; vListInsert
</UL>
<BR>[Calls]<UL><LI><a href="#[1d9]">&gt;&gt;</a>&nbsp;&nbsp;&nbsp;vListInsertEnd
<LI><a href="#[1da]">&gt;&gt;</a>&nbsp;&nbsp;&nbsp;vListInsert
<LI><a href="#[1d8]">&gt;&gt;</a>&nbsp;&nbsp;&nbsp;uxListRemove
</UL>
<BR>[Called By]<UL><LI><a href="#[20c]">&gt;&gt;</a>&nbsp;&nbsp;&nbsp;vTaskPlaceOnEventListRestricted
<LI><a href="#[20d]">&gt;&gt;</a>&nbsp;&nbsp;&nbsp;vTaskPlaceOnEventList
</UL>

<P><STRONG><a name="[1db]"></a>prvAddNewTaskToReadyList</STRONG> (Thumb, 146 bytes, Stack size 8 bytes, tasks.o(i.prvAddNewTaskToReadyList))
<BR><BR>[Stack]<UL><LI>Max Depth = 16<LI>Call Chain = prvAddNewTaskToReadyList &rArr; prvInitialiseTaskLists
</UL>
<BR>[Calls]<UL><LI><a href="#[1d9]">&gt;&gt;</a>&nbsp;&nbsp;&nbsp;vListInsertEnd
<LI><a href="#[1df]">&gt;&gt;</a>&nbsp;&nbsp;&nbsp;vPortYield
<LI><a href="#[1de]">&gt;&gt;</a>&nbsp;&nbsp;&nbsp;vPortExitCritical
<LI><a href="#[1dc]">&gt;&gt;</a>&nbsp;&nbsp;&nbsp;vPortEnterCritical
<LI><a href="#[1dd]">&gt;&gt;</a>&nbsp;&nbsp;&nbsp;prvInitialiseTaskLists
</UL>
<BR>[Called By]<UL><LI><a href="#[d8]">&gt;&gt;</a>&nbsp;&nbsp;&nbsp;xTaskCreate
</UL>

<P><STRONG><a name="[1e4]"></a>prvCheckTasksWaitingTermination</STRONG> (Thumb, 60 bytes, Stack size 8 bytes, tasks.o(i.prvCheckTasksWaitingTermination))
<BR><BR>[Stack]<UL><LI>Max Depth = 72<LI>Call Chain = prvCheckTasksWaitingTermination &rArr; prvDeleteTCB &rArr; vPortFree &rArr; xTaskResumeAll &rArr; xTaskIncrementTick
</UL>
<BR>[Calls]<UL><LI><a href="#[1d8]">&gt;&gt;</a>&nbsp;&nbsp;&nbsp;uxListRemove
<LI><a href="#[1de]">&gt;&gt;</a>&nbsp;&nbsp;&nbsp;vPortExitCritical
<LI><a href="#[1dc]">&gt;&gt;</a>&nbsp;&nbsp;&nbsp;vPortEnterCritical
<LI><a href="#[1e5]">&gt;&gt;</a>&nbsp;&nbsp;&nbsp;prvDeleteTCB
</UL>
<BR>[Called By]<UL><LI><a href="#[28]">&gt;&gt;</a>&nbsp;&nbsp;&nbsp;prvIdleTask
</UL>

<P><STRONG><a name="[1e5]"></a>prvDeleteTCB</STRONG> (Thumb, 18 bytes, Stack size 8 bytes, tasks.o(i.prvDeleteTCB))
<BR><BR>[Stack]<UL><LI>Max Depth = 64<LI>Call Chain = prvDeleteTCB &rArr; vPortFree &rArr; xTaskResumeAll &rArr; xTaskIncrementTick
</UL>
<BR>[Calls]<UL><LI><a href="#[1ea]">&gt;&gt;</a>&nbsp;&nbsp;&nbsp;vPortFree
</UL>
<BR>[Called By]<UL><LI><a href="#[1e4]">&gt;&gt;</a>&nbsp;&nbsp;&nbsp;prvCheckTasksWaitingTermination
</UL>

<P><STRONG><a name="[28]"></a>prvIdleTask</STRONG> (Thumb, 20 bytes, Stack size 0 bytes, tasks.o(i.prvIdleTask))
<BR><BR>[Stack]<UL><LI>Max Depth = 72<LI>Call Chain = prvIdleTask &rArr; prvCheckTasksWaitingTermination &rArr; prvDeleteTCB &rArr; vPortFree &rArr; xTaskResumeAll &rArr; xTaskIncrementTick
</UL>
<BR>[Calls]<UL><LI><a href="#[1df]">&gt;&gt;</a>&nbsp;&nbsp;&nbsp;vPortYield
<LI><a href="#[1e4]">&gt;&gt;</a>&nbsp;&nbsp;&nbsp;prvCheckTasksWaitingTermination
</UL>
<BR>[Address Reference Count : 1]<UL><LI> tasks.o(i.vTaskStartScheduler)
</UL>
<P><STRONG><a name="[1ed]"></a>prvInitialiseNewTask</STRONG> (Thumb, 186 bytes, Stack size 40 bytes, tasks.o(i.prvInitialiseNewTask))
<BR><BR>[Stack]<UL><LI>Max Depth = 40<LI>Call Chain = prvInitialiseNewTask
</UL>
<BR>[Calls]<UL><LI><a href="#[1ee]">&gt;&gt;</a>&nbsp;&nbsp;&nbsp;vListInitialiseItem
<LI><a href="#[1ef]">&gt;&gt;</a>&nbsp;&nbsp;&nbsp;pxPortInitialiseStack
<LI><a href="#[cd]">&gt;&gt;</a>&nbsp;&nbsp;&nbsp;__aeabi_memset
</UL>
<BR>[Called By]<UL><LI><a href="#[d8]">&gt;&gt;</a>&nbsp;&nbsp;&nbsp;xTaskCreate
</UL>

<P><STRONG><a name="[1dd]"></a>prvInitialiseTaskLists</STRONG> (Thumb, 68 bytes, Stack size 8 bytes, tasks.o(i.prvInitialiseTaskLists))
<BR><BR>[Stack]<UL><LI>Max Depth = 8<LI>Call Chain = prvInitialiseTaskLists
</UL>
<BR>[Calls]<UL><LI><a href="#[1e1]">&gt;&gt;</a>&nbsp;&nbsp;&nbsp;vListInitialise
</UL>
<BR>[Called By]<UL><LI><a href="#[1db]">&gt;&gt;</a>&nbsp;&nbsp;&nbsp;prvAddNewTaskToReadyList
</UL>

<P><STRONG><a name="[216]"></a>prvResetNextTaskUnblockTime</STRONG> (Thumb, 44 bytes, Stack size 0 bytes, tasks.o(i.prvResetNextTaskUnblockTime))
<BR><BR>[Called By]<UL><LI><a href="#[1fa]">&gt;&gt;</a>&nbsp;&nbsp;&nbsp;xTaskResumeAll
<LI><a href="#[1b8]">&gt;&gt;</a>&nbsp;&nbsp;&nbsp;xTaskIncrementTick
</UL>

<P><STRONG><a name="[1e0]"></a>prvCheckForValidListAndQueue</STRONG> (Thumb, 76 bytes, Stack size 8 bytes, timers.o(i.prvCheckForValidListAndQueue))
<BR><BR>[Stack]<UL><LI>Max Depth = 120<LI>Call Chain = prvCheckForValidListAndQueue &rArr; xQueueGenericCreate &rArr; prvInitialiseNewQueue &rArr; xQueueGenericReset &rArr; xTaskRemoveFromEventList
</UL>
<BR>[Calls]<UL><LI><a href="#[1e2]">&gt;&gt;</a>&nbsp;&nbsp;&nbsp;xQueueGenericCreate
<LI><a href="#[1e3]">&gt;&gt;</a>&nbsp;&nbsp;&nbsp;vQueueAddToRegistry
<LI><a href="#[1de]">&gt;&gt;</a>&nbsp;&nbsp;&nbsp;vPortExitCritical
<LI><a href="#[1dc]">&gt;&gt;</a>&nbsp;&nbsp;&nbsp;vPortEnterCritical
<LI><a href="#[1e1]">&gt;&gt;</a>&nbsp;&nbsp;&nbsp;vListInitialise
</UL>
<BR>[Called By]<UL><LI><a href="#[20e]">&gt;&gt;</a>&nbsp;&nbsp;&nbsp;xTimerCreateTimerTask
</UL>

<P><STRONG><a name="[1fe]"></a>prvGetNextExpireTime</STRONG> (Thumb, 40 bytes, Stack size 0 bytes, timers.o(i.prvGetNextExpireTime))
<BR><BR>[Called By]<UL><LI><a href="#[29]">&gt;&gt;</a>&nbsp;&nbsp;&nbsp;prvTimerTask
</UL>

<P><STRONG><a name="[1f0]"></a>prvInsertTimerInActiveList</STRONG> (Thumb, 76 bytes, Stack size 24 bytes, timers.o(i.prvInsertTimerInActiveList))
<BR><BR>[Stack]<UL><LI>Max Depth = 32<LI>Call Chain = prvInsertTimerInActiveList &rArr; vListInsert
</UL>
<BR>[Calls]<UL><LI><a href="#[1da]">&gt;&gt;</a>&nbsp;&nbsp;&nbsp;vListInsert
</UL>
<BR>[Called By]<UL><LI><a href="#[1f5]">&gt;&gt;</a>&nbsp;&nbsp;&nbsp;prvProcessReceivedCommands
<LI><a href="#[1f3]">&gt;&gt;</a>&nbsp;&nbsp;&nbsp;prvProcessExpiredTimer
</UL>

<P><STRONG><a name="[1f3]"></a>prvProcessExpiredTimer</STRONG> (Thumb, 100 bytes, Stack size 24 bytes, timers.o(i.prvProcessExpiredTimer))
<BR><BR>[Stack]<UL><LI>Max Depth = 160<LI>Call Chain = prvProcessExpiredTimer &rArr; xTimerGenericCommand &rArr; xQueueGenericSend &rArr; vTaskPlaceOnEventList &rArr; prvAddCurrentTaskToDelayedList &rArr; vListInsert
</UL>
<BR>[Calls]<UL><LI><a href="#[1d8]">&gt;&gt;</a>&nbsp;&nbsp;&nbsp;uxListRemove
<LI><a href="#[1f4]">&gt;&gt;</a>&nbsp;&nbsp;&nbsp;xTimerGenericCommand
<LI><a href="#[1f0]">&gt;&gt;</a>&nbsp;&nbsp;&nbsp;prvInsertTimerInActiveList
</UL>
<BR>[Called By]<UL><LI><a href="#[1f8]">&gt;&gt;</a>&nbsp;&nbsp;&nbsp;prvProcessTimerOrBlockTask
</UL>

<P><STRONG><a name="[1f5]"></a>prvProcessReceivedCommands</STRONG> (Thumb, 290 bytes, Stack size 40 bytes, timers.o(i.prvProcessReceivedCommands))
<BR><BR>[Stack]<UL><LI>Max Depth = 224<LI>Call Chain = prvProcessReceivedCommands &rArr; prvSampleTimeNow &rArr; prvSwitchTimerLists &rArr; xTimerGenericCommand &rArr; xQueueGenericSend &rArr; vTaskPlaceOnEventList &rArr; prvAddCurrentTaskToDelayedList &rArr; vListInsert
</UL>
<BR>[Calls]<UL><LI><a href="#[1f7]">&gt;&gt;</a>&nbsp;&nbsp;&nbsp;xQueueReceive
<LI><a href="#[1d8]">&gt;&gt;</a>&nbsp;&nbsp;&nbsp;uxListRemove
<LI><a href="#[1ea]">&gt;&gt;</a>&nbsp;&nbsp;&nbsp;vPortFree
<LI><a href="#[1f4]">&gt;&gt;</a>&nbsp;&nbsp;&nbsp;xTimerGenericCommand
<LI><a href="#[1f6]">&gt;&gt;</a>&nbsp;&nbsp;&nbsp;prvSampleTimeNow
<LI><a href="#[1f0]">&gt;&gt;</a>&nbsp;&nbsp;&nbsp;prvInsertTimerInActiveList
<LI><a href="#[e9]">&gt;&gt;</a>&nbsp;&nbsp;&nbsp;__ARM_common_switch8
</UL>
<BR>[Called By]<UL><LI><a href="#[29]">&gt;&gt;</a>&nbsp;&nbsp;&nbsp;prvTimerTask
</UL>

<P><STRONG><a name="[1f8]"></a>prvProcessTimerOrBlockTask</STRONG> (Thumb, 100 bytes, Stack size 24 bytes, timers.o(i.prvProcessTimerOrBlockTask))
<BR><BR>[Stack]<UL><LI>Max Depth = 208<LI>Call Chain = prvProcessTimerOrBlockTask &rArr; prvSampleTimeNow &rArr; prvSwitchTimerLists &rArr; xTimerGenericCommand &rArr; xQueueGenericSend &rArr; vTaskPlaceOnEventList &rArr; prvAddCurrentTaskToDelayedList &rArr; vListInsert
</UL>
<BR>[Calls]<UL><LI><a href="#[1fb]">&gt;&gt;</a>&nbsp;&nbsp;&nbsp;vQueueWaitForMessageRestricted
<LI><a href="#[1fa]">&gt;&gt;</a>&nbsp;&nbsp;&nbsp;xTaskResumeAll
<LI><a href="#[1f9]">&gt;&gt;</a>&nbsp;&nbsp;&nbsp;vTaskSuspendAll
<LI><a href="#[1df]">&gt;&gt;</a>&nbsp;&nbsp;&nbsp;vPortYield
<LI><a href="#[1f6]">&gt;&gt;</a>&nbsp;&nbsp;&nbsp;prvSampleTimeNow
<LI><a href="#[1f3]">&gt;&gt;</a>&nbsp;&nbsp;&nbsp;prvProcessExpiredTimer
</UL>
<BR>[Called By]<UL><LI><a href="#[29]">&gt;&gt;</a>&nbsp;&nbsp;&nbsp;prvTimerTask
</UL>

<P><STRONG><a name="[1f6]"></a>prvSampleTimeNow</STRONG> (Thumb, 40 bytes, Stack size 16 bytes, timers.o(i.prvSampleTimeNow))
<BR><BR>[Stack]<UL><LI>Max Depth = 184<LI>Call Chain = prvSampleTimeNow &rArr; prvSwitchTimerLists &rArr; xTimerGenericCommand &rArr; xQueueGenericSend &rArr; vTaskPlaceOnEventList &rArr; prvAddCurrentTaskToDelayedList &rArr; vListInsert
</UL>
<BR>[Calls]<UL><LI><a href="#[1fd]">&gt;&gt;</a>&nbsp;&nbsp;&nbsp;prvSwitchTimerLists
<LI><a href="#[1fc]">&gt;&gt;</a>&nbsp;&nbsp;&nbsp;xTaskGetTickCount
</UL>
<BR>[Called By]<UL><LI><a href="#[1f8]">&gt;&gt;</a>&nbsp;&nbsp;&nbsp;prvProcessTimerOrBlockTask
<LI><a href="#[1f5]">&gt;&gt;</a>&nbsp;&nbsp;&nbsp;prvProcessReceivedCommands
</UL>

<P><STRONG><a name="[1fd]"></a>prvSwitchTimerLists</STRONG> (Thumb, 140 bytes, Stack size 32 bytes, timers.o(i.prvSwitchTimerLists))
<BR><BR>[Stack]<UL><LI>Max Depth = 168<LI>Call Chain = prvSwitchTimerLists &rArr; xTimerGenericCommand &rArr; xQueueGenericSend &rArr; vTaskPlaceOnEventList &rArr; prvAddCurrentTaskToDelayedList &rArr; vListInsert
</UL>
<BR>[Calls]<UL><LI><a href="#[1da]">&gt;&gt;</a>&nbsp;&nbsp;&nbsp;vListInsert
<LI><a href="#[1d8]">&gt;&gt;</a>&nbsp;&nbsp;&nbsp;uxListRemove
<LI><a href="#[1f4]">&gt;&gt;</a>&nbsp;&nbsp;&nbsp;xTimerGenericCommand
</UL>
<BR>[Called By]<UL><LI><a href="#[1f6]">&gt;&gt;</a>&nbsp;&nbsp;&nbsp;prvSampleTimeNow
</UL>

<P><STRONG><a name="[29]"></a>prvTimerTask</STRONG> (Thumb, 26 bytes, Stack size 8 bytes, timers.o(i.prvTimerTask))
<BR><BR>[Stack]<UL><LI>Max Depth = 232<LI>Call Chain = prvTimerTask &rArr; prvProcessReceivedCommands &rArr; prvSampleTimeNow &rArr; prvSwitchTimerLists &rArr; xTimerGenericCommand &rArr; xQueueGenericSend &rArr; vTaskPlaceOnEventList &rArr; prvAddCurrentTaskToDelayedList &rArr; vListInsert
</UL>
<BR>[Calls]<UL><LI><a href="#[1f8]">&gt;&gt;</a>&nbsp;&nbsp;&nbsp;prvProcessTimerOrBlockTask
<LI><a href="#[1f5]">&gt;&gt;</a>&nbsp;&nbsp;&nbsp;prvProcessReceivedCommands
<LI><a href="#[1fe]">&gt;&gt;</a>&nbsp;&nbsp;&nbsp;prvGetNextExpireTime
</UL>
<BR>[Address Reference Count : 1]<UL><LI> timers.o(i.xTimerCreateTimerTask)
</UL>
<P><STRONG><a name="[203]"></a>prvHeapInit</STRONG> (Thumb, 98 bytes, Stack size 12 bytes, heap_4.o(i.prvHeapInit))
<BR><BR>[Stack]<UL><LI>Max Depth = 12<LI>Call Chain = prvHeapInit
</UL>
<BR>[Called By]<UL><LI><a href="#[202]">&gt;&gt;</a>&nbsp;&nbsp;&nbsp;pvPortMalloc
</UL>

<P><STRONG><a name="[204]"></a>prvInsertBlockIntoFreeList</STRONG> (Thumb, 96 bytes, Stack size 8 bytes, heap_4.o(i.prvInsertBlockIntoFreeList))
<BR><BR>[Stack]<UL><LI>Max Depth = 8<LI>Call Chain = prvInsertBlockIntoFreeList
</UL>
<BR>[Called By]<UL><LI><a href="#[1ea]">&gt;&gt;</a>&nbsp;&nbsp;&nbsp;vPortFree
<LI><a href="#[202]">&gt;&gt;</a>&nbsp;&nbsp;&nbsp;pvPortMalloc
</UL>

<P><STRONG><a name="[26]"></a>prvTaskExitError</STRONG> (Thumb, 32 bytes, Stack size 0 bytes, port.o(i.prvTaskExitError))
<BR>[Address Reference Count : 1]<UL><LI> port.o(i.pxPortInitialiseStack)
</UL>
<P><STRONG><a name="[27]"></a>MHC_Callback</STRONG> (Thumb, 536 bytes, Stack size 56 bytes, ble_event.o(i.MHC_Callback))
<BR><BR>[Stack]<UL><LI>Max Depth = 72<LI>Call Chain = MHC_Callback &rArr; setBLE_CmdTimer
</UL>
<BR>[Calls]<UL><LI><a href="#[102]">&gt;&gt;</a>&nbsp;&nbsp;&nbsp;clearBLE_CmdTimer
<LI><a href="#[17f]">&gt;&gt;</a>&nbsp;&nbsp;&nbsp;setBLE_CmdTimer
<LI><a href="#[17e]">&gt;&gt;</a>&nbsp;&nbsp;&nbsp;getBLE_CmdTimerEvent
<LI><a href="#[f5]">&gt;&gt;</a>&nbsp;&nbsp;&nbsp;Knl_MemCpy
<LI><a href="#[127]">&gt;&gt;</a>&nbsp;&nbsp;&nbsp;Knl_CodeCpy
</UL>
<BR>[Address Reference Count : 1]<UL><LI> ble_event.o(i.setBLE_RegisterBleEvent)
</UL>
<P><STRONG><a name="[1cc]"></a>_printf_core</STRONG> (Thumb, 1020 bytes, Stack size 104 bytes, printf8.o(i._printf_core), UNUSED)
<BR><BR>[Calls]<UL><LI><a href="#[cf]">&gt;&gt;</a>&nbsp;&nbsp;&nbsp;__aeabi_uldivmod
<LI><a href="#[1cd]">&gt;&gt;</a>&nbsp;&nbsp;&nbsp;_printf_pre_padding
<LI><a href="#[1ce]">&gt;&gt;</a>&nbsp;&nbsp;&nbsp;_printf_post_padding
</UL>
<BR>[Called By]<UL><LI><a href="#[1cb]">&gt;&gt;</a>&nbsp;&nbsp;&nbsp;__0printf$8
</UL>

<P><STRONG><a name="[1ce]"></a>_printf_post_padding</STRONG> (Thumb, 32 bytes, Stack size 24 bytes, printf8.o(i._printf_post_padding), UNUSED)
<BR><BR>[Called By]<UL><LI><a href="#[1cc]">&gt;&gt;</a>&nbsp;&nbsp;&nbsp;_printf_core
</UL>

<P><STRONG><a name="[1cd]"></a>_printf_pre_padding</STRONG> (Thumb, 44 bytes, Stack size 40 bytes, printf8.o(i._printf_pre_padding), UNUSED)
<BR><BR>[Called By]<UL><LI><a href="#[1cc]">&gt;&gt;</a>&nbsp;&nbsp;&nbsp;_printf_core
</UL>
<P>
<H3>
Undefined Global Symbols
</H3><HR></body></html>
