<html>
<body>
<pre>
<h1>µVision Build Log</h1>
<h2>Tool Versions:</h2>
IDE-Version: ¦ÌVision V5.31.0.0
Copyright (C) 2020 ARM Ltd and ARM Germany GmbH. All rights reserved.
License Information: CP CP, CP, LIC=LJWQD-8FB75-HR3XN-Y6X1N-BKKDN-G5BAZ
 
Tool Versions:
Toolchain:       MDK-ARM Professional  Version: 5.31.0.0
Toolchain Path:  C:\Keil_v5\ARM\ARMCC\Bin
C Compiler:      Armcc.exe V5.06 update 6 (build 750)
Assembler:       Armasm.exe V5.06 update 6 (build 750)
Linker/Locator:  ArmLink.exe V5.06 update 6 (build 750)
Library Manager: ArmAr.exe V5.06 update 6 (build 750)
Hex Converter:   FromElf.exe V5.06 update 6 (build 750)
CPU DLL:         SARMCM3.DLL V5.31.0.0
Dialog DLL:      DARMCM1.DLL V1.19.3.0
Target DLL:      MM32LINKCM3.dll V1.0.0.0
Dialog DLL:      TARMCM1.DLL V1.14.2.0
 
<h2>Project:</h2>
C:\Users\24716\Desktop\MM32F032xx_s_Code_V1.10_EN_FreeRTOS\MM32F032_FreeRTOS_rt\1_SampleCode_HAL\Rafael_BLE_Rev325_1020_release\ThroughtOut\MDK-ARM\SysTick_DelayMs.uvprojx
Project File Date:  10/27/2020

<h2>Output:</h2>
*** Using Compiler 'V5.06 update 6 (build 750)', folder: 'C:\Keil_v5\ARM\ARMCC\Bin'
Rebuild target 'MM32F032R8T6'
Note: source file '..\BSP\systick.c' - object file renamed from '.\Objects\systick.o' to '.\Objects\systick_1.o'.
Note: source file '..\BSP\uart.c' - object file renamed from '.\Objects\uart.o' to '.\Objects\uart_1.o'.
assembling startup_MM32F032xx_s_KEIL.s...
compiling system_MM32F032xx_s.c...
compiling HAL_bkp.c...
compiling HAL_crc.c...
compiling HAL_dbg.c...
compiling HAL_adc.c...
compiling systick.c...
compiling bsp_led.c...
compiling spi.c...
compiling user.c...
compiling uart.c...
compiling main.c...
..\APP\main.c(138): warning:  #167-D: argument of type "void (*)()" is incompatible with parameter of type "TaskFunction_t"
      xTaskCreate(rf_Stack_task, "Task1", TASK1_STACK_SIZE, NULL, TASK1_PRIORITY, NULL);
..\APP\main.c: 1 warning, 0 errors
compiling HAL_dma.c...
compiling HAL_exti.c...
compiling HAL_flash.c...
compiling HAL_i2c.c...
compiling HAL_gpio.c...
compiling HAL_misc.c...
compiling HAL_pwr.c...
compiling HAL_iwdg.c...
compiling HAL_spi.c...
compiling HAL_rtc.c...
compiling HAL_rcc.c...
compiling croutine.c...
compiling list.c...
compiling event_groups.c...
compiling HAL_uart.c...
compiling HAL_uid.c...
compiling stream_buffer.c...
compiling queue.c...
compiling HAL_tim.c...
compiling HAL_ver.c...
compiling HAL_wwdg.c...
compiling tasks.c...
compiling heap_4.c...
compiling timers.c...
compiling port.c...
compiling porting_flash.c...
compiling porting_misc.c...
compiling porting_LLtimer.c...
compiling porting_spi.c...
compiling profile_tab.c...
compiling bonding_storage.c...
linking...
Program Size: Code=46396 RO-data=3372 RW-data=1192 ZI-data=12960  
FromELF: creating hex file...
After Build - User command #1: fromelf --bin "C:\Users\24716\Desktop\MM32F032xx_s_Code_V1.10_EN_FreeRTOS\MM32F032_FreeRTOS_rt\1_SampleCode_HAL\Rafael_BLE_Rev325_1020_release\ThroughtOut\MDK-ARM\Objects\SysTick_DelayMs.axf" --output "C:\Users\24716\Desktop\MM32F032xx_s_Code_V1.10_EN_FreeRTOS\MM32F032_FreeRTOS_rt\1_SampleCode_HAL\Rafael_BLE_Rev325_1020_release\ThroughtOut\MDK-ARM\Objects\SysTick_DelayMs.bin"
".\Objects\SysTick_DelayMs.axf" - 0 Error(s), 1 Warning(s).

<h2>Software Packages used:</h2>

Package Vendor: MindMotion
                http://www.mindmotion.com.cn/Download/MDK_KEIL/MindMotion.MM32F032_DFP.1.0.1.pack
                MindMotion.MM32F032_DFP.1.0.1
                MindMotion MM32F032 Series Device Support, Drivers and Examples

<h2>Collection of Component include folders:</h2>

<h2>Collection of Component Files used:</h2>
Build Time Elapsed:  00:00:03
</pre>
</body>
</html>
